Component: ARM Compiler 5.06 update 1 (build 61) Tool: armlink [4d35a8]

==============================================================================

Section Cross References

    advertiser_beacon.o(i.app_beacon_init) refers to memmovea.o(.text) for __aeabi_memcpy
    advertiser_beacon.o(i.app_beacon_init) refers to advertiser_beacon.o(.bss) for .bss
    advertiser_beacon.o(i.app_beacon_start) refers to advertiser_beacon.o(i.encode_adv_packet) for encode_adv_packet
    advertiser_beacon.o(i.app_beacon_start) refers to advertiser_beacon.o(.bss) for .bss
    advertiser_beacon.o(i.app_beacon_stop) refers to advertiser_beacon.o(.bss) for .bss
    advertiser_beacon.o(i.encode_adv_packet) refers to memmovea.o(.text) for __aeabi_memcpy
    advertiser_beacon.o(i.encode_adv_packet) refers to advertiser_beacon.o(.bss) for .bss
    main.o(i.advertising_init) refers to memseta.o(.text) for __aeabi_memclr4
    main.o(i.advertising_init) refers to ble_advertising.o(i.ble_advertising_init) for ble_advertising_init
    main.o(i.advertising_init) refers to app_error.o(i.app_error_handler_bare) for app_error_handler_bare
    main.o(i.advertising_init) refers to main.o(.data) for .data
    main.o(i.advertising_init) refers to main.o(i.on_adv_evt) for on_adv_evt
    main.o(i.application_timers_start) refers to app_timer.o(i.app_timer_start) for app_timer_start
    main.o(i.application_timers_start) refers to app_error.o(i.app_error_handler_bare) for app_error_handler_bare
    main.o(i.application_timers_start) refers to main.o(.constdata) for .constdata
    main.o(i.assert_nrf_callback) refers to app_error.o(i.app_error_handler) for app_error_handler
    main.o(i.battery_level_meas_timeout_handler) refers to sensorsim.o(i.sensorsim_measure) for sensorsim_measure
    main.o(i.battery_level_meas_timeout_handler) refers to ble_bas.o(i.ble_bas_battery_level_update) for ble_bas_battery_level_update
    main.o(i.battery_level_meas_timeout_handler) refers to app_error.o(i.app_error_handler_bare) for app_error_handler_bare
    main.o(i.battery_level_meas_timeout_handler) refers to main.o(.bss) for .bss
    main.o(i.battery_level_meas_timeout_handler) refers to main.o(.data) for .data
    main.o(i.beacon_adv_init) refers to app_error.o(i.app_error_handler_bare) for app_error_handler_bare
    main.o(i.beacon_adv_init) refers to advertiser_beacon.o(i.app_beacon_init) for app_beacon_init
    main.o(i.beacon_adv_init) refers to main.o(.bss) for .bss
    main.o(i.beacon_adv_init) refers to main.o(.data) for .data
    main.o(i.beacon_adv_init) refers to main.o(i.beacon_advertiser_error_handler) for beacon_advertiser_error_handler
    main.o(i.beacon_advertiser_error_handler) refers to app_error.o(i.app_error_handler_bare) for app_error_handler_bare
    main.o(i.ble_evt_dispatch) refers to device_manager_peripheral.o(i.dm_ble_evt_handler) for dm_ble_evt_handler
    main.o(i.ble_evt_dispatch) refers to ble_hrs.o(i.ble_hrs_on_ble_evt) for ble_hrs_on_ble_evt
    main.o(i.ble_evt_dispatch) refers to ble_bas.o(i.ble_bas_on_ble_evt) for ble_bas_on_ble_evt
    main.o(i.ble_evt_dispatch) refers to ble_conn_params.o(i.ble_conn_params_on_ble_evt) for ble_conn_params_on_ble_evt
    main.o(i.ble_evt_dispatch) refers to bsp_btn_ble.o(i.bsp_btn_ble_on_ble_evt) for bsp_btn_ble_on_ble_evt
    main.o(i.ble_evt_dispatch) refers to bsp.o(i.bsp_indication_set) for bsp_indication_set
    main.o(i.ble_evt_dispatch) refers to app_error.o(i.app_error_handler_bare) for app_error_handler_bare
    main.o(i.ble_evt_dispatch) refers to advertiser_beacon.o(i.app_beacon_start) for app_beacon_start
    main.o(i.ble_evt_dispatch) refers to advertiser_beacon.o(i.app_beacon_stop) for app_beacon_stop
    main.o(i.ble_evt_dispatch) refers to main.o(i.advertising_init) for advertising_init
    main.o(i.ble_evt_dispatch) refers to ble_advertising.o(i.ble_advertising_start) for ble_advertising_start
    main.o(i.ble_evt_dispatch) refers to ble_advertising.o(i.ble_advertising_on_ble_evt) for ble_advertising_on_ble_evt
    main.o(i.ble_evt_dispatch) refers to main.o(.bss) for .bss
    main.o(i.ble_evt_dispatch) refers to main.o(.data) for .data
    main.o(i.ble_stack_init) refers to softdevice_handler.o(i.softdevice_handler_init) for softdevice_handler_init
    main.o(i.ble_stack_init) refers to app_error.o(i.app_error_handler_bare) for app_error_handler_bare
    main.o(i.ble_stack_init) refers to softdevice_handler.o(i.softdevice_enable_get_default_config) for softdevice_enable_get_default_config
    main.o(i.ble_stack_init) refers to softdevice_handler.o(i.sd_check_ram_start) for sd_check_ram_start
    main.o(i.ble_stack_init) refers to softdevice_handler.o(i.softdevice_enable) for softdevice_enable
    main.o(i.ble_stack_init) refers to softdevice_handler.o(i.softdevice_ble_evt_handler_set) for softdevice_ble_evt_handler_set
    main.o(i.ble_stack_init) refers to softdevice_handler.o(i.softdevice_sys_evt_handler_set) for softdevice_sys_evt_handler_set
[...]
    connection_instance_init                 0x0001d2a9   Thumb Code    30  device_manager_peripheral.o(i.connection_instance_init)
    i.data_page_erase_state_run              0x0001d2cc   Section        0  pstorage.o(i.data_page_erase_state_run)
    data_page_erase_state_run                0x0001d2cd   Thumb Code    80  pstorage.o(i.data_page_erase_state_run)
    i.data_to_swap_write_state_run           0x0001d320   Section        0  pstorage.o(i.data_to_swap_write_state_run)
    data_to_swap_write_state_run             0x0001d321   Thumb Code    34  pstorage.o(i.data_to_swap_write_state_run)
    i.detection_delay_timeout_handler        0x0001d348   Section        0  app_button.o(i.detection_delay_timeout_handler)
    detection_delay_timeout_handler          0x0001d349   Thumb Code    90  app_button.o(i.detection_delay_timeout_handler)
    i.device_context_store                   0x0001d3a8   Section        0  device_manager_peripheral.o(i.device_context_store)
    device_context_store                     0x0001d3a9   Thumb Code   152  device_manager_peripheral.o(i.device_context_store)
    i.device_instance_allocate               0x0001d458   Section        0  device_manager_peripheral.o(i.device_instance_allocate)
    device_instance_allocate                 0x0001d459   Thumb Code    74  device_manager_peripheral.o(i.device_instance_allocate)
    i.device_instance_find                   0x0001d4ac   Section        0  device_manager_peripheral.o(i.device_instance_find)
    device_instance_find                     0x0001d4ad   Thumb Code    68  device_manager_peripheral.o(i.device_instance_find)
    i.device_instance_free                   0x0001d4f4   Section        0  device_manager_peripheral.o(i.device_instance_free)
    device_instance_free                     0x0001d4f5   Thumb Code    40  device_manager_peripheral.o(i.device_instance_free)
    i.device_manager_evt_handler             0x0001d520   Section        0  main.o(i.device_manager_evt_handler)
    device_manager_evt_handler               0x0001d521   Thumb Code    14  main.o(i.device_manager_evt_handler)
    i.device_manager_init                    0x0001d530   Section        0  main.o(i.device_manager_init)
    device_manager_init                      0x0001d531   Thumb Code    96  main.o(i.device_manager_init)
    i.dm_ble_evt_handler                     0x0001d598   Section        0  device_manager_peripheral.o(i.dm_ble_evt_handler)
    i.dm_handle_initialize                   0x0001d960   Section        0  device_manager_peripheral.o(i.dm_handle_initialize)
    i.dm_init                                0x0001d97c   Section        0  device_manager_peripheral.o(i.dm_init)
    i.dm_pstorage_cb_handler                 0x0001da40   Section        0  device_manager_peripheral.o(i.dm_pstorage_cb_handler)
    dm_pstorage_cb_handler                   0x0001da41   Thumb Code   344  device_manager_peripheral.o(i.dm_pstorage_cb_handler)
    i.dm_register                            0x0001dba4   Section        0  device_manager_peripheral.o(i.dm_register)
    i.elapsed_ticks_acquire                  0x0001dc18   Section        0  app_timer.o(i.elapsed_ticks_acquire)
    elapsed_ticks_acquire                    0x0001dc19   Thumb Code    58  app_timer.o(i.elapsed_ticks_acquire)
    i.encode_adv_packet                      0x0001dc58   Section        0  advertiser_beacon.o(i.encode_adv_packet)
    encode_adv_packet                        0x0001dc59   Thumb Code    76  advertiser_beacon.o(i.encode_adv_packet)
    i.flash_api_err_code_process             0x0001dca8   Section        0  pstorage.o(i.flash_api_err_code_process)
    flash_api_err_code_process               0x0001dca9   Thumb Code    28  pstorage.o(i.flash_api_err_code_process)
    i.flash_operation_success_run            0x0001dcc8   Section        0  pstorage.o(i.flash_operation_success_run)
    flash_operation_success_run              0x0001dcc9   Thumb Code   114  pstorage.o(i.flash_operation_success_run)
    i.flash_page_erase                       0x0001dd48   Section        0  pstorage.o(i.flash_page_erase)
    flash_page_erase                         0x0001dd49   Thumb Code    10  pstorage.o(i.flash_page_erase)
    i.flash_write                            0x0001dd52   Section        0  pstorage.o(i.flash_write)
    flash_write                              0x0001dd53   Thumb Code    10  pstorage.o(i.flash_write)
    i.fs_queued_op_count_get                 0x0001dd5c   Section        0  fstorage.o(i.fs_queued_op_count_get)
    i.gap_params_init                        0x0001dd74   Section        0  main.o(i.gap_params_init)
    gap_params_init                          0x0001dd75   Thumb Code    72  main.o(i.gap_params_init)
    i.gattc_context_apply                    0x0001ddd0   Section        0  device_manager_peripheral.o(i.gattc_context_apply)
    gattc_context_apply                      0x0001ddd1   Thumb Code     4  device_manager_peripheral.o(i.gattc_context_apply)
    i.gattc_context_load                     0x0001ddd4   Section        0  device_manager_peripheral.o(i.gattc_context_load)
    gattc_context_load                       0x0001ddd5   Thumb Code     4  device_manager_peripheral.o(i.gattc_context_load)
    i.gattc_context_store                    0x0001ddd8   Section        0  device_manager_peripheral.o(i.gattc_context_store)
    gattc_context_store                      0x0001ddd9   Thumb Code     4  device_manager_peripheral.o(i.gattc_context_store)
    i.gatts_context_apply                    0x0001dddc   Section        0  device_manager_peripheral.o(i.gatts_context_apply)
    gatts_context_apply                      0x0001dddd   Thumb Code   160  device_manager_peripheral.o(i.gatts_context_apply)
    i.gatts_context_load                     0x0001de8c   Section        0  device_manager_peripheral.o(i.gatts_context_load)
    gatts_context_load                       0x0001de8d   Thumb Code    44  device_manager_peripheral.o(i.gatts_context_load)
    i.gatts_context_store                    0x0001debc   Section        0  device_manager_peripheral.o(i.gatts_context_store)
    gatts_context_store                      0x0001debd   Thumb Code   158  device_manager_peripheral.o(i.gatts_context_store)
    i.gattsc_context_apply                   0x0001df68   Section        0  device_manager_peripheral.o(i.gattsc_context_apply)
    gattsc_context_apply                     0x0001df69   Thumb Code     8  device_manager_peripheral.o(i.gattsc_context_apply)
    i.gattsc_context_load                    0x0001df70   Section        0  device_manager_peripheral.o(i.gattsc_context_load)
    gattsc_context_load                      0x0001df71   Thumb Code     8  device_manager_peripheral.o(i.gattsc_context_load)
    i.gattsc_context_store                   0x0001df78   Section        0  device_manager_peripheral.o(i.gattsc_context_store)
    gattsc_context_store                     0x0001df79   Thumb Code     8  device_manager_peripheral.o(i.gattsc_context_store)
    i.gpiote_event_handler                   0x0001df80   Section        0  app_button.o(i.gpiote_event_handler)
    gpiote_event_handler                     0x0001df81   Thumb Code    72  app_button.o(i.gpiote_event_handler)
    i.head_restore_state_run                 0x0001dfd0   Section        0  pstorage.o(i.head_restore_state_run)
    head_restore_state_run                   0x0001dfd1   Thumb Code   110  pstorage.o(i.head_restore_state_run)
    i.heart_rate_meas_timeout_handler        0x0001e048   Section        0  main.o(i.heart_rate_meas_timeout_handler)
    heart_rate_meas_timeout_handler          0x0001e049   Thumb Code    76  main.o(i.heart_rate_meas_timeout_handler)
    i.heart_rate_measurement_char_add        0x0001e0a4   Section        0  ble_hrs.o(i.heart_rate_measurement_char_add)
    heart_rate_measurement_char_add          0x0001e0a5   Thumb Code   172  ble_hrs.o(i.heart_rate_measurement_char_add)
    i.hrm_encode                             0x0001e154   Section        0  ble_hrs.o(i.hrm_encode)
    hrm_encode                               0x0001e155   Thumb Code   136  ble_hrs.o(i.hrm_encode)
    i.intern_softdevice_events_execute       0x0001e1dc   Section        0  softdevice_handler.o(i.intern_softdevice_events_execute)
    i.is_conn_params_ok                      0x0001e254   Section        0  ble_conn_params.o(i.is_conn_params_ok)
    is_conn_params_ok                        0x0001e255   Thumb Code    24  ble_conn_params.o(i.is_conn_params_ok)
    i.is_manual_peripheral_setup_needed      0x0001e270   Section        0  system_nrf51.o(i.is_manual_peripheral_setup_needed)
    is_manual_peripheral_setup_needed        0x0001e271   Thumb Code    66  system_nrf51.o(i.is_manual_peripheral_setup_needed)
    i.is_page_erase_required                 0x0001e2b8   Section        0  pstorage.o(i.is_page_erase_required)
    is_page_erase_required                   0x0001e2b9   Thumb Code    60  pstorage.o(i.is_page_erase_required)
    i.is_word_aligned                        0x0001e2fc   Section        0  pstorage.o(i.is_word_aligned)
    is_word_aligned                          0x0001e2fd   Thumb Code    12  pstorage.o(i.is_word_aligned)
    i.le_role_encode                         0x0001e308   Section        0  ble_advdata.o(i.le_role_encode)
    le_role_encode                           0x0001e309   Thumb Code    84  ble_advdata.o(i.le_role_encode)
    i.leds_timer_handler                     0x0001e35c   Section        0  bsp.o(i.leds_timer_handler)
    leds_timer_handler                       0x0001e35d   Thumb Code    18  bsp.o(i.leds_timer_handler)
    i.list_deletions_handler                 0x0001e374   Section        0  app_timer.o(i.list_deletions_handler)
    list_deletions_handler                   0x0001e375   Thumb Code   180  app_timer.o(i.list_deletions_handler)
    i.list_insertions_handler                0x0001e430   Section        0  app_timer.o(i.list_insertions_handler)
    list_insertions_handler                  0x0001e431   Thumb Code   202  app_timer.o(i.list_insertions_handler)
    i.main                                   0x0001e504   Section        0  main.o(i.main)
    i.main_state_err_busy_process            0x0001e5c8   Section        0  pstorage.o(i.main_state_err_busy_process)
    main_state_err_busy_process              0x0001e5c9   Thumb Code    20  pstorage.o(i.main_state_err_busy_process)
    i.manuf_specific_data_encode             0x0001e5e0   Section        0  ble_advdata.o(i.manuf_specific_data_encode)
    manuf_specific_data_encode               0x0001e5e1   Thumb Code   104  ble_advdata.o(i.manuf_specific_data_encode)
    i.name_encode                            0x0001e648   Section        0  ble_advdata.o(i.name_encode)
    name_encode                              0x0001e649   Thumb Code   158  ble_advdata.o(i.name_encode)
    i.no_service_context_apply               0x0001e6e6   Section        0  device_manager_peripheral.o(i.no_service_context_apply)
    no_service_context_apply                 0x0001e6e7   Thumb Code     4  device_manager_peripheral.o(i.no_service_context_apply)
    i.no_service_context_load                0x0001e6ea   Section        0  device_manager_peripheral.o(i.no_service_context_load)
    no_service_context_load                  0x0001e6eb   Thumb Code     4  device_manager_peripheral.o(i.no_service_context_load)
    i.no_service_context_store               0x0001e6ee   Section        0  device_manager_peripheral.o(i.no_service_context_store)
    no_service_context_store                 0x0001e6ef   Thumb Code     4  device_manager_peripheral.o(i.no_service_context_store)
    i.nrf_drv_common_irq_enable              0x0001e6f4   Section        0  nrf_drv_common.o(i.nrf_drv_common_irq_enable)
    i.nrf_drv_gpiote_in_event_enable         0x0001e754   Section        0  nrf_drv_gpiote.o(i.nrf_drv_gpiote_in_event_enable)
    i.nrf_drv_gpiote_in_init                 0x0001e7f4   Section        0  nrf_drv_gpiote.o(i.nrf_drv_gpiote_in_init)
    i.nrf_drv_gpiote_in_is_set               0x0001e898   Section        0  nrf_drv_gpiote.o(i.nrf_drv_gpiote_in_is_set)
    i.nrf_drv_gpiote_init                    0x0001e8ac   Section        0  nrf_drv_gpiote.o(i.nrf_drv_gpiote_init)
    i.nrf_drv_gpiote_is_init                 0x0001e900   Section        0  nrf_drv_gpiote.o(i.nrf_drv_gpiote_is_init)
    i.nrf_gpio_cfg                           0x0001e910   Section        0  nrf_drv_gpiote.o(i.nrf_gpio_cfg)
    nrf_gpio_cfg                             0x0001e911   Thumb Code    32  nrf_drv_gpiote.o(i.nrf_gpio_cfg)
    i.nrf_gpio_cfg_sense_set                 0x0001e934   Section        0  nrf_drv_gpiote.o(i.nrf_gpio_cfg_sense_set)
    nrf_gpio_cfg_sense_set                   0x0001e935   Thumb Code    26  nrf_drv_gpiote.o(i.nrf_gpio_cfg_sense_set)
    i.nrf_gpiote_event_is_set                0x0001e954   Section        0  nrf_drv_gpiote.o(i.nrf_gpiote_event_is_set)
    nrf_gpiote_event_is_set                  0x0001e955   Thumb Code    14  nrf_drv_gpiote.o(i.nrf_gpiote_event_is_set)
    i.nrf_uart_event_check                   0x0001e968   Section        0  nrf_drv_uart.o(i.nrf_uart_event_check)
    nrf_uart_event_check                     0x0001e969   Thumb Code    10  nrf_drv_uart.o(i.nrf_uart_event_check)
    i.nrf_uart_int_enable_check              0x0001e972   Section        0  nrf_drv_uart.o(i.nrf_uart_int_enable_check)
    nrf_uart_int_enable_check                0x0001e973   Thumb Code    16  nrf_drv_uart.o(i.nrf_uart_int_enable_check)
    i.on_adv_evt                             0x0001e982   Section        0  main.o(i.on_adv_evt)
    on_adv_evt                               0x0001e983   Thumb Code    32  main.o(i.on_adv_evt)
    i.on_conn_params_evt                     0x0001e9a4   Section        0  main.o(i.on_conn_params_evt)
    on_conn_params_evt                       0x0001e9a5   Thumb Code    26  main.o(i.on_conn_params_evt)
    i.peer_address_exists                    0x0001e9c4   Section        0  ble_advertising.o(i.peer_address_exists)
    peer_address_exists                      0x0001e9c5   Thumb Code    22  ble_advertising.o(i.peer_address_exists)
    i.peer_instance_init                     0x0001e9dc   Section        0  device_manager_peripheral.o(i.peer_instance_init)
    peer_instance_init                       0x0001e9dd   Thumb Code    50  device_manager_peripheral.o(i.peer_instance_init)
    i.pin_in_use_by_port                     0x0001ea14   Section        0  nrf_drv_gpiote.o(i.pin_in_use_by_port)
    pin_in_use_by_port                       0x0001ea15   Thumb Code    20  nrf_drv_gpiote.o(i.pin_in_use_by_port)
    i.pin_in_use_by_te                       0x0001ea2c   Section        0  nrf_drv_gpiote.o(i.pin_in_use_by_te)
    pin_in_use_by_te                         0x0001ea2d   Thumb Code    20  nrf_drv_gpiote.o(i.pin_in_use_by_te)
    i.pnp_id_encode                          0x0001ea44   Section        0  ble_dis.o(i.pnp_id_encode)
    pnp_id_encode                            0x0001ea45   Thumb Code    54  ble_dis.o(i.pnp_id_encode)
    i.pstorage_access_status_get             0x0001ea7c   Section        0  pstorage.o(i.pstorage_access_status_get)
    i.pstorage_block_identifier_get          0x0001eaa4   Section        0  pstorage.o(i.pstorage_block_identifier_get)
    i.pstorage_clear                         0x0001eaf8   Section        0  pstorage.o(i.pstorage_clear)
    i.pstorage_flash_page_end                0x0001eb9c   Section        0  pstorage.o(i.pstorage_flash_page_end)
    pstorage_flash_page_end                  0x0001eb9d   Thumb Code    32  pstorage.o(i.pstorage_flash_page_end)
    i.pstorage_flash_page_size               0x0001ebc0   Section        0  pstorage.o(i.pstorage_flash_page_size)
    pstorage_flash_page_size                 0x0001ebc1   Thumb Code    10  pstorage.o(i.pstorage_flash_page_size)
    i.pstorage_init                          0x0001ebcc   Section        0  pstorage.o(i.pstorage_init)
    i.pstorage_load                          0x0001ec18   Section        0  pstorage.o(i.pstorage_load)
    i.pstorage_register                      0x0001ecc0   Section        0  pstorage.o(i.pstorage_register)
    i.pstorage_store                         0x0001ed7c   Section        0  pstorage.o(i.pstorage_store)
    i.pstorage_sys_event_handler             0x0001ee0c   Section        0  pstorage.o(i.pstorage_sys_event_handler)
    i.pstorage_update                        0x0001ee58   Section        0  pstorage.o(i.pstorage_update)
    i.rr_interval_timeout_handler            0x0001eee8   Section        0  main.o(i.rr_interval_timeout_handler)
    rr_interval_timeout_handler              0x0001eee9   Thumb Code    32  main.o(i.rr_interval_timeout_handler)
    i.rtc1_stop                              0x0001ef10   Section        0  app_timer.o(i.rtc1_stop)
    rtc1_stop                                0x0001ef11   Thumb Code    50  app_timer.o(i.rtc1_stop)
    i.rx_byte                                0x0001ef54   Section        0  nrf_drv_uart.o(i.rx_byte)
    rx_byte                                  0x0001ef55   Thumb Code    42  nrf_drv_uart.o(i.rx_byte)
    i.rx_done_event                          0x0001ef8c   Section        0  nrf_drv_uart.o(i.rx_done_event)
    rx_done_event                            0x0001ef8d   Thumb Code    22  nrf_drv_uart.o(i.rx_done_event)
    i.sd_check_ram_start                     0x0001efa8   Section        0  softdevice_handler.o(i.sd_check_ram_start)
    i.sd_nvic_EnableIRQ                      0x0001efb8   Section        0  softdevice_handler.o(i.sd_nvic_EnableIRQ)
    sd_nvic_EnableIRQ                        0x0001efb9   Thumb Code   116  softdevice_handler.o(i.sd_nvic_EnableIRQ)
    i.sensor_contact_detected_timeout_handler 0x0001f044   Section        0  main.o(i.sensor_contact_detected_timeout_handler)
    sensor_contact_detected_timeout_handler  0x0001f045   Thumb Code    20  main.o(i.sensor_contact_detected_timeout_handler)
    i.sensor_simulator_init                  0x0001f060   Section        0  main.o(i.sensor_simulator_init)
    sensor_simulator_init                    0x0001f061   Thumb Code    84  main.o(i.sensor_simulator_init)
    i.sensorsim_decrement                    0x0001f0bc   Section        0  sensorsim.o(i.sensorsim_decrement)
    i.sensorsim_increment                    0x0001f0d8   Section        0  sensorsim.o(i.sensorsim_increment)
    i.sensorsim_init                         0x0001f0f4   Section        0  sensorsim.o(i.sensorsim_init)
    i.sensorsim_measure                      0x0001f10c   Section        0  sensorsim.o(i.sensorsim_measure)
    i.service_data_encode                    0x0001f126   Section        0  ble_advdata.o(i.service_data_encode)
    service_data_encode                      0x0001f127   Thumb Code   142  ble_advdata.o(i.service_data_encode)
    i.services_init                          0x0001f1b4   Section        0  main.o(i.services_init)
    services_init                            0x0001f1b5   Thumb Code   214  main.o(i.services_init)
    i.sleep_mode_enter                       0x0001f2a4   Section        0  main.o(i.sleep_mode_enter)
    sleep_mode_enter                         0x0001f2a5   Thumb Code    40  main.o(i.sleep_mode_enter)
    i.sm_state_change                        0x0001f2cc   Section        0  pstorage.o(i.sm_state_change)
    sm_state_change                          0x0001f2cd   Thumb Code    62  pstorage.o(i.sm_state_change)
    i.softdevice_ble_evt_handler_set         0x0001f314   Section        0  softdevice_handler.o(i.softdevice_ble_evt_handler_set)
    i.softdevice_enable                      0x0001f328   Section        0  softdevice_handler.o(i.softdevice_enable)
    i.softdevice_enable_get_default_config   0x0001f33c   Section        0  softdevice_handler.o(i.softdevice_enable_get_default_config)
    i.softdevice_fault_handler               0x0001f364   Section        0  softdevice_handler.o(i.softdevice_fault_handler)
    i.softdevice_handler_init                0x0001f36c   Section        0  softdevice_handler.o(i.softdevice_handler_init)
    i.softdevice_sys_evt_handler_set         0x0001f3a0   Section        0  softdevice_handler.o(i.softdevice_sys_evt_handler_set)
    i.state_data_erase_swap_entry_run        0x0001f3b4   Section        0  pstorage.o(i.state_data_erase_swap_entry_run)
    state_data_erase_swap_entry_run          0x0001f3b5   Thumb Code    92  pstorage.o(i.state_data_erase_swap_entry_run)
    i.state_erase_data_page_entry_run        0x0001f418   Section        0  pstorage.o(i.state_erase_data_page_entry_run)
    state_erase_data_page_entry_run          0x0001f419   Thumb Code    12  pstorage.o(i.state_erase_data_page_entry_run)
    i.state_restore_head_entry_run           0x0001f428   Section        0  pstorage.o(i.state_restore_head_entry_run)
    state_restore_head_entry_run             0x0001f429   Thumb Code    36  pstorage.o(i.state_restore_head_entry_run)
    i.state_restore_tail_entry_run           0x0001f450   Section        0  pstorage.o(i.state_restore_tail_entry_run)
    state_restore_tail_entry_run             0x0001f451   Thumb Code    66  pstorage.o(i.state_restore_tail_entry_run)
    i.state_swap_erase_entry_run             0x0001f49c   Section        0  pstorage.o(i.state_swap_erase_entry_run)
    state_swap_erase_entry_run               0x0001f49d   Thumb Code    32  pstorage.o(i.state_swap_erase_entry_run)
    i.state_write_data_swap_entry_run        0x0001f4bc   Section        0  pstorage.o(i.state_write_data_swap_entry_run)
    state_write_data_swap_entry_run          0x0001f4bd   Thumb Code    42  pstorage.o(i.state_write_data_swap_entry_run)
    i.storage_operation_dummy_handler        0x0001f4ec   Section        0  device_manager_peripheral.o(i.storage_operation_dummy_handler)
    storage_operation_dummy_handler          0x0001f4ed   Thumb Code     4  device_manager_peripheral.o(i.storage_operation_dummy_handler)
    i.store_cmd_flash_write_execute          0x0001f4f0   Section        0  pstorage.o(i.store_cmd_flash_write_execute)
    store_cmd_flash_write_execute            0x0001f4f1   Thumb Code    82  pstorage.o(i.store_cmd_flash_write_execute)
    i.swap_erase_state_run                   0x0001f54c   Section        0  pstorage.o(i.swap_erase_state_run)
    swap_erase_state_run                     0x0001f54d   Thumb Code    24  pstorage.o(i.swap_erase_state_run)
    i.swap_sub_state_err_busy_process        0x0001f568   Section        0  pstorage.o(i.swap_sub_state_err_busy_process)
    swap_sub_state_err_busy_process          0x0001f569   Thumb Code    20  pstorage.o(i.swap_sub_state_err_busy_process)
    i.swap_sub_state_state_change            0x0001f580   Section        0  pstorage.o(i.swap_sub_state_state_change)
    swap_sub_state_state_change              0x0001f581   Thumb Code    12  pstorage.o(i.swap_sub_state_state_change)
    i.sys_evt_dispatch                       0x0001f594   Section        0  main.o(i.sys_evt_dispatch)
    sys_evt_dispatch                         0x0001f595   Thumb Code    22  main.o(i.sys_evt_dispatch)
    i.sys_id_encode                          0x0001f5aa   Section        0  ble_dis.o(i.sys_id_encode)
    sys_id_encode                            0x0001f5ab   Thumb Code    78  ble_dis.o(i.sys_id_encode)
    i.tail_restore_state_run                 0x0001f5f8   Section        0  pstorage.o(i.tail_restore_state_run)
    tail_restore_state_run                   0x0001f5f9   Thumb Code    22  pstorage.o(i.tail_restore_state_run)
    i.timer_list_handler                     0x0001f614   Section        0  app_timer.o(i.timer_list_handler)
    timer_list_handler                       0x0001f615   Thumb Code   128  app_timer.o(i.timer_list_handler)
    i.timer_list_handler_sched               0x0001f698   Section        0  app_timer.o(i.timer_list_handler_sched)
    timer_list_handler_sched                 0x0001f699   Thumb Code    10  app_timer.o(i.timer_list_handler_sched)
    i.timer_list_insert                      0x0001f6a8   Section        0  app_timer.o(i.timer_list_insert)
    timer_list_insert                        0x0001f6a9   Thumb Code    60  app_timer.o(i.timer_list_insert)
    i.timer_timeouts_check                   0x0001f6e8   Section        0  app_timer.o(i.timer_timeouts_check)
    timer_timeouts_check                     0x0001f6e9   Thumb Code   118  app_timer.o(i.timer_timeouts_check)
    i.timers_init                            0x0001f768   Section        0  main.o(i.timers_init)
    timers_init                              0x0001f769   Thumb Code   102  main.o(i.timers_init)
    i.tx_byte                                0x0001f7e8   Section        0  nrf_drv_uart.o(i.tx_byte)
    tx_byte                                  0x0001f7e9   Thumb Code    30  nrf_drv_uart.o(i.tx_byte)
    i.tx_done_event                          0x0001f814   Section        0  nrf_drv_uart.o(i.tx_done_event)
    tx_done_event                            0x0001f815   Thumb Code    26  nrf_drv_uart.o(i.tx_done_event)
    i.uart_irq_handler                       0x0001f834   Section        0  nrf_drv_uart.o(i.uart_irq_handler)
    uart_irq_handler                         0x0001f835   Thumb Code   278  nrf_drv_uart.o(i.uart_irq_handler)
    i.uint16_encode                          0x0001f95c   Section        0  ble_advdata.o(i.uint16_encode)
    uint16_encode                            0x0001f95d   Thumb Code    10  ble_advdata.o(i.uint16_encode)
    i.update_status_bit_reset                0x0001f968   Section        0  device_manager_peripheral.o(i.update_status_bit_reset)
    update_status_bit_reset                  0x0001f969   Thumb Code    14  device_manager_peripheral.o(i.update_status_bit_reset)
    i.update_timeout_handler                 0x0001f97c   Section        0  ble_conn_params.o(i.update_timeout_handler)
    update_timeout_handler                   0x0001f97d   Thumb Code    86  ble_conn_params.o(i.update_timeout_handler)
    i.user_id_get                            0x0001f9e0   Section        0  app_timer.o(i.user_id_get)
    user_id_get                              0x0001f9e1   Thumb Code    76  app_timer.o(i.user_id_get)
    i.user_op_alloc                          0x0001fa34   Section        0  app_timer.o(i.user_op_alloc)
    user_op_alloc                            0x0001fa35   Thumb Code    38  app_timer.o(i.user_op_alloc)
    i.uuid_list_encode                       0x0001fa5a   Section        0  ble_advdata.o(i.uuid_list_encode)
    uuid_list_encode                         0x0001fa5b   Thumb Code    48  ble_advdata.o(i.uuid_list_encode)
    i.uuid_list_sized_encode                 0x0001fa8a   Section        0  ble_advdata.o(i.uuid_list_sized_encode)
    uuid_list_sized_encode                   0x0001fa8b   Thumb Code   174  ble_advdata.o(i.uuid_list_sized_encode)
    i.whitelist_has_entries                  0x0001fb38   Section        0  ble_advertising.o(i.whitelist_has_entries)
    whitelist_has_entries                    0x0001fb39   Thumb Code    16  ble_advertising.o(i.whitelist_has_entries)
    .constdata                               0x0001fb48   Section       20  main.o(.constdata)
    m_battery_timer_id                       0x0001fb48   Data           4  main.o(.constdata)
    m_heart_rate_timer_id                    0x0001fb4c   Data           4  main.o(.constdata)
    m_rr_interval_timer_id                   0x0001fb50   Data           4  main.o(.constdata)
    m_sensor_contact_timer_id                0x0001fb54   Data           4  main.o(.constdata)
    .constdata                               0x0001fb5c   Section       60  bsp.o(.constdata)
    m_leds_timer_id                          0x0001fb5c   Data           4  bsp.o(.constdata)
    m_alert_timer_id                         0x0001fb60   Data           4  bsp.o(.constdata)
    m_button_timer_id                        0x0001fb64   Data           4  bsp.o(.constdata)
    m_buttons_list                           0x0001fb68   Data          16  bsp.o(.constdata)
    app_buttons                              0x0001fb78   Data          32  bsp.o(.constdata)
    .constdata                               0x0001fb98   Section        4  ble_conn_params.o(.constdata)
    m_conn_params_timer_id                   0x0001fb98   Data           4  ble_conn_params.o(.constdata)
    .constdata                               0x0001fb9c   Section       48  device_manager_peripheral.o(.constdata)
    .constdata                               0x0001fbcc   Section       40  pstorage.o(.constdata)
    swap_sub_state_sm_lut                    0x0001fbcc   Data          20  pstorage.o(.constdata)
    swap_sub_state_sm_lut                    0x0001fbe0   Data          20  pstorage.o(.constdata)
    .constdata                               0x0001fbf4   Section        8  app_button.o(.constdata)
    m_detection_delay_timer_id               0x0001fbf4   Data           4  app_button.o(.constdata)
    .data                                    0x20002080   Section       64  main.o(.data)
    m_rr_interval_enabled                    0x20002080   Data           1  main.o(.data)
    sensor_contact_detected                  0x20002081   Data           1  main.o(.data)
    m_app_handle                             0x20002082   Data           1  main.o(.data)
    m_conn_handle                            0x20002084   Data           2  main.o(.data)
    cnt                                      0x20002088   Data           4  main.o(.data)
    m_battery_sim_state                      0x2000208c   Data           8  main.o(.data)
    m_heart_rate_sim_state                   0x20002094   Data           8  main.o(.data)
    m_rr_interval_sim_state                  0x2000209c   Data           8  main.o(.data)
    m_adv_uuids                              0x200020a4   Data          12  main.o(.data)
    beacon_uuid                              0x200020b0   Data          16  main.o(.data)
    .data                                    0x200020c0   Section       24  bsp.o(.data)
    m_stable_state                           0x200020c0   Data           1  bsp.o(.data)
    current_long_push_pin_no                 0x200020c1   Data           1  bsp.o(.data)
    m_app_ticks_per_100ms                    0x200020c4   Data           4  bsp.o(.data)
    m_indication_type                        0x200020c8   Data           4  bsp.o(.data)
    m_alert_mask                             0x200020cc   Data           4  bsp.o(.data)
    m_registered_callback                    0x200020d0   Data           4  bsp.o(.data)
    release_event_at_push                    0x200020d4   Data           4  bsp.o(.data)
    .data                                    0x200020d8   Section        8  bsp_btn_ble.o(.data)
    m_error_handler                          0x200020d8   Data           4  bsp_btn_ble.o(.data)
    m_num_connections                        0x200020dc   Data           4  bsp_btn_ble.o(.data)
    .data                                    0x200020e0   Section       31  ble_advertising.o(.data)
    m_advertising_start_pending              0x200020e0   Data           1  ble_advertising.o(.data)
    m_whitelist_temporarily_disabled         0x200020e1   Data           1  ble_advertising.o(.data)
    m_whitelist_reply_expected               0x200020e2   Data           1  ble_advertising.o(.data)
    m_peer_addr_reply_expected               0x200020e3   Data           1  ble_advertising.o(.data)
    m_adv_evt                                0x200020e4   Data           1  ble_advertising.o(.data)
    m_adv_mode_current                       0x200020e5   Data           1  ble_advertising.o(.data)
    m_tx_power_level                         0x200020e6   Data           1  ble_advertising.o(.data)
    current_slave_link_conn_handle           0x200020e8   Data           2  ble_advertising.o(.data)
    m_evt_handler                            0x200020ec   Data           4  ble_advertising.o(.data)
    m_error_handler                          0x200020f0   Data           4  ble_advertising.o(.data)
    m_slave_conn_int                         0x200020f4   Data           4  ble_advertising.o(.data)
    m_peer_address                           0x200020f8   Data           7  ble_advertising.o(.data)
    .data                                    0x20002100   Section       20  ble_conn_params.o(.data)
    m_change_param                           0x20002100   Data           1  ble_conn_params.o(.data)
    m_update_count                           0x20002101   Data           1  ble_conn_params.o(.data)
    m_conn_handle                            0x20002102   Data           2  ble_conn_params.o(.data)
    m_preferred_conn_params                  0x20002104   Data           8  ble_conn_params.o(.data)
    m_current_conn_params                    0x2000210c   Data           8  ble_conn_params.o(.data)
    .data                                    0x20002114   Section       74  ble_dis.o(.data)
    service_handle                           0x20002114   Data           2  ble_dis.o(.data)
    manufact_name_handles                    0x20002116   Data           8  ble_dis.o(.data)
    model_num_handles                        0x2000211e   Data           8  ble_dis.o(.data)
    serial_num_handles                       0x20002126   Data           8  ble_dis.o(.data)
    hw_rev_handles                           0x2000212e   Data           8  ble_dis.o(.data)
    fw_rev_handles                           0x20002136   Data           8  ble_dis.o(.data)
    sw_rev_handles                           0x2000213e   Data           8  ble_dis.o(.data)
    sys_id_handles                           0x20002146   Data           8  ble_dis.o(.data)
    reg_cert_data_list_handles               0x2000214e   Data           8  ble_dis.o(.data)
    pnp_id_handles                           0x20002156   Data           8  ble_dis.o(.data)
    .data                                    0x20002160   Section       24  device_manager_peripheral.o(.data)
    m_module_initialized                     0x20002160   Data           1  device_manager_peripheral.o(.data)
    m_peer_addr_update                       0x20002164   Data           4  device_manager_peripheral.o(.data)
    m_irk_index_table                        0x20002168   Data           7  device_manager_peripheral.o(.data)
    m_storage_handle                         0x20002170   Data           8  device_manager_peripheral.o(.data)
    .data                                    0x20002178   Section       36  pstorage.o(.data)
    m_state                                  0x20002178   Data           1  pstorage.o(.data)
    m_swap_sub_state                         0x20002179   Data           1  pstorage.o(.data)
    m_next_app_instance                      0x2000217a   Data           2  pstorage.o(.data)
    m_flags                                  0x2000217c   Data           4  pstorage.o(.data)
    m_next_page_addr                         0x20002180   Data           4  pstorage.o(.data)
    m_head_word_size                         0x20002184   Data           4  pstorage.o(.data)
    m_tail_word_size                         0x20002188   Data           4  pstorage.o(.data)
    m_current_page_id                        0x2000218c   Data           4  pstorage.o(.data)
    m_num_of_command_retries                 0x20002190   Data           4  pstorage.o(.data)
    m_num_of_bytes_written                   0x20002194   Data           4  pstorage.o(.data)
    m_app_data_size                          0x20002198   Data           4  pstorage.o(.data)
    .data                                    0x2000219c   Section       20  app_button.o(.data)
    m_button_count                           0x2000219c   Data           1  app_button.o(.data)
    mp_buttons                               0x200021a0   Data           4  app_button.o(.data)
    m_detection_delay                        0x200021a4   Data           4  app_button.o(.data)
    m_pin_state                              0x200021a8   Data           4  app_button.o(.data)
    m_pin_transition                         0x200021ac   Data           4  app_button.o(.data)
    .data                                    0x200021b0   Section       32  app_timer.o(.data)
    m_user_array_size                        0x200021b0   Data           1  app_timer.o(.data)
    m_ticks_elapsed_q_read_ind               0x200021b1   Data           1  app_timer.o(.data)
    m_ticks_elapsed_q_write_ind              0x200021b2   Data           1  app_timer.o(.data)
    m_rtc1_running                           0x200021b3   Data           1  app_timer.o(.data)
    m_rtc1_reset                             0x200021b4   Data           1  app_timer.o(.data)
    mp_users                                 0x200021b8   Data           4  app_timer.o(.data)
    mp_timer_id_head                         0x200021bc   Data           4  app_timer.o(.data)
    m_ticks_latest                           0x200021c0   Data           4  app_timer.o(.data)
    m_evt_schedule_func                      0x200021c4   Data           4  app_timer.o(.data)
    m_ticks_elapsed                          0x200021c8   Data           8  app_timer.o(.data)
    .data                                    0x200021d0   Section       28  softdevice_handler.o(.data)
    m_softdevice_enabled                     0x200021d0   Data           1  softdevice_handler.o(.data)
    m_ble_evt_buffer_size                    0x200021d2   Data           2  softdevice_handler.o(.data)
    m_evt_schedule_func                      0x200021d4   Data           4  softdevice_handler.o(.data)
    mp_ble_evt_buffer                        0x200021d8   Data           4  softdevice_handler.o(.data)
    m_ble_evt_handler                        0x200021dc   Data           4  softdevice_handler.o(.data)
    m_sys_evt_handler                        0x200021e0   Data           4  softdevice_handler.o(.data)
    .data                                    0x200021ec   Section        4  system_nrf51.o(.data)
    __tagsym$$used                           0x200021ec   Number         0  system_nrf51.o(.data)
    .bss                                     0x200021f0   Section       60  advertiser_beacon.o(.bss)
    m_beacon                                 0x200021f0   Data          60  advertiser_beacon.o(.bss)
    .bss                                     0x2000222c   Section       32  main.o(.bss)
    m_battery_timer_id_data                  0x2000222c   Data          32  main.o(.bss)
    .bss                                     0x2000224c   Section       32  main.o(.bss)
    m_heart_rate_timer_id_data               0x2000224c   Data          32  main.o(.bss)
    .bss                                     0x2000226c   Section       32  main.o(.bss)
    m_rr_interval_timer_id_data              0x2000226c   Data          32  main.o(.bss)
    .bss                                     0x2000228c   Section       32  main.o(.bss)
    m_sensor_contact_timer_id_data           0x2000228c   Data          32  main.o(.bss)
    .bss                                     0x200022ac   Section      720  main.o(.bss)
    APP_TIMER_BUF                            0x200022ac   Data         456  main.o(.bss)
    BLE_EVT_BUFFER                           0x20002474   Data          72  main.o(.bss)
    beacon_init                              0x200024bc   Data          40  main.o(.bss)
    m_bas                                    0x200024e4   Data          24  main.o(.bss)
    m_hrs                                    0x200024fc   Data          80  main.o(.bss)
    m_battery_sim_cfg                        0x2000254c   Data          16  main.o(.bss)
    m_heart_rate_sim_cfg                     0x2000255c   Data          16  main.o(.bss)
    m_rr_interval_sim_cfg                    0x2000256c   Data          16  main.o(.bss)
    .bss                                     0x2000257c   Section       32  bsp.o(.bss)
    m_leds_timer_id_data                     0x2000257c   Data          32  bsp.o(.bss)
    .bss                                     0x2000259c   Section       32  bsp.o(.bss)
    m_alert_timer_id_data                    0x2000259c   Data          32  bsp.o(.bss)
    .bss                                     0x200025bc   Section       12  bsp.o(.bss)
    m_events_list                            0x200025bc   Data          12  bsp.o(.bss)
    .bss                                     0x200025c8   Section       32  bsp.o(.bss)
    m_button_timer_id_data                   0x200025c8   Data          32  bsp.o(.bss)
    .bss                                     0x200025e8   Section      259  ble_advertising.o(.bss)
    m_advdata                                0x200025e8   Data          56  ble_advertising.o(.bss)
    m_adv_modes_config                       0x20002620   Data          36  ble_advertising.o(.bss)
    m_whitelist                              0x20002644   Data          16  ble_advertising.o(.bss)
    mp_whitelist_addr                        0x20002654   Data          32  ble_advertising.o(.bss)
    mp_whitelist_irk                         0x20002674   Data          32  ble_advertising.o(.bss)
    m_manuf_specific_data                    0x20002694   Data          12  ble_advertising.o(.bss)
    m_manuf_data_array                       0x200026a0   Data          31  ble_advertising.o(.bss)
    m_service_data                           0x200026c0   Data          12  ble_advertising.o(.bss)
    m_service_data_array                     0x200026cc   Data          31  ble_advertising.o(.bss)
    .bss                                     0x200026ec   Section       32  ble_conn_params.o(.bss)
    m_conn_params_timer_id_data              0x200026ec   Data          32  ble_conn_params.o(.bss)
    .bss                                     0x2000270c   Section       28  ble_conn_params.o(.bss)
    m_conn_params_config                     0x2000270c   Data          28  ble_conn_params.o(.bss)
    .bss                                     0x20002728   Section      295  device_manager_peripheral.o(.bss)
    m_peer_table                             0x20002728   Data         196  device_manager_peripheral.o(.bss)
    m_bond_table                             0x200027ec   Data          28  device_manager_peripheral.o(.bss)
    m_gatts_table                            0x20002808   Data          24  device_manager_peripheral.o(.bss)
    m_connection_table                       0x20002820   Data          12  device_manager_peripheral.o(.bss)
    m_application_table                      0x2000282c   Data          12  device_manager_peripheral.o(.bss)
    m_local_id_info                          0x20002838   Data          23  device_manager_peripheral.o(.bss)
    .bss                                     0x20002850   Section       72  nrf_drv_gpiote.o(.bss)
    m_cb                                     0x20002850   Data          72  nrf_drv_gpiote.o(.bss)
    .bss                                     0x20002898   Section       28  nrf_drv_uart.o(.bss)
    m_cb                                     0x20002898   Data          28  nrf_drv_uart.o(.bss)
    .bss                                     0x200028b4   Section      216  pstorage.o(.bss)
    m_cmd_queue                              0x200028b4   Data         204  pstorage.o(.bss)
    m_app_table                              0x20002980   Data          12  pstorage.o(.bss)
    .bss                                     0x2000298c   Section       32  app_button.o(.bss)
    m_detection_delay_timer_id_data          0x2000298c   Data          32  app_button.o(.bss)
    .bss                                     0x200029ac   Section       88  fstorage.o(.bss)
    m_queue                                  0x200029ac   Data          88  fstorage.o(.bss)
    STACK                                    0x20002a08   Section     2048  arm_startup_nrf51.o(STACK)

    Global Symbols

    Symbol Name                              Value     Ov Type        Size  Object(Section)

    BuildAttributes$$THM_ISAv3M$S$PE$A:L22$X:L11$S22$IEEE1$IW$USESV6$~STKCKD$USESV7$~SHL$OSPACE$ROPI$EBA8$MICROLIB$REQ8$PRES8$EABIv2 0x00000000   Number         0  anon$$obj.o ABSOLUTE
    __ARM_use_no_argv                        0x00000000   Number         0  main.o ABSOLUTE
    __cpp_initialize__aeabi_                  - Undefined Weak Reference
    __cxa_finalize                            - Undefined Weak Reference
    _clock_init                               - Undefined Weak Reference
    _microlib_exit                            - Undefined Weak Reference
    fs_data$$Base                             - Undefined Reference
    fs_data$$Limit                            - Undefined Reference
    __Vectors_Size                           0x000000c0   Number         0  arm_startup_nrf51.o ABSOLUTE
    __Vectors                                0x0001b000   Data           4  arm_startup_nrf51.o(RESET)
    __Vectors_End                            0x0001b0c0   Data           0  arm_startup_nrf51.o(RESET)
    __main                                   0x0001b0c1   Thumb Code     0  entry.o(.ARM.Collect$$$$00000000)
    _main_stk                                0x0001b0c1   Thumb Code     0  entry2.o(.ARM.Collect$$$$00000001)
    _main_scatterload                        0x0001b0c5   Thumb Code     0  entry5.o(.ARM.Collect$$$$00000004)
    __main_after_scatterload                 0x0001b0c9   Thumb Code     0  entry5.o(.ARM.Collect$$$$00000004)
    _main_clock                              0x0001b0c9   Thumb Code     0  entry7b.o(.ARM.Collect$$$$00000008)
    _main_cpp_init                           0x0001b0c9   Thumb Code     0  entry8b.o(.ARM.Collect$$$$0000000A)
    _main_init                               0x0001b0c9   Thumb Code     0  entry9a.o(.ARM.Collect$$$$0000000B)
    __rt_final_cpp                           0x0001b0d1   Thumb Code     0  entry10a.o(.ARM.Collect$$$$0000000D)
    __rt_final_exit                          0x0001b0d1   Thumb Code     0  entry11a.o(.ARM.Collect$$$$0000000F)
    __asm___11_app_timer_c_cd27f9c3__nrf_delay_us 0x0001b0d5   Thumb Code    30  app_timer.o(.emb_text)
    Reset_Handler                            0x0001b0f5   Thumb Code    26  arm_startup_nrf51.o(.text)
    NMI_Handler                              0x0001b10f   Thumb Code     2  arm_startup_nrf51.o(.text)
    HardFault_Handler                        0x0001b111   Thumb Code     2  arm_startup_nrf51.o(.text)
    SVC_Handler                              0x0001b113   Thumb Code     2  arm_startup_nrf51.o(.text)
    PendSV_Handler                           0x0001b115   Thumb Code     2  arm_startup_nrf51.o(.text)
    SysTick_Handler                          0x0001b117   Thumb Code     2  arm_startup_nrf51.o(.text)
    ADC_IRQHandler                           0x0001b119   Thumb Code     0  arm_startup_nrf51.o(.text)
    CCM_AAR_IRQHandler                       0x0001b119   Thumb Code     0  arm_startup_nrf51.o(.text)
    ECB_IRQHandler                           0x0001b119   Thumb Code     0  arm_startup_nrf51.o(.text)
    LPCOMP_IRQHandler                        0x0001b119   Thumb Code     0  arm_startup_nrf51.o(.text)
    POWER_CLOCK_IRQHandler                   0x0001b119   Thumb Code     0  arm_startup_nrf51.o(.text)
    QDEC_IRQHandler                          0x0001b119   Thumb Code     0  arm_startup_nrf51.o(.text)
    RADIO_IRQHandler                         0x0001b119   Thumb Code     0  arm_startup_nrf51.o(.text)
    RNG_IRQHandler                           0x0001b119   Thumb Code     0  arm_startup_nrf51.o(.text)
    RTC0_IRQHandler                          0x0001b119   Thumb Code     0  arm_startup_nrf51.o(.text)
    SPI0_TWI0_IRQHandler                     0x0001b119   Thumb Code     0  arm_startup_nrf51.o(.text)
    SPI1_TWI1_IRQHandler                     0x0001b119   Thumb Code     0  arm_startup_nrf51.o(.text)
    SWI1_IRQHandler                          0x0001b119   Thumb Code     0  arm_startup_nrf51.o(.text)
    SWI3_IRQHandler                          0x0001b119   Thumb Code     0  arm_startup_nrf51.o(.text)
    SWI4_IRQHandler                          0x0001b119   Thumb Code     0  arm_startup_nrf51.o(.text)
    SWI5_IRQHandler                          0x0001b119   Thumb Code     0  arm_startup_nrf51.o(.text)
    TEMP_IRQHandler                          0x0001b119   Thumb Code     0  arm_startup_nrf51.o(.text)
    TIMER0_IRQHandler                        0x0001b119   Thumb Code     0  arm_startup_nrf51.o(.text)
    TIMER1_IRQHandler                        0x0001b119   Thumb Code     0  arm_startup_nrf51.o(.text)
    TIMER2_IRQHandler                        0x0001b119   Thumb Code     0  arm_startup_nrf51.o(.text)
    WDT_IRQHandler                           0x0001b119   Thumb Code     0  arm_startup_nrf51.o(.text)
    __aeabi_uidiv                            0x0001b12d   Thumb Code     0  uidiv.o(.text)
    __aeabi_uidivmod                         0x0001b12d   Thumb Code    44  uidiv.o(.text)
    __aeabi_idiv                             0x0001b159   Thumb Code     0  idiv.o(.text)
    __aeabi_idivmod                          0x0001b159   Thumb Code    40  idiv.o(.text)
    ___aeabi_memcpy8$move                    0x0001b181   Thumb Code     0  memmovea.o(.text)
    __aeabi_memcpy                           0x0001b181   Thumb Code    64  memmovea.o(.text)
    __aeabi_memcpy4                          0x0001b181   Thumb Code     0  memmovea.o(.text)
    __aeabi_memmove                          0x0001b181   Thumb Code     0  memmovea.o(.text)
    __aeabi_memmove4                         0x0001b181   Thumb Code     0  memmovea.o(.text)
    __aeabi_memmove8                         0x0001b181   Thumb Code     0  memmovea.o(.text)
    __aeabi_memset                           0x0001b1c1   Thumb Code    14  memseta.o(.text)
    __aeabi_memset4                          0x0001b1c1   Thumb Code     0  memseta.o(.text)
    __aeabi_memset8                          0x0001b1c1   Thumb Code     0  memseta.o(.text)
    __aeabi_memclr                           0x0001b1cf   Thumb Code     4  memseta.o(.text)
    __aeabi_memclr4                          0x0001b1cf   Thumb Code     0  memseta.o(.text)
    __aeabi_memclr8                          0x0001b1cf   Thumb Code     0  memseta.o(.text)
    _memset$wrapper                          0x0001b1d3   Thumb Code    18  memseta.o(.text)
    strlen                                   0x0001b1e5   Thumb Code    14  strlen.o(.text)
    memcmp                                   0x0001b1f3   Thumb Code    26  memcmp.o(.text)
    __scatterload                            0x0001b20d   Thumb Code    28  init.o(.text)
    __scatterload_rt2                        0x0001b20d   Thumb Code     0  init.o(.text)
    __decompress                             0x0001b231   Thumb Code     0  __dczerorl2.o(.text)
    __decompress1                            0x0001b231   Thumb Code    86  __dczerorl2.o(.text)
    GPIOTE_IRQHandler                        0x0001b289   Thumb Code   312  nrf_drv_gpiote.o(i.GPIOTE_IRQHandler)
    RTC1_IRQHandler                          0x0001b421   Thumb Code    28  app_timer.o(i.RTC1_IRQHandler)
    SWI0_IRQHandler                          0x0001b441   Thumb Code     8  app_timer.o(i.SWI0_IRQHandler)
    SWI2_IRQHandler                          0x0001b449   Thumb Code    28  softdevice_handler.o(i.SWI2_IRQHandler)
    SystemInit                               0x0001b469   Thumb Code    64  system_nrf51.o(i.SystemInit)
    UART0_IRQHandler                         0x0001b4bd   Thumb Code     8  nrf_drv_uart.o(i.UART0_IRQHandler)
    __ARM_common_switch8                     0x0001b4c5   Thumb Code    26  bsp.o(i.__ARM_common_switch8)
    __scatterload_copy                       0x0001b4df   Thumb Code    14  handlers.o(i.__scatterload_copy)
    __scatterload_null                       0x0001b4ed   Thumb Code     2  handlers.o(i.__scatterload_null)
    __scatterload_zeroinit                   0x0001b4ef   Thumb Code    14  handlers.o(i.__scatterload_zeroinit)
    adv_data_encode                          0x0001b4fd   Thumb Code   534  ble_advdata.o(i.adv_data_encode)
    app_beacon_init                          0x0001b7c5   Thumb Code    76  advertiser_beacon.o(i.app_beacon_init)
    app_beacon_on_sys_evt                    0x0001b815   Thumb Code     2  advertiser_beacon.o(i.app_beacon_on_sys_evt)
    app_beacon_start                         0x0001b819   Thumb Code    56  advertiser_beacon.o(i.app_beacon_start)
    app_beacon_stop                          0x0001b855   Thumb Code    18  advertiser_beacon.o(i.app_beacon_stop)
    app_button_enable                        0x0001b86d   Thumb Code    32  app_button.o(i.app_button_enable)
    app_button_init                          0x0001b891   Thumb Code   100  app_button.o(i.app_button_init)
    app_error_fault_handler                  0x0001b905   Thumb Code    18  app_error_weak.o(i.app_error_fault_handler)
    app_error_handler_bare                   0x0001b921   Thumb Code    20  app_error.o(i.app_error_handler_bare)
    app_timer_create                         0x0001b991   Thumb Code    40  app_timer.o(i.app_timer_create)
    app_timer_init                           0x0001b9bd   Thumb Code   126  app_timer.o(i.app_timer_init)
    app_timer_start                          0x0001ba4d   Thumb Code   114  app_timer.o(i.app_timer_start)
    app_timer_stop                           0x0001bac9   Thumb Code    78  app_timer.o(i.app_timer_stop)
    ble_advdata_set                          0x0001bd49   Thumb Code   104  ble_advdata.o(i.ble_advdata_set)
    ble_advertising_init                     0x0001bdb1   Thumb Code   284  ble_advertising.o(i.ble_advertising_init)
    ble_advertising_on_ble_evt               0x0001bed5   Thumb Code   118  ble_advertising.o(i.ble_advertising_on_ble_evt)
    ble_advertising_on_sys_evt               0x0001bf51   Thumb Code    42  ble_advertising.o(i.ble_advertising_on_sys_evt)
    ble_advertising_restart_without_whitelist 0x0001bf91   Thumb Code    78  ble_advertising.o(i.ble_advertising_restart_without_whitelist)
    ble_advertising_start                    0x0001bfe9   Thumb Code   482  ble_advertising.o(i.ble_advertising_start)
    ble_bas_battery_level_update             0x0001c1d5   Thumb Code   112  ble_bas.o(i.ble_bas_battery_level_update)
    ble_bas_init                             0x0001c249   Thumb Code    66  ble_bas.o(i.ble_bas_init)
    ble_bas_on_ble_evt                       0x0001c291   Thumb Code    94  ble_bas.o(i.ble_bas_on_ble_evt)
    ble_conn_params_init                     0x0001c2f1   Thumb Code    68  ble_conn_params.o(i.ble_conn_params_init)
    ble_conn_params_on_ble_evt               0x0001c345   Thumb Code   132  ble_conn_params.o(i.ble_conn_params_on_ble_evt)
    ble_dis_init                             0x0001c435   Thumb Code   308  ble_dis.o(i.ble_dis_init)
    ble_hrs_heart_rate_measurement_send      0x0001c5f5   Thumb Code    82  ble_hrs.o(i.ble_hrs_heart_rate_measurement_send)
    ble_hrs_init                             0x0001c64d   Thumb Code    86  ble_hrs.o(i.ble_hrs_init)
    ble_hrs_on_ble_evt                       0x0001c6a9   Thumb Code    80  ble_hrs.o(i.ble_hrs_on_ble_evt)
    ble_hrs_rr_interval_add                  0x0001c6f9   Thumb Code    46  ble_hrs.o(i.ble_hrs_rr_interval_add)
    ble_hrs_sensor_contact_detected_update   0x0001c727   Thumb Code     6  ble_hrs.o(i.ble_hrs_sensor_contact_detected_update)
    ble_srv_ascii_to_utf8                    0x0001c72d   Thumb Code    18  ble_srv_common.o(i.ble_srv_ascii_to_utf8)
    ble_srv_report_ref_encode                0x0001c73f   Thumb Code    12  ble_srv_common.o(i.ble_srv_report_ref_encode)
    bond_data_load                           0x0001c855   Thumb Code    58  device_manager_peripheral.o(i.bond_data_load)
    bsp_btn_ble_init                         0x0001c89d   Thumb Code    80  bsp_btn_ble.o(i.bsp_btn_ble_init)
    bsp_btn_ble_on_ble_evt                   0x0001c8f1   Thumb Code   114  bsp_btn_ble.o(i.bsp_btn_ble_on_ble_evt)
    bsp_btn_ble_sleep_mode_prepare           0x0001c969   Thumb Code    20  bsp_btn_ble.o(i.bsp_btn_ble_sleep_mode_prepare)
    bsp_button_is_pressed                    0x0001ca1d   Thumb Code    34  bsp.o(i.bsp_button_is_pressed)
    bsp_event_to_button_action_assign        0x0001ca81   Thumb Code    66  bsp.o(i.bsp_event_to_button_action_assign)
    bsp_indication_set                       0x0001cac9   Thumb Code    22  bsp.o(i.bsp_indication_set)
    bsp_init                                 0x0001cae5   Thumb Code   134  bsp.o(i.bsp_init)
    bsp_wakeup_buttons_set                   0x0001cd7d   Thumb Code    50  bsp.o(i.bsp_wakeup_buttons_set)
    dm_ble_evt_handler                       0x0001d599   Thumb Code   946  device_manager_peripheral.o(i.dm_ble_evt_handler)
    dm_handle_initialize                     0x0001d961   Thumb Code    22  device_manager_peripheral.o(i.dm_handle_initialize)
    dm_init                                  0x0001d97d   Thumb Code   174  device_manager_peripheral.o(i.dm_init)
    dm_register                              0x0001dba5   Thumb Code   104  device_manager_peripheral.o(i.dm_register)
    fs_queued_op_count_get                   0x0001dd5d   Thumb Code    18  fstorage.o(i.fs_queued_op_count_get)
    intern_softdevice_events_execute         0x0001e1dd   Thumb Code   116  softdevice_handler.o(i.intern_softdevice_events_execute)
    main                                     0x0001e505   Thumb Code   176  main.o(i.main)
    nrf_drv_common_irq_enable                0x0001e6f5   Thumb Code    78  nrf_drv_common.o(i.nrf_drv_common_irq_enable)
    nrf_drv_gpiote_in_event_enable           0x0001e755   Thumb Code   138  nrf_drv_gpiote.o(i.nrf_drv_gpiote_in_event_enable)
    nrf_drv_gpiote_in_init                   0x0001e7f5   Thumb Code   146  nrf_drv_gpiote.o(i.nrf_drv_gpiote_in_init)
    nrf_drv_gpiote_in_is_set                 0x0001e899   Thumb Code    16  nrf_drv_gpiote.o(i.nrf_drv_gpiote_in_is_set)
    nrf_drv_gpiote_init                      0x0001e8ad   Thumb Code    76  nrf_drv_gpiote.o(i.nrf_drv_gpiote_init)
    nrf_drv_gpiote_is_init                   0x0001e901   Thumb Code    12  nrf_drv_gpiote.o(i.nrf_drv_gpiote_is_init)
    pstorage_access_status_get               0x0001ea7d   Thumb Code    30  pstorage.o(i.pstorage_access_status_get)
    pstorage_block_identifier_get            0x0001eaa5   Thumb Code    74  pstorage.o(i.pstorage_block_identifier_get)
    pstorage_clear                           0x0001eaf9   Thumb Code   156  pstorage.o(i.pstorage_clear)
    pstorage_init                            0x0001ebcd   Thumb Code    68  pstorage.o(i.pstorage_init)
    pstorage_load                            0x0001ec19   Thumb Code   158  pstorage.o(i.pstorage_load)
    pstorage_register                        0x0001ecc1   Thumb Code   180  pstorage.o(i.pstorage_register)
    pstorage_store                           0x0001ed7d   Thumb Code   134  pstorage.o(i.pstorage_store)
    pstorage_sys_event_handler               0x0001ee0d   Thumb Code    72  pstorage.o(i.pstorage_sys_event_handler)
    pstorage_update                          0x0001ee59   Thumb Code   134  pstorage.o(i.pstorage_update)
    sd_check_ram_start                       0x0001efa9   Thumb Code    10  softdevice_handler.o(i.sd_check_ram_start)
    sensorsim_decrement                      0x0001f0bd   Thumb Code    28  sensorsim.o(i.sensorsim_decrement)
    sensorsim_increment                      0x0001f0d9   Thumb Code    28  sensorsim.o(i.sensorsim_increment)
    sensorsim_init                           0x0001f0f5   Thumb Code    24  sensorsim.o(i.sensorsim_init)
    sensorsim_measure                        0x0001f10d   Thumb Code    26  sensorsim.o(i.sensorsim_measure)
    softdevice_ble_evt_handler_set           0x0001f315   Thumb Code    16  softdevice_handler.o(i.softdevice_ble_evt_handler_set)
    softdevice_enable                        0x0001f329   Thumb Code    14  softdevice_handler.o(i.softdevice_enable)
    softdevice_enable_get_default_config     0x0001f33d   Thumb Code    40  softdevice_handler.o(i.softdevice_enable_get_default_config)
    softdevice_fault_handler                 0x0001f365   Thumb Code     8  softdevice_handler.o(i.softdevice_fault_handler)
    softdevice_handler_init                  0x0001f36d   Thumb Code    42  softdevice_handler.o(i.softdevice_handler_init)
    softdevice_sys_evt_handler_set           0x0001f3a1   Thumb Code    16  softdevice_handler.o(i.softdevice_sys_evt_handler_set)
    m_service_context_store                  0x0001fb9c   Data          16  device_manager_peripheral.o(.constdata)
    m_service_context_load                   0x0001fbac   Data          16  device_manager_peripheral.o(.constdata)
    m_service_context_apply                  0x0001fbbc   Data          16  device_manager_peripheral.o(.constdata)
    Region$$Table$$Base                      0x0001fbfc   Number         0  anon$$obj.o(Region$$Table)
    Region$$Table$$Limit                     0x0001fc1c   Number         0  anon$$obj.o(Region$$Table)
    Image$$RW_IRAM1$$Base                    0x20002080   Number         0  anon$$obj.o ABSOLUTE
    nrf_nvic_state                           0x200021e4   Data           8  softdevice_handler.o(.data)
    SystemCoreClock                          0x200021ec   Data           4  system_nrf51.o(.data)
    __initial_sp                             0x20003208   Data           0  arm_startup_nrf51.o(STACK)



==============================================================================

Memory Map of the image

  Image Entry point : 0x0001b0c1

  Load Region LR_IROM1 (Base: 0x0001b000, Size: 0x00004d8c, Max: 0x00025000, ABSOLUTE, COMPRESSED[0x00004c48])

    Execution Region ER_IROM1 (Base: 0x0001b000, Size: 0x00004c1c, Max: 0x00025000, ABSOLUTE)

    Base Addr    Size         Type   Attr      Idx    E Section Name        Object

    0x0001b000   0x000000c0   Data   RO         2965    RESET               arm_startup_nrf51.o
    0x0001b0c0   0x00000000   Code   RO         3007  * .ARM.Collect$$$$00000000  mc_p.l(entry.o)
    0x0001b0c0   0x00000004   Code   RO         3058    .ARM.Collect$$$$00000001  mc_p.l(entry2.o)
    0x0001b0c4   0x00000004   Code   RO         3061    .ARM.Collect$$$$00000004  mc_p.l(entry5.o)
    0x0001b0c8   0x00000000   Code   RO         3063    .ARM.Collect$$$$00000008  mc_p.l(entry7b.o)
    0x0001b0c8   0x00000000   Code   RO         3065    .ARM.Collect$$$$0000000A  mc_p.l(entry8b.o)
    0x0001b0c8   0x00000008   Code   RO         3066    .ARM.Collect$$$$0000000B  mc_p.l(entry9a.o)
    0x0001b0d0   0x00000000   Code   RO         3068    .ARM.Collect$$$$0000000D  mc_p.l(entry10a.o)
    0x0001b0d0   0x00000000   Code   RO         3070    .ARM.Collect$$$$0000000F  mc_p.l(entry11a.o)
    0x0001b0d0   0x00000004   Code   RO         3059    .ARM.Collect$$$$00002712  mc_p.l(entry2.o)
    0x0001b0d4   0x0000001e   Code   RO         2253    .emb_text           app_timer.o
    0x0001b0f2   0x00000002   PAD
    0x0001b0f4   0x00000038   Code   RO         2966    .text               arm_startup_nrf51.o
    0x0001b12c   0x0000002c   Code   RO         3010    .text               mc_p.l(uidiv.o)
    0x0001b158   0x00000028   Code   RO         3012    .text               mc_p.l(idiv.o)
    0x0001b180   0x00000040   Code   RO         3016    .text               mc_p.l(memmovea.o)
    0x0001b1c0   0x00000024   Code   RO         3018    .text               mc_p.l(memseta.o)
    0x0001b1e4   0x0000000e   Code   RO         3020    .text               mc_p.l(strlen.o)
    0x0001b1f2   0x0000001a   Code   RO         3022    .text               mc_p.l(memcmp.o)
    0x0001b20c   0x00000024   Code   RO         3085    .text               mc_p.l(init.o)
    0x0001b230   0x00000056   Code   RO         3105    .text               mc_p.l(__dczerorl2.o)
    0x0001b286   0x00000002   PAD
    0x0001b288   0x00000154   Code   RO         1470    i.GPIOTE_IRQHandler  nrf_drv_gpiote.o
    0x0001b3dc   0x00000044   Code   RO         2254    i.NVIC_SetPriority  app_timer.o
    0x0001b420   0x00000020   Code   RO         2255    i.RTC1_IRQHandler   app_timer.o
    0x0001b440   0x00000008   Code   RO         2256    i.SWI0_IRQHandler   app_timer.o
    0x0001b448   0x00000020   Code   RO         2861    i.SWI2_IRQHandler   softdevice_handler.o
    0x0001b468   0x00000054   Code   RO         2973    i.SystemInit        system_nrf51.o
    0x0001b4bc   0x00000008   Code   RO         1660    i.UART0_IRQHandler  nrf_drv_uart.o
    0x0001b4c4   0x0000001a   Code   RO          534    i.__ARM_common_switch8  bsp.o
    0x0001b4de   0x0000000e   Code   RO         3099    i.__scatterload_copy  mc_p.l(handlers.o)
    0x0001b4ec   0x00000002   Code   RO         3100    i.__scatterload_null  mc_p.l(handlers.o)
    0x0001b4ee   0x0000000e   Code   RO         3101    i.__scatterload_zeroinit  mc_p.l(handlers.o)
    0x0001b4fc   0x00000216   Code   RO          603    i.adv_data_encode   ble_advdata.o
    0x0001b712   0x0000003c   Code   RO          561    i.advertising_buttons_configure  bsp_btn_ble.o
    0x0001b74e   0x00000002   PAD
    0x0001b750   0x0000005c   Code   RO          156    i.advertising_init  main.o
    0x0001b7ac   0x00000018   Code   RO          440    i.alert_timer_handler  bsp.o
    0x0001b7c4   0x00000050   Code   RO            3    i.app_beacon_init   advertiser_beacon.o
    0x0001b814   0x00000002   Code   RO            4    i.app_beacon_on_sys_evt  advertiser_beacon.o
    0x0001b816   0x00000002   PAD
    0x0001b818   0x0000003c   Code   RO            5    i.app_beacon_start  advertiser_beacon.o
    0x0001b854   0x00000018   Code   RO            6    i.app_beacon_stop   advertiser_beacon.o
    0x0001b86c   0x00000024   Code   RO         2071    i.app_button_enable  app_button.o
    0x0001b890   0x00000074   Code   RO         2072    i.app_button_init   app_button.o
    0x0001b904   0x0000001c   Code   RO         2164    i.app_error_fault_handler  app_error_weak.o
    0x0001b920   0x00000018   Code   RO         2129    i.app_error_handler_bare  app_error.o
    0x0001b938   0x0000000c   Code   RO         1049    i.app_evt_notify    device_manager_peripheral.o
    0x0001b944   0x0000002c   Code   RO         1828    i.app_notify        pstorage.o
    0x0001b970   0x00000020   Code   RO         1829    i.app_notify_error_state_transit  pstorage.o
    0x0001b990   0x0000002c   Code   RO         2259    i.app_timer_create  app_timer.o
    0x0001b9bc   0x00000090   Code   RO         2260    i.app_timer_init    app_timer.o
    0x0001ba4c   0x0000007c   Code   RO         2261    i.app_timer_start   app_timer.o
    0x0001bac8   0x00000054   Code   RO         2262    i.app_timer_stop    app_timer.o
    0x0001bb1c   0x0000005c   Code   RO          157    i.application_timers_start  main.o
    0x0001bb78   0x00000138   Code   RO          772    i.battery_level_char_add  ble_bas.o
    0x0001bcb0   0x00000040   Code   RO          159    i.battery_level_meas_timeout_handler  main.o
    0x0001bcf0   0x00000050   Code   RO          160    i.beacon_adv_init   main.o
    0x0001bd40   0x00000008   Code   RO          161    i.beacon_advertiser_error_handler  main.o
    0x0001bd48   0x00000068   Code   RO          604    i.ble_advdata_set   ble_advdata.o
    0x0001bdb0   0x00000124   Code   RO          677    i.ble_advertising_init  ble_advertising.o
    0x0001bed4   0x0000007c   Code   RO          678    i.ble_advertising_on_ble_evt  ble_advertising.o
    0x0001bf50   0x00000030   Code   RO          679    i.ble_advertising_on_sys_evt  ble_advertising.o
    0x0001bf80   0x00000010   Code   RO          681    i.ble_advertising_peer_address_clear  ble_advertising.o
    0x0001bf90   0x00000058   Code   RO          682    i.ble_advertising_restart_without_whitelist  ble_advertising.o
    0x0001bfe8   0x000001ec   Code   RO          683    i.ble_advertising_start  ble_advertising.o
    0x0001c1d4   0x00000074   Code   RO          773    i.ble_bas_battery_level_update  ble_bas.o
    0x0001c248   0x00000048   Code   RO          774    i.ble_bas_init      ble_bas.o
    0x0001c290   0x0000005e   Code   RO          775    i.ble_bas_on_ble_evt  ble_bas.o
    0x0001c2ee   0x00000002   PAD
    0x0001c2f0   0x00000054   Code   RO          816    i.ble_conn_params_init  ble_conn_params.o
    0x0001c344   0x00000090   Code   RO          817    i.ble_conn_params_on_ble_evt  ble_conn_params.o
    0x0001c3d4   0x0000005e   Code   RO          605    i.ble_device_addr_encode  ble_advdata.o
    0x0001c432   0x00000002   PAD
    0x0001c434   0x00000140   Code   RO          883    i.ble_dis_init      ble_dis.o
    0x0001c574   0x00000080   Code   RO          162    i.ble_evt_dispatch  main.o
    0x0001c5f4   0x00000058   Code   RO          927    i.ble_hrs_heart_rate_measurement_send  ble_hrs.o
    0x0001c64c   0x0000005c   Code   RO          928    i.ble_hrs_init      ble_hrs.o
    0x0001c6a8   0x00000050   Code   RO          929    i.ble_hrs_on_ble_evt  ble_hrs.o
    0x0001c6f8   0x0000002e   Code   RO          930    i.ble_hrs_rr_interval_add  ble_hrs.o
    0x0001c726   0x00000006   Code   RO          932    i.ble_hrs_sensor_contact_detected_update  ble_hrs.o
    0x0001c72c   0x00000012   Code   RO         1006    i.ble_srv_ascii_to_utf8  ble_srv_common.o
    0x0001c73e   0x0000000c   Code   RO         1007    i.ble_srv_report_ref_encode  ble_srv_common.o
    0x0001c74a   0x00000002   PAD
    0x0001c74c   0x00000080   Code   RO          163    i.ble_stack_init    main.o
    0x0001c7cc   0x00000088   Code   RO          934    i.body_sensor_location_char_add  ble_hrs.o
    0x0001c854   0x00000048   Code   RO         1050    i.bond_data_load    device_manager_peripheral.o
    0x0001c89c   0x00000054   Code   RO          562    i.bsp_btn_ble_init  bsp_btn_ble.o
    0x0001c8f0   0x00000078   Code   RO          563    i.bsp_btn_ble_on_ble_evt  bsp_btn_ble.o
    0x0001c968   0x00000014   Code   RO          564    i.bsp_btn_ble_sleep_mode_prepare  bsp_btn_ble.o
    0x0001c97c   0x000000a0   Code   RO          441    i.bsp_button_event_handler  bsp.o
    0x0001ca1c   0x0000002c   Code   RO          442    i.bsp_button_is_pressed  bsp.o
    0x0001ca48   0x00000038   Code   RO          164    i.bsp_event_handler  main.o
    0x0001ca80   0x00000048   Code   RO          446    i.bsp_event_to_button_action_assign  bsp.o
    0x0001cac8   0x0000001c   Code   RO          447    i.bsp_indication_set  bsp.o
    0x0001cae4   0x000000a0   Code   RO          449    i.bsp_init          bsp.o
    0x0001cb84   0x000001f8   Code   RO          450    i.bsp_led_indication  bsp.o
    0x0001cd7c   0x0000003c   Code   RO          451    i.bsp_wakeup_buttons_set  bsp.o
    0x0001cdb8   0x0000000c   Code   RO          452    i.button_timer_handler  bsp.o
    0x0001cdc4   0x0000001c   Code   RO         1471    i.channel_free      nrf_drv_gpiote.o
    0x0001cde0   0x00000048   Code   RO         1472    i.channel_port_alloc  nrf_drv_gpiote.o
    0x0001ce28   0x00000010   Code   RO         1473    i.channel_port_get  nrf_drv_gpiote.o
    0x0001ce38   0x00000098   Code   RO          884    i.char_add          ble_dis.o
    0x0001ced0   0x00000104   Code   RO         1830    i.clear_operation_execute  pstorage.o
    0x0001cfd4   0x00000024   Code   RO         1831    i.clear_post_processing_run  pstorage.o
    0x0001cff8   0x00000038   Code   RO         1832    i.cmd_process       pstorage.o
    0x0001d030   0x00000020   Code   RO         1833    i.cmd_queue_element_init  pstorage.o
    0x0001d050   0x0000004c   Code   RO         1834    i.cmd_queue_enqueue  pstorage.o
    0x0001d09c   0x0000003c   Code   RO         1835    i.command_end_procedure_run  pstorage.o
    0x0001d0d8   0x000000a8   Code   RO         2264    i.compare_reg_update  app_timer.o
    0x0001d180   0x00000088   Code   RO          606    i.conn_int_encode   ble_advdata.o
    0x0001d208   0x00000008   Code   RO          165    i.conn_params_error_handler  main.o
    0x0001d210   0x00000068   Code   RO          819    i.conn_params_negotiation  ble_conn_params.o
    0x0001d278   0x00000030   Code   RO         1051    i.connection_instance_find  device_manager_peripheral.o
    0x0001d2a8   0x00000024   Code   RO         1052    i.connection_instance_init  device_manager_peripheral.o
    0x0001d2cc   0x00000054   Code   RO         1836    i.data_page_erase_state_run  pstorage.o
    0x0001d320   0x00000028   Code   RO         1837    i.data_to_swap_write_state_run  pstorage.o
    0x0001d348   0x00000060   Code   RO         2074    i.detection_delay_timeout_handler  app_button.o
    0x0001d3a8   0x000000b0   Code   RO         1053    i.device_context_store  device_manager_peripheral.o
    0x0001d458   0x00000054   Code   RO         1054    i.device_instance_allocate  device_manager_peripheral.o
    0x0001d4ac   0x00000048   Code   RO         1055    i.device_instance_find  device_manager_peripheral.o
    0x0001d4f4   0x0000002c   Code   RO         1056    i.device_instance_free  device_manager_peripheral.o
    0x0001d520   0x0000000e   Code   RO          166    i.device_manager_evt_handler  main.o
    0x0001d52e   0x00000002   PAD
    0x0001d530   0x00000068   Code   RO          167    i.device_manager_init  main.o
    0x0001d598   0x000003c8   Code   RO         1061    i.dm_ble_evt_handler  device_manager_peripheral.o
    0x0001d960   0x0000001c   Code   RO         1067    i.dm_handle_initialize  device_manager_peripheral.o
    0x0001d97c   0x000000c4   Code   RO         1068    i.dm_init           device_manager_peripheral.o
    0x0001da40   0x00000164   Code   RO         1071    i.dm_pstorage_cb_handler  device_manager_peripheral.o
    0x0001dba4   0x00000074   Code   RO         1072    i.dm_register       device_manager_peripheral.o
    0x0001dc18   0x00000040   Code   RO         2265    i.elapsed_ticks_acquire  app_timer.o
    0x0001dc58   0x00000050   Code   RO            7    i.encode_adv_packet  advertiser_beacon.o
    0x0001dca8   0x00000020   Code   RO         1838    i.flash_api_err_code_process  pstorage.o
    0x0001dcc8   0x00000080   Code   RO         1839    i.flash_operation_success_run  pstorage.o
    0x0001dd48   0x0000000a   Code   RO         1840    i.flash_page_erase  pstorage.o
    0x0001dd52   0x0000000a   Code   RO         1841    i.flash_write       pstorage.o
    0x0001dd5c   0x00000018   Code   RO         2455    i.fs_queued_op_count_get  fstorage.o
    0x0001dd74   0x0000005c   Code   RO          168    i.gap_params_init   main.o
    0x0001ddd0   0x00000004   Code   RO         1079    i.gattc_context_apply  device_manager_peripheral.o
    0x0001ddd4   0x00000004   Code   RO         1080    i.gattc_context_load  device_manager_peripheral.o
    0x0001ddd8   0x00000004   Code   RO         1081    i.gattc_context_store  device_manager_peripheral.o
    0x0001dddc   0x000000b0   Code   RO         1082    i.gatts_context_apply  device_manager_peripheral.o
    0x0001de8c   0x00000030   Code   RO         1083    i.gatts_context_load  device_manager_peripheral.o
    0x0001debc   0x000000ac   Code   RO         1084    i.gatts_context_store  device_manager_peripheral.o
    0x0001df68   0x00000008   Code   RO         1085    i.gattsc_context_apply  device_manager_peripheral.o
    0x0001df70   0x00000008   Code   RO         1086    i.gattsc_context_load  device_manager_peripheral.o
    0x0001df78   0x00000008   Code   RO         1087    i.gattsc_context_store  device_manager_peripheral.o
    0x0001df80   0x00000050   Code   RO         2075    i.gpiote_event_handler  app_button.o
    0x0001dfd0   0x00000078   Code   RO         1842    i.head_restore_state_run  pstorage.o
    0x0001e048   0x0000005c   Code   RO          169    i.heart_rate_meas_timeout_handler  main.o
    0x0001e0a4   0x000000b0   Code   RO          935    i.heart_rate_measurement_char_add  ble_hrs.o
    0x0001e154   0x00000088   Code   RO          936    i.hrm_encode        ble_hrs.o
    0x0001e1dc   0x00000078   Code   RO         2862    i.intern_softdevice_events_execute  softdevice_handler.o
    0x0001e254   0x0000001c   Code   RO          820    i.is_conn_params_ok  ble_conn_params.o
    0x0001e270   0x00000048   Code   RO         2974    i.is_manual_peripheral_setup_needed  system_nrf51.o
    0x0001e2b8   0x00000044   Code   RO         1843    i.is_page_erase_required  pstorage.o
    0x0001e2fc   0x0000000c   Code   RO         1844    i.is_word_aligned   pstorage.o
    0x0001e308   0x00000054   Code   RO          607    i.le_role_encode    ble_advdata.o
    0x0001e35c   0x00000018   Code   RO          453    i.leds_timer_handler  bsp.o
    0x0001e374   0x000000bc   Code   RO         2266    i.list_deletions_handler  app_timer.o
    0x0001e430   0x000000d4   Code   RO         2267    i.list_insertions_handler  app_timer.o
    0x0001e504   0x000000c4   Code   RO          170    i.main              main.o
    0x0001e5c8   0x00000018   Code   RO         1845    i.main_state_err_busy_process  pstorage.o
    0x0001e5e0   0x00000068   Code   RO          608    i.manuf_specific_data_encode  ble_advdata.o
    0x0001e648   0x0000009e   Code   RO          609    i.name_encode       ble_advdata.o
    0x0001e6e6   0x00000004   Code   RO         1088    i.no_service_context_apply  device_manager_peripheral.o
    0x0001e6ea   0x00000004   Code   RO         1089    i.no_service_context_load  device_manager_peripheral.o
    0x0001e6ee   0x00000004   Code   RO         1090    i.no_service_context_store  device_manager_peripheral.o
    0x0001e6f2   0x00000002   PAD
    0x0001e6f4   0x00000060   Code   RO         1437    i.nrf_drv_common_irq_enable  nrf_drv_common.o
    0x0001e754   0x000000a0   Code   RO         1476    i.nrf_drv_gpiote_in_event_enable  nrf_drv_gpiote.o
    0x0001e7f4   0x000000a4   Code   RO         1477    i.nrf_drv_gpiote_in_init  nrf_drv_gpiote.o
    0x0001e898   0x00000014   Code   RO         1478    i.nrf_drv_gpiote_in_is_set  nrf_drv_gpiote.o
    0x0001e8ac   0x00000054   Code   RO         1480    i.nrf_drv_gpiote_init  nrf_drv_gpiote.o
    0x0001e900   0x00000010   Code   RO         1481    i.nrf_drv_gpiote_is_init  nrf_drv_gpiote.o
    0x0001e910   0x00000024   Code   RO         1493    i.nrf_gpio_cfg      nrf_drv_gpiote.o
    0x0001e934   0x00000020   Code   RO         1495    i.nrf_gpio_cfg_sense_set  nrf_drv_gpiote.o
    0x0001e954   0x00000014   Code   RO         1496    i.nrf_gpiote_event_is_set  nrf_drv_gpiote.o
    0x0001e968   0x0000000a   Code   RO         1677    i.nrf_uart_event_check  nrf_drv_uart.o
    0x0001e972   0x00000010   Code   RO         1678    i.nrf_uart_int_enable_check  nrf_drv_uart.o
    0x0001e982   0x00000020   Code   RO          171    i.on_adv_evt        main.o
    0x0001e9a2   0x00000002   PAD
    0x0001e9a4   0x00000020   Code   RO          172    i.on_conn_params_evt  main.o
    0x0001e9c4   0x00000016   Code   RO          685    i.peer_address_exists  ble_advertising.o
    0x0001e9da   0x00000002   PAD
    0x0001e9dc   0x00000038   Code   RO         1091    i.peer_instance_init  device_manager_peripheral.o
    0x0001ea14   0x00000018   Code   RO         1497    i.pin_in_use_by_port  nrf_drv_gpiote.o
    0x0001ea2c   0x00000018   Code   RO         1498    i.pin_in_use_by_te  nrf_drv_gpiote.o
    0x0001ea44   0x00000036   Code   RO          885    i.pnp_id_encode     ble_dis.o
    0x0001ea7a   0x00000002   PAD
    0x0001ea7c   0x00000028   Code   RO         1846    i.pstorage_access_status_get  pstorage.o
    0x0001eaa4   0x00000054   Code   RO         1847    i.pstorage_block_identifier_get  pstorage.o
    0x0001eaf8   0x000000a4   Code   RO         1848    i.pstorage_clear    pstorage.o
    0x0001eb9c   0x00000024   Code   RO         1849    i.pstorage_flash_page_end  pstorage.o
    0x0001ebc0   0x0000000a   Code   RO         1850    i.pstorage_flash_page_size  pstorage.o
    0x0001ebca   0x00000002   PAD
    0x0001ebcc   0x0000004c   Code   RO         1851    i.pstorage_init     pstorage.o
    0x0001ec18   0x000000a8   Code   RO         1852    i.pstorage_load     pstorage.o
    0x0001ecc0   0x000000bc   Code   RO         1853    i.pstorage_register  pstorage.o
    0x0001ed7c   0x00000090   Code   RO         1854    i.pstorage_store    pstorage.o
    0x0001ee0c   0x0000004c   Code   RO         1855    i.pstorage_sys_event_handler  pstorage.o
    0x0001ee58   0x00000090   Code   RO         1856    i.pstorage_update   pstorage.o
    0x0001eee8   0x00000028   Code   RO          173    i.rr_interval_timeout_handler  main.o
    0x0001ef10   0x00000044   Code   RO         2268    i.rtc1_stop         app_timer.o
    0x0001ef54   0x00000038   Code   RO         1679    i.rx_byte           nrf_drv_uart.o
    0x0001ef8c   0x0000001c   Code   RO         1680    i.rx_done_event     nrf_drv_uart.o
    0x0001efa8   0x00000010   Code   RO         2863    i.sd_check_ram_start  softdevice_handler.o
    0x0001efb8   0x0000008c   Code   RO         2864    i.sd_nvic_EnableIRQ  softdevice_handler.o
    0x0001f044   0x0000001c   Code   RO          174    i.sensor_contact_detected_timeout_handler  main.o
    0x0001f060   0x0000005c   Code   RO          175    i.sensor_simulator_init  main.o
    0x0001f0bc   0x0000001c   Code   RO         2680    i.sensorsim_decrement  sensorsim.o
    0x0001f0d8   0x0000001c   Code   RO         2681    i.sensorsim_increment  sensorsim.o
    0x0001f0f4   0x00000018   Code   RO         2682    i.sensorsim_init    sensorsim.o
    0x0001f10c   0x0000001a   Code   RO         2683    i.sensorsim_measure  sensorsim.o
    0x0001f126   0x0000008e   Code   RO          610    i.service_data_encode  ble_advdata.o
    0x0001f1b4   0x000000f0   Code   RO          176    i.services_init     main.o
    0x0001f2a4   0x00000028   Code   RO          177    i.sleep_mode_enter  main.o
    0x0001f2cc   0x00000048   Code   RO         1857    i.sm_state_change   pstorage.o
    0x0001f314   0x00000014   Code   RO         2865    i.softdevice_ble_evt_handler_set  softdevice_handler.o
    0x0001f328   0x00000014   Code   RO         2866    i.softdevice_enable  softdevice_handler.o
    0x0001f33c   0x00000028   Code   RO         2867    i.softdevice_enable_get_default_config  softdevice_handler.o
    0x0001f364   0x00000008   Code   RO         2868    i.softdevice_fault_handler  softdevice_handler.o
    0x0001f36c   0x00000034   Code   RO         2869    i.softdevice_handler_init  softdevice_handler.o
    0x0001f3a0   0x00000014   Code   RO         2872    i.softdevice_sys_evt_handler_set  softdevice_handler.o
    0x0001f3b4   0x00000064   Code   RO         1858    i.state_data_erase_swap_entry_run  pstorage.o
    0x0001f418   0x00000010   Code   RO         1859    i.state_erase_data_page_entry_run  pstorage.o
    0x0001f428   0x00000028   Code   RO         1860    i.state_restore_head_entry_run  pstorage.o
    0x0001f450   0x0000004c   Code   RO         1861    i.state_restore_tail_entry_run  pstorage.o
    0x0001f49c   0x00000020   Code   RO         1862    i.state_swap_erase_entry_run  pstorage.o
    0x0001f4bc   0x00000030   Code   RO         1863    i.state_write_data_swap_entry_run  pstorage.o
    0x0001f4ec   0x00000004   Code   RO         1092    i.storage_operation_dummy_handler  device_manager_peripheral.o
    0x0001f4f0   0x0000005c   Code   RO         1864    i.store_cmd_flash_write_execute  pstorage.o
    0x0001f54c   0x0000001c   Code   RO         1865    i.swap_erase_state_run  pstorage.o
    0x0001f568   0x00000018   Code   RO         1866    i.swap_sub_state_err_busy_process  pstorage.o
    0x0001f580   0x00000014   Code   RO         1867    i.swap_sub_state_state_change  pstorage.o
    0x0001f594   0x00000016   Code   RO          178    i.sys_evt_dispatch  main.o
    0x0001f5aa   0x0000004e   Code   RO          886    i.sys_id_encode     ble_dis.o
    0x0001f5f8   0x0000001c   Code   RO         1868    i.tail_restore_state_run  pstorage.o
    0x0001f614   0x00000084   Code   RO         2269    i.timer_list_handler  app_timer.o
    0x0001f698   0x00000010   Code   RO         2270    i.timer_list_handler_sched  app_timer.o
    0x0001f6a8   0x00000040   Code   RO         2271    i.timer_list_insert  app_timer.o
    0x0001f6e8   0x00000080   Code   RO         2272    i.timer_timeouts_check  app_timer.o
    0x0001f768   0x00000080   Code   RO          179    i.timers_init       main.o
    0x0001f7e8   0x0000002c   Code   RO         1682    i.tx_byte           nrf_drv_uart.o
    0x0001f814   0x00000020   Code   RO         1683    i.tx_done_event     nrf_drv_uart.o
    0x0001f834   0x00000128   Code   RO         1684    i.uart_irq_handler  nrf_drv_uart.o
    0x0001f95c   0x0000000a   Code   RO          611    i.uint16_encode     ble_advdata.o
    0x0001f966   0x00000002   PAD
    0x0001f968   0x00000014   Code   RO         1093    i.update_status_bit_reset  device_manager_peripheral.o
    0x0001f97c   0x00000064   Code   RO          821    i.update_timeout_handler  ble_conn_params.o
    0x0001f9e0   0x00000054   Code   RO         2273    i.user_id_get       app_timer.o
    0x0001fa34   0x00000026   Code   RO         2274    i.user_op_alloc     app_timer.o
    0x0001fa5a   0x00000030   Code   RO          612    i.uuid_list_encode  ble_advdata.o
    0x0001fa8a   0x000000ae   Code   RO          613    i.uuid_list_sized_encode  ble_advdata.o
    0x0001fb38   0x00000010   Code   RO          686    i.whitelist_has_entries  ble_advertising.o
    0x0001fb48   0x00000014   Data   RO          185    .constdata          main.o
    0x0001fb5c   0x0000003c   Data   RO          458    .constdata          bsp.o
    0x0001fb98   0x00000004   Data   RO          824    .constdata          ble_conn_params.o
    0x0001fb9c   0x00000030   Data   RO         1095    .constdata          device_manager_peripheral.o
    0x0001fbcc   0x00000028   Data   RO         1870    .constdata          pstorage.o
    0x0001fbf4   0x00000008   Data   RO         2077    .constdata          app_button.o
    0x0001fbfc   0x00000020   Data   RO         3097    Region$$Table       anon$$obj.o


    Execution Region RW_IRAM1 (Base: 0x20002080, Size: 0x00001188, Max: 0x00005f80, ABSOLUTE, COMPRESSED[0x0000002c])

    Base Addr    Size         Type   Attr      Idx    E Section Name        Object

    0x20002080   0x00000040   Data   RW          186    .data               main.o
    0x200020c0   0x00000018   Data   RW          459    .data               bsp.o
    0x200020d8   0x00000008   Data   RW          565    .data               bsp_btn_ble.o
    0x200020e0   0x0000001f   Data   RW          688    .data               ble_advertising.o
    0x200020ff   0x00000001   PAD
    0x20002100   0x00000014   Data   RW          825    .data               ble_conn_params.o
    0x20002114   0x0000004a   Data   RW          887    .data               ble_dis.o
    0x2000215e   0x00000002   PAD
    0x20002160   0x00000018   Data   RW         1097    .data               device_manager_peripheral.o
    0x20002178   0x00000024   Data   RW         1871    .data               pstorage.o
    0x2000219c   0x00000014   Data   RW         2078    .data               app_button.o
    0x200021b0   0x00000020   Data   RW         2275    .data               app_timer.o
    0x200021d0   0x0000001c   Data   RW         2873    .data               softdevice_handler.o
    0x200021ec   0x00000004   Data   RW         2975    .data               system_nrf51.o
    0x200021f0   0x0000003c   Zero   RW            8    .bss                advertiser_beacon.o
    0x2000222c   0x00000020   Zero   RW          180    .bss                main.o
    0x2000224c   0x00000020   Zero   RW          181    .bss                main.o
    0x2000226c   0x00000020   Zero   RW          182    .bss                main.o
    0x2000228c   0x00000020   Zero   RW          183    .bss                main.o
    0x200022ac   0x000002d0   Zero   RW          184    .bss                main.o
    0x2000257c   0x00000020   Zero   RW          454    .bss                bsp.o
    0x2000259c   0x00000020   Zero   RW          455    .bss                bsp.o
    0x200025bc   0x0000000c   Zero   RW          456    .bss                bsp.o
    0x200025c8   0x00000020   Zero   RW          457    .bss                bsp.o
    0x200025e8   0x00000103   Zero   RW          687    .bss                ble_advertising.o
    0x200026eb   0x00000001   PAD
    0x200026ec   0x00000020   Zero   RW          822    .bss                ble_conn_params.o
    0x2000270c   0x0000001c   Zero   RW          823    .bss                ble_conn_params.o
    0x20002728   0x00000127   Zero   RW         1094    .bss                device_manager_peripheral.o
    0x2000284f   0x00000001   PAD
    0x20002850   0x00000048   Zero   RW         1499    .bss                nrf_drv_gpiote.o
    0x20002898   0x0000001c   Zero   RW         1685    .bss                nrf_drv_uart.o
    0x200028b4   0x000000d8   Zero   RW         1869    .bss                pstorage.o
    0x2000298c   0x00000020   Zero   RW         2076    .bss                app_button.o
    0x200029ac   0x00000058   Zero   RW         2464    .bss                fstorage.o
    0x20002a04   0x00000004   PAD
    0x20002a08   0x00000800   Zero   RW         2963    STACK               arm_startup_nrf51.o


==============================================================================

Image component sizes


      Code (inc. data)   RO Data    RW Data    ZI Data      Debug   Object Name

       246         18          0          0         60      70415   advertiser_beacon.o
       328         34          8         20         32       8914   app_button.o
        24          4          0          0          0       2209   app_error.o
        28         10          0          0          0       7090   app_error_weak.o
      1696        150          0         32          0      30523   app_timer.o
        56         18        192          0       2048        700   arm_startup_nrf51.o
      1588          6          0          0          0      16860   ble_advdata.o
      1098         44          0         31        259      17321   ble_advertising.o
       594         20          0          0          0      13019   ble_bas.o
       460         58          4         20         60       6608   ble_conn_params.o
       604         16          0         74          0       6659   ble_dis.o
       760         22          0          0          0      10425   ble_hrs.o
        30          0          0          0          0       2132   ble_srv_common.o
      1114        118         60         24        108      22357   bsp.o
       284         10          0          8          0       5157   bsp_btn_ble.o
      2732        198         48         24        295      32229   device_manager_peripheral.o
        24          6          0          0         88       3760   fstorage.o
      1808        236         20         64        848      86843   main.o
        96         18          0          0          0       8584   nrf_drv_common.o
      1036        126          0          0         72      22448   nrf_drv_gpiote.o
       490         58          0          0         28      14201   nrf_drv_uart.o
      2830        262         40         36        216      38866   pstorage.o
       106          0          0          0          0       3847   sensorsim.o
       468         62          0         28          0      23645   softdevice_handler.o
       156         26          0          4          0       2163   system_nrf51.o

    ----------------------------------------------------------------------
     18682       1520        404        368       4120     456975   Object Totals
         0          0         32          0          0          0   (incl. Generated)
        26          0          0          3          6          0   (incl. Padding)

    ----------------------------------------------------------------------

      Code (inc. data)   RO Data    RW Data    ZI Data      Debug   Library Member Name

        86          0          0          0          0          0   __dczerorl2.o
         0          0          0          0          0          0   entry.o
         0          0          0          0          0          0   entry10a.o
         0          0          0          0          0          0   entry11a.o
         8          4          0          0          0          0   entry2.o
         4          0          0          0          0          0   entry5.o
         0          0          0          0          0          0   entry7b.o
         0          0          0          0          0          0   entry8b.o
         8          4          0          0          0          0   entry9a.o
        30          0          0          0          0          0   handlers.o
        40          0          0          0          0         72   idiv.o
        36          8          0          0          0         68   init.o
        26          0          0          0          0         72   memcmp.o
        64          0          0          0          0         68   memmovea.o
        36          0          0          0          0        100   memseta.o
        14          0          0          0          0         60   strlen.o
        44          0          0          0          0         72   uidiv.o

    ----------------------------------------------------------------------
       398         16          0          0          0        512   Library Totals
         2          0          0          0          0          0   (incl. Padding)

    ----------------------------------------------------------------------

      Code (inc. data)   RO Data    RW Data    ZI Data      Debug   Library Name

       396         16          0          0          0        512   mc_p.l

    ----------------------------------------------------------------------
       398         16          0          0          0        512   Library Totals

    ----------------------------------------------------------------------

==============================================================================


      Code (inc. data)   RO Data    RW Data    ZI Data      Debug   

     19080       1536        404        368       4120     448067   Grand Totals
     19080       1536        404         44       4120     448067   ELF Image Totals (compressed)
     19080       1536        404         44          0          0   ROM Totals

==============================================================================

    Total RO  Size (Code + RO Data)                19484 (  19.03kB)
    Total RW  Size (RW Data + ZI Data)              4488 (   4.38kB)
    Total ROM Size (Code + RO Data + RW Data)      19528 (  19.07kB)

==============================================================================

