Component: ARM Compiler 5.06 update 1 (build 61) Tool: armlink [4d35a8]

==============================================================================

Section Cross References

    advertiser_beacon_timeslot.o(i.app_beacon_init) refers to memmovea.o(.text) for __aeabi_memcpy
    advertiser_beacon_timeslot.o(i.app_beacon_init) refers to advertiser_beacon_timeslot.o(.bss) for .bss
    advertiser_beacon_timeslot.o(i.app_beacon_on_sys_evt) refers to advertiser_beacon_timeslot.o(i.m_request_earliest) for m_request_earliest
    advertiser_beacon_timeslot.o(i.app_beacon_on_sys_evt) refers to advertiser_beacon_timeslot.o(.bss) for .bss
    advertiser_beacon_timeslot.o(i.app_beacon_start) refers to advertiser_beacon_timeslot.o(i.m_request_earliest) for m_request_earliest
    advertiser_beacon_timeslot.o(i.app_beacon_start) refers to advertiser_beacon_timeslot.o(.bss) for .bss
    advertiser_beacon_timeslot.o(i.app_beacon_start) refers to advertiser_beacon_timeslot.o(i.m_timeslot_callback) for m_timeslot_callback
    advertiser_beacon_timeslot.o(i.app_beacon_stop) refers to advertiser_beacon_timeslot.o(.bss) for .bss
    advertiser_beacon_timeslot.o(i.m_configure_next_event) refers to advertiser_beacon_timeslot.o(.bss) for .bss
    advertiser_beacon_timeslot.o(i.m_configure_radio) refers to advertiser_beacon_timeslot.o(i.m_get_adv_packet) for m_get_adv_packet
    advertiser_beacon_timeslot.o(i.m_get_adv_packet) refers to memmovea.o(.text) for __aeabi_memcpy
    advertiser_beacon_timeslot.o(i.m_get_adv_packet) refers to advertiser_beacon_timeslot.o(.bss) for .bss
    advertiser_beacon_timeslot.o(i.m_handle_radio_disabled) refers to advertiser_beacon_timeslot.o(i.m_set_adv_ch) for m_set_adv_ch
    advertiser_beacon_timeslot.o(i.m_handle_start) refers to advertiser_beacon_timeslot.o(i.m_configure_radio) for m_configure_radio
    advertiser_beacon_timeslot.o(i.m_request_earliest) refers to advertiser_beacon_timeslot.o(.bss) for .bss
    advertiser_beacon_timeslot.o(i.m_timeslot_callback) refers to advertiser_beacon_timeslot.o(i.m_handle_start) for m_handle_start
    advertiser_beacon_timeslot.o(i.m_timeslot_callback) refers to advertiser_beacon_timeslot.o(i.m_handle_radio_disabled) for m_handle_radio_disabled
    advertiser_beacon_timeslot.o(i.m_timeslot_callback) refers to advertiser_beacon_timeslot.o(i.m_configure_next_event) for m_configure_next_event
    advertiser_beacon_timeslot.o(i.m_timeslot_callback) refers to advertiser_beacon_timeslot.o(.data) for .data
    advertiser_beacon_timeslot.o(i.m_timeslot_callback) refers to advertiser_beacon_timeslot.o(.bss) for .bss
    main.o(i.advertising_init) refers to memseta.o(.text) for __aeabi_memclr4
    main.o(i.advertising_init) refers to ble_advertising.o(i.ble_advertising_init) for ble_advertising_init
    main.o(i.advertising_init) refers to app_error.o(i.app_error_handler_bare) for app_error_handler_bare
    main.o(i.advertising_init) refers to main.o(.data) for .data
    main.o(i.advertising_init) refers to main.o(i.on_adv_evt) for on_adv_evt
    main.o(i.application_timers_start) refers to app_timer.o(i.app_timer_start) for app_timer_start
    main.o(i.application_timers_start) refers to app_error.o(i.app_error_handler_bare) for app_error_handler_bare
    main.o(i.application_timers_start) refers to main.o(.constdata) for .constdata
    main.o(i.assert_nrf_callback) refers to app_error.o(i.app_error_handler) for app_error_handler
    main.o(i.battery_level_meas_timeout_handler) refers to sensorsim.o(i.sensorsim_measure) for sensorsim_measure
    main.o(i.battery_level_meas_timeout_handler) refers to ble_bas.o(i.ble_bas_battery_level_update) for ble_bas_battery_level_update
    main.o(i.battery_level_meas_timeout_handler) refers to app_error.o(i.app_error_handler_bare) for app_error_handler_bare
    main.o(i.battery_level_meas_timeout_handler) refers to main.o(.bss) for .bss
    main.o(i.battery_level_meas_timeout_handler) refers to main.o(.data) for .data
    main.o(i.beacon_adv_init) refers to app_error.o(i.app_error_handler_bare) for app_error_handler_bare
    main.o(i.beacon_adv_init) refers to advertiser_beacon_timeslot.o(i.app_beacon_init) for app_beacon_init
    main.o(i.beacon_adv_init) refers to main.o(.bss) for .bss
    main.o(i.beacon_adv_init) refers to main.o(.data) for .data
    main.o(i.beacon_adv_init) refers to main.o(i.beacon_advertiser_error_handler) for beacon_advertiser_error_handler
    main.o(i.beacon_advertiser_error_handler) refers to app_error.o(i.app_error_handler_bare) for app_error_handler_bare
    main.o(i.ble_evt_dispatch) refers to device_manager_peripheral.o(i.dm_ble_evt_handler) for dm_ble_evt_handler
    main.o(i.ble_evt_dispatch) refers to ble_hrs.o(i.ble_hrs_on_ble_evt) for ble_hrs_on_ble_evt
    main.o(i.ble_evt_dispatch) refers to ble_bas.o(i.ble_bas_on_ble_evt) for ble_bas_on_ble_evt
    main.o(i.ble_evt_dispatch) refers to ble_conn_params.o(i.ble_conn_params_on_ble_evt) for ble_conn_params_on_ble_evt
[...]
    elapsed_ticks_acquire                    0x0001dc39   Thumb Code    58  app_timer.o(i.elapsed_ticks_acquire)
    i.flash_api_err_code_process             0x0001dc78   Section        0  pstorage.o(i.flash_api_err_code_process)
    flash_api_err_code_process               0x0001dc79   Thumb Code    28  pstorage.o(i.flash_api_err_code_process)
    i.flash_operation_success_run            0x0001dc98   Section        0  pstorage.o(i.flash_operation_success_run)
    flash_operation_success_run              0x0001dc99   Thumb Code   114  pstorage.o(i.flash_operation_success_run)
    i.flash_page_erase                       0x0001dd18   Section        0  pstorage.o(i.flash_page_erase)
    flash_page_erase                         0x0001dd19   Thumb Code    10  pstorage.o(i.flash_page_erase)
    i.flash_write                            0x0001dd22   Section        0  pstorage.o(i.flash_write)
    flash_write                              0x0001dd23   Thumb Code    10  pstorage.o(i.flash_write)
    i.fs_queued_op_count_get                 0x0001dd2c   Section        0  fstorage.o(i.fs_queued_op_count_get)
    i.gap_params_init                        0x0001dd44   Section        0  main.o(i.gap_params_init)
    gap_params_init                          0x0001dd45   Thumb Code    72  main.o(i.gap_params_init)
    i.gattc_context_apply                    0x0001dda0   Section        0  device_manager_peripheral.o(i.gattc_context_apply)
    gattc_context_apply                      0x0001dda1   Thumb Code     4  device_manager_peripheral.o(i.gattc_context_apply)
    i.gattc_context_load                     0x0001dda4   Section        0  device_manager_peripheral.o(i.gattc_context_load)
    gattc_context_load                       0x0001dda5   Thumb Code     4  device_manager_peripheral.o(i.gattc_context_load)
    i.gattc_context_store                    0x0001dda8   Section        0  device_manager_peripheral.o(i.gattc_context_store)
    gattc_context_store                      0x0001dda9   Thumb Code     4  device_manager_peripheral.o(i.gattc_context_store)
    i.gatts_context_apply                    0x0001ddac   Section        0  device_manager_peripheral.o(i.gatts_context_apply)
    gatts_context_apply                      0x0001ddad   Thumb Code   160  device_manager_peripheral.o(i.gatts_context_apply)
    i.gatts_context_load                     0x0001de5c   Section        0  device_manager_peripheral.o(i.gatts_context_load)
    gatts_context_load                       0x0001de5d   Thumb Code    44  device_manager_peripheral.o(i.gatts_context_load)
    i.gatts_context_store                    0x0001de8c   Section        0  device_manager_peripheral.o(i.gatts_context_store)
    gatts_context_store                      0x0001de8d   Thumb Code   158  device_manager_peripheral.o(i.gatts_context_store)
    i.gattsc_context_apply                   0x0001df38   Section        0  device_manager_peripheral.o(i.gattsc_context_apply)
    gattsc_context_apply                     0x0001df39   Thumb Code     8  device_manager_peripheral.o(i.gattsc_context_apply)
    i.gattsc_context_load                    0x0001df40   Section        0  device_manager_peripheral.o(i.gattsc_context_load)
    gattsc_context_load                      0x0001df41   Thumb Code     8  device_manager_peripheral.o(i.gattsc_context_load)
    i.gattsc_context_store                   0x0001df48   Section        0  device_manager_peripheral.o(i.gattsc_context_store)
    gattsc_context_store                     0x0001df49   Thumb Code     8  device_manager_peripheral.o(i.gattsc_context_store)
    i.gpiote_event_handler                   0x0001df50   Section        0  app_button.o(i.gpiote_event_handler)
    gpiote_event_handler                     0x0001df51   Thumb Code    72  app_button.o(i.gpiote_event_handler)
    i.head_restore_state_run                 0x0001dfa0   Section        0  pstorage.o(i.head_restore_state_run)
    head_restore_state_run                   0x0001dfa1   Thumb Code   110  pstorage.o(i.head_restore_state_run)
    i.heart_rate_meas_timeout_handler        0x0001e018   Section        0  main.o(i.heart_rate_meas_timeout_handler)
    heart_rate_meas_timeout_handler          0x0001e019   Thumb Code    76  main.o(i.heart_rate_meas_timeout_handler)
    i.heart_rate_measurement_char_add        0x0001e074   Section        0  ble_hrs.o(i.heart_rate_measurement_char_add)
    heart_rate_measurement_char_add          0x0001e075   Thumb Code   172  ble_hrs.o(i.heart_rate_measurement_char_add)
    i.hrm_encode                             0x0001e124   Section        0  ble_hrs.o(i.hrm_encode)
    hrm_encode                               0x0001e125   Thumb Code   136  ble_hrs.o(i.hrm_encode)
    i.intern_softdevice_events_execute       0x0001e1ac   Section        0  softdevice_handler.o(i.intern_softdevice_events_execute)
    i.is_conn_params_ok                      0x0001e224   Section        0  ble_conn_params.o(i.is_conn_params_ok)
    is_conn_params_ok                        0x0001e225   Thumb Code    24  ble_conn_params.o(i.is_conn_params_ok)
    i.is_manual_peripheral_setup_needed      0x0001e240   Section        0  system_nrf51.o(i.is_manual_peripheral_setup_needed)
    is_manual_peripheral_setup_needed        0x0001e241   Thumb Code    66  system_nrf51.o(i.is_manual_peripheral_setup_needed)
    i.is_page_erase_required                 0x0001e288   Section        0  pstorage.o(i.is_page_erase_required)
    is_page_erase_required                   0x0001e289   Thumb Code    60  pstorage.o(i.is_page_erase_required)
    i.is_word_aligned                        0x0001e2cc   Section        0  pstorage.o(i.is_word_aligned)
    is_word_aligned                          0x0001e2cd   Thumb Code    12  pstorage.o(i.is_word_aligned)
    i.le_role_encode                         0x0001e2d8   Section        0  ble_advdata.o(i.le_role_encode)
    le_role_encode                           0x0001e2d9   Thumb Code    84  ble_advdata.o(i.le_role_encode)
    i.leds_timer_handler                     0x0001e32c   Section        0  bsp.o(i.leds_timer_handler)
    leds_timer_handler                       0x0001e32d   Thumb Code    18  bsp.o(i.leds_timer_handler)
    i.list_deletions_handler                 0x0001e344   Section        0  app_timer.o(i.list_deletions_handler)
    list_deletions_handler                   0x0001e345   Thumb Code   180  app_timer.o(i.list_deletions_handler)
    i.list_insertions_handler                0x0001e400   Section        0  app_timer.o(i.list_insertions_handler)
    list_insertions_handler                  0x0001e401   Thumb Code   202  app_timer.o(i.list_insertions_handler)
    i.m_configure_next_event                 0x0001e4d4   Section        0  advertiser_beacon_timeslot.o(i.m_configure_next_event)
    i.m_configure_radio                      0x0001e4f8   Section        0  advertiser_beacon_timeslot.o(i.m_configure_radio)
    m_configure_radio                        0x0001e4f9   Thumb Code    78  advertiser_beacon_timeslot.o(i.m_configure_radio)
    i.m_get_adv_packet                       0x0001e570   Section        0  advertiser_beacon_timeslot.o(i.m_get_adv_packet)
    m_get_adv_packet                         0x0001e571   Thumb Code   120  advertiser_beacon_timeslot.o(i.m_get_adv_packet)
    i.m_handle_radio_disabled                0x0001e5ec   Section        0  advertiser_beacon_timeslot.o(i.m_handle_radio_disabled)
    i.m_handle_start                         0x0001e62c   Section        0  advertiser_beacon_timeslot.o(i.m_handle_start)
    i.m_request_earliest                     0x0001e658   Section        0  advertiser_beacon_timeslot.o(i.m_request_earliest)
    i.m_set_adv_ch                           0x0001e67c   Section        0  advertiser_beacon_timeslot.o(i.m_set_adv_ch)
    m_set_adv_ch                             0x0001e67d   Thumb Code    44  advertiser_beacon_timeslot.o(i.m_set_adv_ch)
    i.m_timeslot_callback                    0x0001e6ac   Section        0  advertiser_beacon_timeslot.o(i.m_timeslot_callback)
    m_timeslot_callback                      0x0001e6ad   Thumb Code   102  advertiser_beacon_timeslot.o(i.m_timeslot_callback)
    i.main                                   0x0001e724   Section        0  main.o(i.main)
    i.main_state_err_busy_process            0x0001e7e8   Section        0  pstorage.o(i.main_state_err_busy_process)
    main_state_err_busy_process              0x0001e7e9   Thumb Code    20  pstorage.o(i.main_state_err_busy_process)
    i.manuf_specific_data_encode             0x0001e800   Section        0  ble_advdata.o(i.manuf_specific_data_encode)
    manuf_specific_data_encode               0x0001e801   Thumb Code   104  ble_advdata.o(i.manuf_specific_data_encode)
    i.name_encode                            0x0001e868   Section        0  ble_advdata.o(i.name_encode)
    name_encode                              0x0001e869   Thumb Code   158  ble_advdata.o(i.name_encode)
    i.no_service_context_apply               0x0001e906   Section        0  device_manager_peripheral.o(i.no_service_context_apply)
    no_service_context_apply                 0x0001e907   Thumb Code     4  device_manager_peripheral.o(i.no_service_context_apply)
    i.no_service_context_load                0x0001e90a   Section        0  device_manager_peripheral.o(i.no_service_context_load)
    no_service_context_load                  0x0001e90b   Thumb Code     4  device_manager_peripheral.o(i.no_service_context_load)
    i.no_service_context_store               0x0001e90e   Section        0  device_manager_peripheral.o(i.no_service_context_store)
    no_service_context_store                 0x0001e90f   Thumb Code     4  device_manager_peripheral.o(i.no_service_context_store)
    i.nrf_drv_common_irq_enable              0x0001e914   Section        0  nrf_drv_common.o(i.nrf_drv_common_irq_enable)
    i.nrf_drv_gpiote_in_event_enable         0x0001e974   Section        0  nrf_drv_gpiote.o(i.nrf_drv_gpiote_in_event_enable)
    i.nrf_drv_gpiote_in_init                 0x0001ea14   Section        0  nrf_drv_gpiote.o(i.nrf_drv_gpiote_in_init)
    i.nrf_drv_gpiote_in_is_set               0x0001eab8   Section        0  nrf_drv_gpiote.o(i.nrf_drv_gpiote_in_is_set)
    i.nrf_drv_gpiote_init                    0x0001eacc   Section        0  nrf_drv_gpiote.o(i.nrf_drv_gpiote_init)
    i.nrf_drv_gpiote_is_init                 0x0001eb20   Section        0  nrf_drv_gpiote.o(i.nrf_drv_gpiote_is_init)
    i.nrf_gpio_cfg                           0x0001eb30   Section        0  nrf_drv_gpiote.o(i.nrf_gpio_cfg)
    nrf_gpio_cfg                             0x0001eb31   Thumb Code    32  nrf_drv_gpiote.o(i.nrf_gpio_cfg)
    i.nrf_gpio_cfg_sense_set                 0x0001eb54   Section        0  nrf_drv_gpiote.o(i.nrf_gpio_cfg_sense_set)
    nrf_gpio_cfg_sense_set                   0x0001eb55   Thumb Code    26  nrf_drv_gpiote.o(i.nrf_gpio_cfg_sense_set)
    i.nrf_gpiote_event_is_set                0x0001eb74   Section        0  nrf_drv_gpiote.o(i.nrf_gpiote_event_is_set)
    nrf_gpiote_event_is_set                  0x0001eb75   Thumb Code    14  nrf_drv_gpiote.o(i.nrf_gpiote_event_is_set)
    i.nrf_uart_event_check                   0x0001eb88   Section        0  nrf_drv_uart.o(i.nrf_uart_event_check)
    nrf_uart_event_check                     0x0001eb89   Thumb Code    10  nrf_drv_uart.o(i.nrf_uart_event_check)
    i.nrf_uart_int_enable_check              0x0001eb92   Section        0  nrf_drv_uart.o(i.nrf_uart_int_enable_check)
    nrf_uart_int_enable_check                0x0001eb93   Thumb Code    16  nrf_drv_uart.o(i.nrf_uart_int_enable_check)
    i.on_adv_evt                             0x0001eba2   Section        0  main.o(i.on_adv_evt)
    on_adv_evt                               0x0001eba3   Thumb Code    32  main.o(i.on_adv_evt)
    i.on_conn_params_evt                     0x0001ebc4   Section        0  main.o(i.on_conn_params_evt)
    on_conn_params_evt                       0x0001ebc5   Thumb Code    26  main.o(i.on_conn_params_evt)
    i.peer_address_exists                    0x0001ebe4   Section        0  ble_advertising.o(i.peer_address_exists)
    peer_address_exists                      0x0001ebe5   Thumb Code    22  ble_advertising.o(i.peer_address_exists)
    i.peer_instance_init                     0x0001ebfc   Section        0  device_manager_peripheral.o(i.peer_instance_init)
    peer_instance_init                       0x0001ebfd   Thumb Code    50  device_manager_peripheral.o(i.peer_instance_init)
    i.pin_in_use_by_port                     0x0001ec34   Section        0  nrf_drv_gpiote.o(i.pin_in_use_by_port)
    pin_in_use_by_port                       0x0001ec35   Thumb Code    20  nrf_drv_gpiote.o(i.pin_in_use_by_port)
    i.pin_in_use_by_te                       0x0001ec4c   Section        0  nrf_drv_gpiote.o(i.pin_in_use_by_te)
    pin_in_use_by_te                         0x0001ec4d   Thumb Code    20  nrf_drv_gpiote.o(i.pin_in_use_by_te)
    i.pnp_id_encode                          0x0001ec64   Section        0  ble_dis.o(i.pnp_id_encode)
    pnp_id_encode                            0x0001ec65   Thumb Code    54  ble_dis.o(i.pnp_id_encode)
    i.pstorage_access_status_get             0x0001ec9c   Section        0  pstorage.o(i.pstorage_access_status_get)
    i.pstorage_block_identifier_get          0x0001ecc4   Section        0  pstorage.o(i.pstorage_block_identifier_get)
    i.pstorage_clear                         0x0001ed18   Section        0  pstorage.o(i.pstorage_clear)
    i.pstorage_flash_page_end                0x0001edbc   Section        0  pstorage.o(i.pstorage_flash_page_end)
    pstorage_flash_page_end                  0x0001edbd   Thumb Code    32  pstorage.o(i.pstorage_flash_page_end)
    i.pstorage_flash_page_size               0x0001ede0   Section        0  pstorage.o(i.pstorage_flash_page_size)
    pstorage_flash_page_size                 0x0001ede1   Thumb Code    10  pstorage.o(i.pstorage_flash_page_size)
    i.pstorage_init                          0x0001edec   Section        0  pstorage.o(i.pstorage_init)
    i.pstorage_load                          0x0001ee38   Section        0  pstorage.o(i.pstorage_load)
    i.pstorage_register                      0x0001eee0   Section        0  pstorage.o(i.pstorage_register)
    i.pstorage_store                         0x0001ef9c   Section        0  pstorage.o(i.pstorage_store)
    i.pstorage_sys_event_handler             0x0001f02c   Section        0  pstorage.o(i.pstorage_sys_event_handler)
    i.pstorage_update                        0x0001f078   Section        0  pstorage.o(i.pstorage_update)
    i.rr_interval_timeout_handler            0x0001f108   Section        0  main.o(i.rr_interval_timeout_handler)
    rr_interval_timeout_handler              0x0001f109   Thumb Code    32  main.o(i.rr_interval_timeout_handler)
    i.rtc1_stop                              0x0001f130   Section        0  app_timer.o(i.rtc1_stop)
    rtc1_stop                                0x0001f131   Thumb Code    50  app_timer.o(i.rtc1_stop)
    i.rx_byte                                0x0001f174   Section        0  nrf_drv_uart.o(i.rx_byte)
    rx_byte                                  0x0001f175   Thumb Code    42  nrf_drv_uart.o(i.rx_byte)
    i.rx_done_event                          0x0001f1ac   Section        0  nrf_drv_uart.o(i.rx_done_event)
    rx_done_event                            0x0001f1ad   Thumb Code    22  nrf_drv_uart.o(i.rx_done_event)
    i.sd_check_ram_start                     0x0001f1c8   Section        0  softdevice_handler.o(i.sd_check_ram_start)
    i.sd_nvic_EnableIRQ                      0x0001f1d8   Section        0  softdevice_handler.o(i.sd_nvic_EnableIRQ)
    sd_nvic_EnableIRQ                        0x0001f1d9   Thumb Code   116  softdevice_handler.o(i.sd_nvic_EnableIRQ)
    i.sensor_contact_detected_timeout_handler 0x0001f264   Section        0  main.o(i.sensor_contact_detected_timeout_handler)
    sensor_contact_detected_timeout_handler  0x0001f265   Thumb Code    20  main.o(i.sensor_contact_detected_timeout_handler)
    i.sensor_simulator_init                  0x0001f280   Section        0  main.o(i.sensor_simulator_init)
    sensor_simulator_init                    0x0001f281   Thumb Code    84  main.o(i.sensor_simulator_init)
    i.sensorsim_decrement                    0x0001f2dc   Section        0  sensorsim.o(i.sensorsim_decrement)
    i.sensorsim_increment                    0x0001f2f8   Section        0  sensorsim.o(i.sensorsim_increment)
    i.sensorsim_init                         0x0001f314   Section        0  sensorsim.o(i.sensorsim_init)
    i.sensorsim_measure                      0x0001f32c   Section        0  sensorsim.o(i.sensorsim_measure)
    i.service_data_encode                    0x0001f346   Section        0  ble_advdata.o(i.service_data_encode)
    service_data_encode                      0x0001f347   Thumb Code   142  ble_advdata.o(i.service_data_encode)
    i.services_init                          0x0001f3d4   Section        0  main.o(i.services_init)
    services_init                            0x0001f3d5   Thumb Code   214  main.o(i.services_init)
    i.sleep_mode_enter                       0x0001f4c4   Section        0  main.o(i.sleep_mode_enter)
    sleep_mode_enter                         0x0001f4c5   Thumb Code    40  main.o(i.sleep_mode_enter)
    i.sm_state_change                        0x0001f4ec   Section        0  pstorage.o(i.sm_state_change)
    sm_state_change                          0x0001f4ed   Thumb Code    62  pstorage.o(i.sm_state_change)
    i.softdevice_ble_evt_handler_set         0x0001f534   Section        0  softdevice_handler.o(i.softdevice_ble_evt_handler_set)
    i.softdevice_enable                      0x0001f548   Section        0  softdevice_handler.o(i.softdevice_enable)
    i.softdevice_enable_get_default_config   0x0001f55c   Section        0  softdevice_handler.o(i.softdevice_enable_get_default_config)
    i.softdevice_fault_handler               0x0001f584   Section        0  softdevice_handler.o(i.softdevice_fault_handler)
    i.softdevice_handler_init                0x0001f58c   Section        0  softdevice_handler.o(i.softdevice_handler_init)
    i.softdevice_sys_evt_handler_set         0x0001f5c0   Section        0  softdevice_handler.o(i.softdevice_sys_evt_handler_set)
    i.state_data_erase_swap_entry_run        0x0001f5d4   Section        0  pstorage.o(i.state_data_erase_swap_entry_run)
    state_data_erase_swap_entry_run          0x0001f5d5   Thumb Code    92  pstorage.o(i.state_data_erase_swap_entry_run)
    i.state_erase_data_page_entry_run        0x0001f638   Section        0  pstorage.o(i.state_erase_data_page_entry_run)
    state_erase_data_page_entry_run          0x0001f639   Thumb Code    12  pstorage.o(i.state_erase_data_page_entry_run)
    i.state_restore_head_entry_run           0x0001f648   Section        0  pstorage.o(i.state_restore_head_entry_run)
    state_restore_head_entry_run             0x0001f649   Thumb Code    36  pstorage.o(i.state_restore_head_entry_run)
    i.state_restore_tail_entry_run           0x0001f670   Section        0  pstorage.o(i.state_restore_tail_entry_run)
    state_restore_tail_entry_run             0x0001f671   Thumb Code    66  pstorage.o(i.state_restore_tail_entry_run)
    i.state_swap_erase_entry_run             0x0001f6bc   Section        0  pstorage.o(i.state_swap_erase_entry_run)
    state_swap_erase_entry_run               0x0001f6bd   Thumb Code    32  pstorage.o(i.state_swap_erase_entry_run)
    i.state_write_data_swap_entry_run        0x0001f6dc   Section        0  pstorage.o(i.state_write_data_swap_entry_run)
    state_write_data_swap_entry_run          0x0001f6dd   Thumb Code    42  pstorage.o(i.state_write_data_swap_entry_run)
    i.storage_operation_dummy_handler        0x0001f70c   Section        0  device_manager_peripheral.o(i.storage_operation_dummy_handler)
    storage_operation_dummy_handler          0x0001f70d   Thumb Code     4  device_manager_peripheral.o(i.storage_operation_dummy_handler)
    i.store_cmd_flash_write_execute          0x0001f710   Section        0  pstorage.o(i.store_cmd_flash_write_execute)
    store_cmd_flash_write_execute            0x0001f711   Thumb Code    82  pstorage.o(i.store_cmd_flash_write_execute)
    i.swap_erase_state_run                   0x0001f76c   Section        0  pstorage.o(i.swap_erase_state_run)
    swap_erase_state_run                     0x0001f76d   Thumb Code    24  pstorage.o(i.swap_erase_state_run)
    i.swap_sub_state_err_busy_process        0x0001f788   Section        0  pstorage.o(i.swap_sub_state_err_busy_process)
    swap_sub_state_err_busy_process          0x0001f789   Thumb Code    20  pstorage.o(i.swap_sub_state_err_busy_process)
    i.swap_sub_state_state_change            0x0001f7a0   Section        0  pstorage.o(i.swap_sub_state_state_change)
    swap_sub_state_state_change              0x0001f7a1   Thumb Code    12  pstorage.o(i.swap_sub_state_state_change)
    i.sys_evt_dispatch                       0x0001f7b4   Section        0  main.o(i.sys_evt_dispatch)
    sys_evt_dispatch                         0x0001f7b5   Thumb Code    22  main.o(i.sys_evt_dispatch)
    i.sys_id_encode                          0x0001f7ca   Section        0  ble_dis.o(i.sys_id_encode)
    sys_id_encode                            0x0001f7cb   Thumb Code    78  ble_dis.o(i.sys_id_encode)
    i.tail_restore_state_run                 0x0001f818   Section        0  pstorage.o(i.tail_restore_state_run)
    tail_restore_state_run                   0x0001f819   Thumb Code    22  pstorage.o(i.tail_restore_state_run)
    i.timer_list_handler                     0x0001f834   Section        0  app_timer.o(i.timer_list_handler)
    timer_list_handler                       0x0001f835   Thumb Code   128  app_timer.o(i.timer_list_handler)
    i.timer_list_handler_sched               0x0001f8b8   Section        0  app_timer.o(i.timer_list_handler_sched)
    timer_list_handler_sched                 0x0001f8b9   Thumb Code    10  app_timer.o(i.timer_list_handler_sched)
    i.timer_list_insert                      0x0001f8c8   Section        0  app_timer.o(i.timer_list_insert)
    timer_list_insert                        0x0001f8c9   Thumb Code    60  app_timer.o(i.timer_list_insert)
    i.timer_timeouts_check                   0x0001f908   Section        0  app_timer.o(i.timer_timeouts_check)
    timer_timeouts_check                     0x0001f909   Thumb Code   118  app_timer.o(i.timer_timeouts_check)
    i.timers_init                            0x0001f988   Section        0  main.o(i.timers_init)
    timers_init                              0x0001f989   Thumb Code   102  main.o(i.timers_init)
    i.tx_byte                                0x0001fa08   Section        0  nrf_drv_uart.o(i.tx_byte)
    tx_byte                                  0x0001fa09   Thumb Code    30  nrf_drv_uart.o(i.tx_byte)
    i.tx_done_event                          0x0001fa34   Section        0  nrf_drv_uart.o(i.tx_done_event)
    tx_done_event                            0x0001fa35   Thumb Code    26  nrf_drv_uart.o(i.tx_done_event)
    i.uart_irq_handler                       0x0001fa54   Section        0  nrf_drv_uart.o(i.uart_irq_handler)
    uart_irq_handler                         0x0001fa55   Thumb Code   278  nrf_drv_uart.o(i.uart_irq_handler)
    i.uint16_encode                          0x0001fb7c   Section        0  ble_advdata.o(i.uint16_encode)
    uint16_encode                            0x0001fb7d   Thumb Code    10  ble_advdata.o(i.uint16_encode)
    i.update_status_bit_reset                0x0001fb88   Section        0  device_manager_peripheral.o(i.update_status_bit_reset)
    update_status_bit_reset                  0x0001fb89   Thumb Code    14  device_manager_peripheral.o(i.update_status_bit_reset)
    i.update_timeout_handler                 0x0001fb9c   Section        0  ble_conn_params.o(i.update_timeout_handler)
    update_timeout_handler                   0x0001fb9d   Thumb Code    86  ble_conn_params.o(i.update_timeout_handler)
    i.user_id_get                            0x0001fc00   Section        0  app_timer.o(i.user_id_get)
    user_id_get                              0x0001fc01   Thumb Code    76  app_timer.o(i.user_id_get)
    i.user_op_alloc                          0x0001fc54   Section        0  app_timer.o(i.user_op_alloc)
    user_op_alloc                            0x0001fc55   Thumb Code    38  app_timer.o(i.user_op_alloc)
    i.uuid_list_encode                       0x0001fc7a   Section        0  ble_advdata.o(i.uuid_list_encode)
    uuid_list_encode                         0x0001fc7b   Thumb Code    48  ble_advdata.o(i.uuid_list_encode)
    i.uuid_list_sized_encode                 0x0001fcaa   Section        0  ble_advdata.o(i.uuid_list_sized_encode)
    uuid_list_sized_encode                   0x0001fcab   Thumb Code   174  ble_advdata.o(i.uuid_list_sized_encode)
    i.whitelist_has_entries                  0x0001fd58   Section        0  ble_advertising.o(i.whitelist_has_entries)
    whitelist_has_entries                    0x0001fd59   Thumb Code    16  ble_advertising.o(i.whitelist_has_entries)
    .constdata                               0x0001fd68   Section       20  main.o(.constdata)
    m_battery_timer_id                       0x0001fd68   Data           4  main.o(.constdata)
    m_heart_rate_timer_id                    0x0001fd6c   Data           4  main.o(.constdata)
    m_rr_interval_timer_id                   0x0001fd70   Data           4  main.o(.constdata)
    m_sensor_contact_timer_id                0x0001fd74   Data           4  main.o(.constdata)
    .constdata                               0x0001fd7c   Section       60  bsp.o(.constdata)
    m_leds_timer_id                          0x0001fd7c   Data           4  bsp.o(.constdata)
    m_alert_timer_id                         0x0001fd80   Data           4  bsp.o(.constdata)
    m_button_timer_id                        0x0001fd84   Data           4  bsp.o(.constdata)
    m_buttons_list                           0x0001fd88   Data          16  bsp.o(.constdata)
    app_buttons                              0x0001fd98   Data          32  bsp.o(.constdata)
    .constdata                               0x0001fdb8   Section        4  ble_conn_params.o(.constdata)
    m_conn_params_timer_id                   0x0001fdb8   Data           4  ble_conn_params.o(.constdata)
    .constdata                               0x0001fdbc   Section       48  device_manager_peripheral.o(.constdata)
    .constdata                               0x0001fdec   Section       40  pstorage.o(.constdata)
    swap_sub_state_sm_lut                    0x0001fdec   Data          20  pstorage.o(.constdata)
    swap_sub_state_sm_lut                    0x0001fe00   Data          20  pstorage.o(.constdata)
    .constdata                               0x0001fe14   Section        8  app_button.o(.constdata)
    m_detection_delay_timer_id               0x0001fe14   Data           4  app_button.o(.constdata)
    .data                                    0x20002080   Section       12  advertiser_beacon_timeslot.o(.data)
    mode                                     0x20002080   Data           1  advertiser_beacon_timeslot.o(.data)
    signal_callback_return_param             0x20002084   Data           8  advertiser_beacon_timeslot.o(.data)
    .data                                    0x2000208c   Section       64  main.o(.data)
    m_rr_interval_enabled                    0x2000208c   Data           1  main.o(.data)
    sensor_contact_detected                  0x2000208d   Data           1  main.o(.data)
    m_app_handle                             0x2000208e   Data           1  main.o(.data)
    m_conn_handle                            0x20002090   Data           2  main.o(.data)
    cnt                                      0x20002094   Data           4  main.o(.data)
    m_battery_sim_state                      0x20002098   Data           8  main.o(.data)
    m_heart_rate_sim_state                   0x200020a0   Data           8  main.o(.data)
    m_rr_interval_sim_state                  0x200020a8   Data           8  main.o(.data)
    m_adv_uuids                              0x200020b0   Data          12  main.o(.data)
    beacon_uuid                              0x200020bc   Data          16  main.o(.data)
    .data                                    0x200020cc   Section       24  bsp.o(.data)
    m_stable_state                           0x200020cc   Data           1  bsp.o(.data)
    current_long_push_pin_no                 0x200020cd   Data           1  bsp.o(.data)
    m_app_ticks_per_100ms                    0x200020d0   Data           4  bsp.o(.data)
    m_indication_type                        0x200020d4   Data           4  bsp.o(.data)
    m_alert_mask                             0x200020d8   Data           4  bsp.o(.data)
    m_registered_callback                    0x200020dc   Data           4  bsp.o(.data)
    release_event_at_push                    0x200020e0   Data           4  bsp.o(.data)
    .data                                    0x200020e4   Section        8  bsp_btn_ble.o(.data)
    m_error_handler                          0x200020e4   Data           4  bsp_btn_ble.o(.data)
    m_num_connections                        0x200020e8   Data           4  bsp_btn_ble.o(.data)
    .data                                    0x200020ec   Section       31  ble_advertising.o(.data)
    m_advertising_start_pending              0x200020ec   Data           1  ble_advertising.o(.data)
    m_whitelist_temporarily_disabled         0x200020ed   Data           1  ble_advertising.o(.data)
    m_whitelist_reply_expected               0x200020ee   Data           1  ble_advertising.o(.data)
    m_peer_addr_reply_expected               0x200020ef   Data           1  ble_advertising.o(.data)
    m_adv_evt                                0x200020f0   Data           1  ble_advertising.o(.data)
    m_adv_mode_current                       0x200020f1   Data           1  ble_advertising.o(.data)
    m_tx_power_level                         0x200020f2   Data           1  ble_advertising.o(.data)
    current_slave_link_conn_handle           0x200020f4   Data           2  ble_advertising.o(.data)
    m_evt_handler                            0x200020f8   Data           4  ble_advertising.o(.data)
    m_error_handler                          0x200020fc   Data           4  ble_advertising.o(.data)
    m_slave_conn_int                         0x20002100   Data           4  ble_advertising.o(.data)
    m_peer_address                           0x20002104   Data           7  ble_advertising.o(.data)
    .data                                    0x2000210c   Section       20  ble_conn_params.o(.data)
    m_change_param                           0x2000210c   Data           1  ble_conn_params.o(.data)
    m_update_count                           0x2000210d   Data           1  ble_conn_params.o(.data)
    m_conn_handle                            0x2000210e   Data           2  ble_conn_params.o(.data)
    m_preferred_conn_params                  0x20002110   Data           8  ble_conn_params.o(.data)
    m_current_conn_params                    0x20002118   Data           8  ble_conn_params.o(.data)
    .data                                    0x20002120   Section       74  ble_dis.o(.data)
    service_handle                           0x20002120   Data           2  ble_dis.o(.data)
    manufact_name_handles                    0x20002122   Data           8  ble_dis.o(.data)
    model_num_handles                        0x2000212a   Data           8  ble_dis.o(.data)
    serial_num_handles                       0x20002132   Data           8  ble_dis.o(.data)
    hw_rev_handles                           0x2000213a   Data           8  ble_dis.o(.data)
    fw_rev_handles                           0x20002142   Data           8  ble_dis.o(.data)
    sw_rev_handles                           0x2000214a   Data           8  ble_dis.o(.data)
    sys_id_handles                           0x20002152   Data           8  ble_dis.o(.data)
    reg_cert_data_list_handles               0x2000215a   Data           8  ble_dis.o(.data)
    pnp_id_handles                           0x20002162   Data           8  ble_dis.o(.data)
    .data                                    0x2000216c   Section       24  device_manager_peripheral.o(.data)
    m_module_initialized                     0x2000216c   Data           1  device_manager_peripheral.o(.data)
    m_peer_addr_update                       0x20002170   Data           4  device_manager_peripheral.o(.data)
    m_irk_index_table                        0x20002174   Data           7  device_manager_peripheral.o(.data)
    m_storage_handle                         0x2000217c   Data           8  device_manager_peripheral.o(.data)
    .data                                    0x20002184   Section       36  pstorage.o(.data)
    m_state                                  0x20002184   Data           1  pstorage.o(.data)
    m_swap_sub_state                         0x20002185   Data           1  pstorage.o(.data)
    m_next_app_instance                      0x20002186   Data           2  pstorage.o(.data)
    m_flags                                  0x20002188   Data           4  pstorage.o(.data)
    m_next_page_addr                         0x2000218c   Data           4  pstorage.o(.data)
    m_head_word_size                         0x20002190   Data           4  pstorage.o(.data)
    m_tail_word_size                         0x20002194   Data           4  pstorage.o(.data)
    m_current_page_id                        0x20002198   Data           4  pstorage.o(.data)
    m_num_of_command_retries                 0x2000219c   Data           4  pstorage.o(.data)
    m_num_of_bytes_written                   0x200021a0   Data           4  pstorage.o(.data)
    m_app_data_size                          0x200021a4   Data           4  pstorage.o(.data)
    .data                                    0x200021a8   Section       20  app_button.o(.data)
    m_button_count                           0x200021a8   Data           1  app_button.o(.data)
    mp_buttons                               0x200021ac   Data           4  app_button.o(.data)
    m_detection_delay                        0x200021b0   Data           4  app_button.o(.data)
    m_pin_state                              0x200021b4   Data           4  app_button.o(.data)
    m_pin_transition                         0x200021b8   Data           4  app_button.o(.data)
    .data                                    0x200021bc   Section       32  app_timer.o(.data)
    m_user_array_size                        0x200021bc   Data           1  app_timer.o(.data)
    m_ticks_elapsed_q_read_ind               0x200021bd   Data           1  app_timer.o(.data)
    m_ticks_elapsed_q_write_ind              0x200021be   Data           1  app_timer.o(.data)
    m_rtc1_running                           0x200021bf   Data           1  app_timer.o(.data)
    m_rtc1_reset                             0x200021c0   Data           1  app_timer.o(.data)
    mp_users                                 0x200021c4   Data           4  app_timer.o(.data)
    mp_timer_id_head                         0x200021c8   Data           4  app_timer.o(.data)
    m_ticks_latest                           0x200021cc   Data           4  app_timer.o(.data)
    m_evt_schedule_func                      0x200021d0   Data           4  app_timer.o(.data)
    m_ticks_elapsed                          0x200021d4   Data           8  app_timer.o(.data)
    .data                                    0x200021dc   Section       28  softdevice_handler.o(.data)
    m_softdevice_enabled                     0x200021dc   Data           1  softdevice_handler.o(.data)
    m_ble_evt_buffer_size                    0x200021de   Data           2  softdevice_handler.o(.data)
    m_evt_schedule_func                      0x200021e0   Data           4  softdevice_handler.o(.data)
    mp_ble_evt_buffer                        0x200021e4   Data           4  softdevice_handler.o(.data)
    m_ble_evt_handler                        0x200021e8   Data           4  softdevice_handler.o(.data)
    m_sys_evt_handler                        0x200021ec   Data           4  softdevice_handler.o(.data)
    .data                                    0x200021f8   Section        4  system_nrf51.o(.data)
    __tagsym$$used                           0x200021f8   Number         0  system_nrf51.o(.data)
    .bss                                     0x200021fc   Section      104  advertiser_beacon_timeslot.o(.bss)
    adv_pdu                                  0x200021fc   Data          40  advertiser_beacon_timeslot.o(.bss)
    m_beacon                                 0x20002224   Data          64  advertiser_beacon_timeslot.o(.bss)
    .bss                                     0x20002264   Section       32  main.o(.bss)
    m_battery_timer_id_data                  0x20002264   Data          32  main.o(.bss)
    .bss                                     0x20002284   Section       32  main.o(.bss)
    m_heart_rate_timer_id_data               0x20002284   Data          32  main.o(.bss)
    .bss                                     0x200022a4   Section       32  main.o(.bss)
    m_rr_interval_timer_id_data              0x200022a4   Data          32  main.o(.bss)
    .bss                                     0x200022c4   Section       32  main.o(.bss)
    m_sensor_contact_timer_id_data           0x200022c4   Data          32  main.o(.bss)
    .bss                                     0x200022e4   Section      720  main.o(.bss)
    APP_TIMER_BUF                            0x200022e4   Data         456  main.o(.bss)
    BLE_EVT_BUFFER                           0x200024ac   Data          72  main.o(.bss)
    beacon_init                              0x200024f4   Data          40  main.o(.bss)
    m_bas                                    0x2000251c   Data          24  main.o(.bss)
    m_hrs                                    0x20002534   Data          80  main.o(.bss)
    m_battery_sim_cfg                        0x20002584   Data          16  main.o(.bss)
    m_heart_rate_sim_cfg                     0x20002594   Data          16  main.o(.bss)
    m_rr_interval_sim_cfg                    0x200025a4   Data          16  main.o(.bss)
    .bss                                     0x200025b4   Section       32  bsp.o(.bss)
    m_leds_timer_id_data                     0x200025b4   Data          32  bsp.o(.bss)
    .bss                                     0x200025d4   Section       32  bsp.o(.bss)
    m_alert_timer_id_data                    0x200025d4   Data          32  bsp.o(.bss)
    .bss                                     0x200025f4   Section       12  bsp.o(.bss)
    m_events_list                            0x200025f4   Data          12  bsp.o(.bss)
    .bss                                     0x20002600   Section       32  bsp.o(.bss)
    m_button_timer_id_data                   0x20002600   Data          32  bsp.o(.bss)
    .bss                                     0x20002620   Section      259  ble_advertising.o(.bss)
    m_advdata                                0x20002620   Data          56  ble_advertising.o(.bss)
    m_adv_modes_config                       0x20002658   Data          36  ble_advertising.o(.bss)
    m_whitelist                              0x2000267c   Data          16  ble_advertising.o(.bss)
    mp_whitelist_addr                        0x2000268c   Data          32  ble_advertising.o(.bss)
    mp_whitelist_irk                         0x200026ac   Data          32  ble_advertising.o(.bss)
    m_manuf_specific_data                    0x200026cc   Data          12  ble_advertising.o(.bss)
    m_manuf_data_array                       0x200026d8   Data          31  ble_advertising.o(.bss)
    m_service_data                           0x200026f8   Data          12  ble_advertising.o(.bss)
    m_service_data_array                     0x20002704   Data          31  ble_advertising.o(.bss)
    .bss                                     0x20002724   Section       32  ble_conn_params.o(.bss)
    m_conn_params_timer_id_data              0x20002724   Data          32  ble_conn_params.o(.bss)
    .bss                                     0x20002744   Section       28  ble_conn_params.o(.bss)
    m_conn_params_config                     0x20002744   Data          28  ble_conn_params.o(.bss)
    .bss                                     0x20002760   Section      295  device_manager_peripheral.o(.bss)
    m_peer_table                             0x20002760   Data         196  device_manager_peripheral.o(.bss)
    m_bond_table                             0x20002824   Data          28  device_manager_peripheral.o(.bss)
    m_gatts_table                            0x20002840   Data          24  device_manager_peripheral.o(.bss)
    m_connection_table                       0x20002858   Data          12  device_manager_peripheral.o(.bss)
    m_application_table                      0x20002864   Data          12  device_manager_peripheral.o(.bss)
    m_local_id_info                          0x20002870   Data          23  device_manager_peripheral.o(.bss)
    .bss                                     0x20002888   Section       72  nrf_drv_gpiote.o(.bss)
    m_cb                                     0x20002888   Data          72  nrf_drv_gpiote.o(.bss)
    .bss                                     0x200028d0   Section       28  nrf_drv_uart.o(.bss)
    m_cb                                     0x200028d0   Data          28  nrf_drv_uart.o(.bss)
    .bss                                     0x200028ec   Section      216  pstorage.o(.bss)
    m_cmd_queue                              0x200028ec   Data         204  pstorage.o(.bss)
    m_app_table                              0x200029b8   Data          12  pstorage.o(.bss)
    .bss                                     0x200029c4   Section       32  app_button.o(.bss)
    m_detection_delay_timer_id_data          0x200029c4   Data          32  app_button.o(.bss)
    .bss                                     0x200029e4   Section       88  fstorage.o(.bss)
    m_queue                                  0x200029e4   Data          88  fstorage.o(.bss)
    STACK                                    0x20002a40   Section     2048  arm_startup_nrf51.o(STACK)

    Global Symbols

    Symbol Name                              Value     Ov Type        Size  Object(Section)

    BuildAttributes$$THM_ISAv3M$S$PE$A:L22$X:L11$S22$IEEE1$IW$USESV6$~STKCKD$USESV7$~SHL$OSPACE$ROPI$EBA8$MICROLIB$REQ8$PRES8$EABIv2 0x00000000   Number         0  anon$$obj.o ABSOLUTE
    __ARM_use_no_argv                        0x00000000   Number         0  main.o ABSOLUTE
    __cpp_initialize__aeabi_                  - Undefined Weak Reference
    __cxa_finalize                            - Undefined Weak Reference
    _clock_init                               - Undefined Weak Reference
    _microlib_exit                            - Undefined Weak Reference
    fs_data$$Base                             - Undefined Reference
    fs_data$$Limit                            - Undefined Reference
    __Vectors_Size                           0x000000c0   Number         0  arm_startup_nrf51.o ABSOLUTE
    __Vectors                                0x0001b000   Data           4  arm_startup_nrf51.o(RESET)
    __Vectors_End                            0x0001b0c0   Data           0  arm_startup_nrf51.o(RESET)
    __main                                   0x0001b0c1   Thumb Code     0  entry.o(.ARM.Collect$$$$00000000)
    _main_stk                                0x0001b0c1   Thumb Code     0  entry2.o(.ARM.Collect$$$$00000001)
    _main_scatterload                        0x0001b0c5   Thumb Code     0  entry5.o(.ARM.Collect$$$$00000004)
    __main_after_scatterload                 0x0001b0c9   Thumb Code     0  entry5.o(.ARM.Collect$$$$00000004)
    _main_clock                              0x0001b0c9   Thumb Code     0  entry7b.o(.ARM.Collect$$$$00000008)
    _main_cpp_init                           0x0001b0c9   Thumb Code     0  entry8b.o(.ARM.Collect$$$$0000000A)
    _main_init                               0x0001b0c9   Thumb Code     0  entry9a.o(.ARM.Collect$$$$0000000B)
    __rt_final_cpp                           0x0001b0d1   Thumb Code     0  entry10a.o(.ARM.Collect$$$$0000000D)
    __rt_final_exit                          0x0001b0d1   Thumb Code     0  entry11a.o(.ARM.Collect$$$$0000000F)
    __asm___11_app_timer_c_cd27f9c3__nrf_delay_us 0x0001b0d5   Thumb Code    30  app_timer.o(.emb_text)
    Reset_Handler                            0x0001b0f5   Thumb Code    26  arm_startup_nrf51.o(.text)
    NMI_Handler                              0x0001b10f   Thumb Code     2  arm_startup_nrf51.o(.text)
    HardFault_Handler                        0x0001b111   Thumb Code     2  arm_startup_nrf51.o(.text)
    SVC_Handler                              0x0001b113   Thumb Code     2  arm_startup_nrf51.o(.text)
    PendSV_Handler                           0x0001b115   Thumb Code     2  arm_startup_nrf51.o(.text)
    SysTick_Handler                          0x0001b117   Thumb Code     2  arm_startup_nrf51.o(.text)
    ADC_IRQHandler                           0x0001b119   Thumb Code     0  arm_startup_nrf51.o(.text)
    CCM_AAR_IRQHandler                       0x0001b119   Thumb Code     0  arm_startup_nrf51.o(.text)
    ECB_IRQHandler                           0x0001b119   Thumb Code     0  arm_startup_nrf51.o(.text)
    LPCOMP_IRQHandler                        0x0001b119   Thumb Code     0  arm_startup_nrf51.o(.text)
    POWER_CLOCK_IRQHandler                   0x0001b119   Thumb Code     0  arm_startup_nrf51.o(.text)
    QDEC_IRQHandler                          0x0001b119   Thumb Code     0  arm_startup_nrf51.o(.text)
    RADIO_IRQHandler                         0x0001b119   Thumb Code     0  arm_startup_nrf51.o(.text)
    RNG_IRQHandler                           0x0001b119   Thumb Code     0  arm_startup_nrf51.o(.text)
    RTC0_IRQHandler                          0x0001b119   Thumb Code     0  arm_startup_nrf51.o(.text)
    SPI0_TWI0_IRQHandler                     0x0001b119   Thumb Code     0  arm_startup_nrf51.o(.text)
    SPI1_TWI1_IRQHandler                     0x0001b119   Thumb Code     0  arm_startup_nrf51.o(.text)
    SWI1_IRQHandler                          0x0001b119   Thumb Code     0  arm_startup_nrf51.o(.text)
    SWI3_IRQHandler                          0x0001b119   Thumb Code     0  arm_startup_nrf51.o(.text)
    SWI4_IRQHandler                          0x0001b119   Thumb Code     0  arm_startup_nrf51.o(.text)
    SWI5_IRQHandler                          0x0001b119   Thumb Code     0  arm_startup_nrf51.o(.text)
    TEMP_IRQHandler                          0x0001b119   Thumb Code     0  arm_startup_nrf51.o(.text)
    TIMER0_IRQHandler                        0x0001b119   Thumb Code     0  arm_startup_nrf51.o(.text)
    TIMER1_IRQHandler                        0x0001b119   Thumb Code     0  arm_startup_nrf51.o(.text)
    TIMER2_IRQHandler                        0x0001b119   Thumb Code     0  arm_startup_nrf51.o(.text)
    WDT_IRQHandler                           0x0001b119   Thumb Code     0  arm_startup_nrf51.o(.text)
    __aeabi_uidiv                            0x0001b12d   Thumb Code     0  uidiv.o(.text)
    __aeabi_uidivmod                         0x0001b12d   Thumb Code    44  uidiv.o(.text)
    __aeabi_idiv                             0x0001b159   Thumb Code     0  idiv.o(.text)
    __aeabi_idivmod                          0x0001b159   Thumb Code    40  idiv.o(.text)
    ___aeabi_memcpy8$move                    0x0001b181   Thumb Code     0  memmovea.o(.text)
    __aeabi_memcpy                           0x0001b181   Thumb Code    64  memmovea.o(.text)
    __aeabi_memcpy4                          0x0001b181   Thumb Code     0  memmovea.o(.text)
    __aeabi_memmove                          0x0001b181   Thumb Code     0  memmovea.o(.text)
    __aeabi_memmove4                         0x0001b181   Thumb Code     0  memmovea.o(.text)
    __aeabi_memmove8                         0x0001b181   Thumb Code     0  memmovea.o(.text)
    __aeabi_memset                           0x0001b1c1   Thumb Code    14  memseta.o(.text)
    __aeabi_memset4                          0x0001b1c1   Thumb Code     0  memseta.o(.text)
    __aeabi_memset8                          0x0001b1c1   Thumb Code     0  memseta.o(.text)
    __aeabi_memclr                           0x0001b1cf   Thumb Code     4  memseta.o(.text)
    __aeabi_memclr4                          0x0001b1cf   Thumb Code     0  memseta.o(.text)
    __aeabi_memclr8                          0x0001b1cf   Thumb Code     0  memseta.o(.text)
    _memset$wrapper                          0x0001b1d3   Thumb Code    18  memseta.o(.text)
    strlen                                   0x0001b1e5   Thumb Code    14  strlen.o(.text)
    memcmp                                   0x0001b1f3   Thumb Code    26  memcmp.o(.text)
    __scatterload                            0x0001b20d   Thumb Code    28  init.o(.text)
    __scatterload_rt2                        0x0001b20d   Thumb Code     0  init.o(.text)
    __decompress                             0x0001b231   Thumb Code     0  __dczerorl2.o(.text)
    __decompress1                            0x0001b231   Thumb Code    86  __dczerorl2.o(.text)
    GPIOTE_IRQHandler                        0x0001b289   Thumb Code   312  nrf_drv_gpiote.o(i.GPIOTE_IRQHandler)
    RTC1_IRQHandler                          0x0001b421   Thumb Code    28  app_timer.o(i.RTC1_IRQHandler)
    SWI0_IRQHandler                          0x0001b441   Thumb Code     8  app_timer.o(i.SWI0_IRQHandler)
    SWI2_IRQHandler                          0x0001b449   Thumb Code    28  softdevice_handler.o(i.SWI2_IRQHandler)
    SystemInit                               0x0001b469   Thumb Code    64  system_nrf51.o(i.SystemInit)
    UART0_IRQHandler                         0x0001b4bd   Thumb Code     8  nrf_drv_uart.o(i.UART0_IRQHandler)
    __ARM_common_switch8                     0x0001b4c5   Thumb Code    26  bsp.o(i.__ARM_common_switch8)
    __scatterload_copy                       0x0001b4df   Thumb Code    14  handlers.o(i.__scatterload_copy)
    __scatterload_null                       0x0001b4ed   Thumb Code     2  handlers.o(i.__scatterload_null)
    __scatterload_zeroinit                   0x0001b4ef   Thumb Code    14  handlers.o(i.__scatterload_zeroinit)
    adv_data_encode                          0x0001b4fd   Thumb Code   534  ble_advdata.o(i.adv_data_encode)
    app_beacon_init                          0x0001b7c5   Thumb Code    58  advertiser_beacon_timeslot.o(i.app_beacon_init)
    app_beacon_on_sys_evt                    0x0001b809   Thumb Code    58  advertiser_beacon_timeslot.o(i.app_beacon_on_sys_evt)
    app_beacon_start                         0x0001b849   Thumb Code    46  advertiser_beacon_timeslot.o(i.app_beacon_start)
    app_beacon_stop                          0x0001b881   Thumb Code     8  advertiser_beacon_timeslot.o(i.app_beacon_stop)
    app_button_enable                        0x0001b88d   Thumb Code    32  app_button.o(i.app_button_enable)
    app_button_init                          0x0001b8b1   Thumb Code   100  app_button.o(i.app_button_init)
    app_error_fault_handler                  0x0001b925   Thumb Code    18  app_error_weak.o(i.app_error_fault_handler)
    app_error_handler_bare                   0x0001b941   Thumb Code    20  app_error.o(i.app_error_handler_bare)
    app_timer_create                         0x0001b9b1   Thumb Code    40  app_timer.o(i.app_timer_create)
    app_timer_init                           0x0001b9dd   Thumb Code   126  app_timer.o(i.app_timer_init)
    app_timer_start                          0x0001ba6d   Thumb Code   114  app_timer.o(i.app_timer_start)
    app_timer_stop                           0x0001bae9   Thumb Code    78  app_timer.o(i.app_timer_stop)
    ble_advdata_set                          0x0001bd69   Thumb Code   104  ble_advdata.o(i.ble_advdata_set)
    ble_advertising_init                     0x0001bdd1   Thumb Code   284  ble_advertising.o(i.ble_advertising_init)
    ble_advertising_on_ble_evt               0x0001bef5   Thumb Code   118  ble_advertising.o(i.ble_advertising_on_ble_evt)
    ble_advertising_on_sys_evt               0x0001bf71   Thumb Code    42  ble_advertising.o(i.ble_advertising_on_sys_evt)
    ble_advertising_restart_without_whitelist 0x0001bfb1   Thumb Code    78  ble_advertising.o(i.ble_advertising_restart_without_whitelist)
    ble_advertising_start                    0x0001c009   Thumb Code   482  ble_advertising.o(i.ble_advertising_start)
    ble_bas_battery_level_update             0x0001c1f5   Thumb Code   112  ble_bas.o(i.ble_bas_battery_level_update)
    ble_bas_init                             0x0001c269   Thumb Code    66  ble_bas.o(i.ble_bas_init)
    ble_bas_on_ble_evt                       0x0001c2b1   Thumb Code    94  ble_bas.o(i.ble_bas_on_ble_evt)
    ble_conn_params_init                     0x0001c311   Thumb Code    68  ble_conn_params.o(i.ble_conn_params_init)
    ble_conn_params_on_ble_evt               0x0001c365   Thumb Code   132  ble_conn_params.o(i.ble_conn_params_on_ble_evt)
    ble_dis_init                             0x0001c455   Thumb Code   308  ble_dis.o(i.ble_dis_init)
    ble_hrs_heart_rate_measurement_send      0x0001c615   Thumb Code    82  ble_hrs.o(i.ble_hrs_heart_rate_measurement_send)
    ble_hrs_init                             0x0001c66d   Thumb Code    86  ble_hrs.o(i.ble_hrs_init)
    ble_hrs_on_ble_evt                       0x0001c6c9   Thumb Code    80  ble_hrs.o(i.ble_hrs_on_ble_evt)
    ble_hrs_rr_interval_add                  0x0001c719   Thumb Code    46  ble_hrs.o(i.ble_hrs_rr_interval_add)
    ble_hrs_sensor_contact_detected_update   0x0001c747   Thumb Code     6  ble_hrs.o(i.ble_hrs_sensor_contact_detected_update)
    ble_srv_ascii_to_utf8                    0x0001c74d   Thumb Code    18  ble_srv_common.o(i.ble_srv_ascii_to_utf8)
    ble_srv_report_ref_encode                0x0001c75f   Thumb Code    12  ble_srv_common.o(i.ble_srv_report_ref_encode)
    bond_data_load                           0x0001c875   Thumb Code    58  device_manager_peripheral.o(i.bond_data_load)
    bsp_btn_ble_init                         0x0001c8bd   Thumb Code    80  bsp_btn_ble.o(i.bsp_btn_ble_init)
    bsp_btn_ble_on_ble_evt                   0x0001c911   Thumb Code   114  bsp_btn_ble.o(i.bsp_btn_ble_on_ble_evt)
    bsp_btn_ble_sleep_mode_prepare           0x0001c989   Thumb Code    20  bsp_btn_ble.o(i.bsp_btn_ble_sleep_mode_prepare)
    bsp_button_is_pressed                    0x0001ca3d   Thumb Code    34  bsp.o(i.bsp_button_is_pressed)
    bsp_event_to_button_action_assign        0x0001caa1   Thumb Code    66  bsp.o(i.bsp_event_to_button_action_assign)
    bsp_indication_set                       0x0001cae9   Thumb Code    22  bsp.o(i.bsp_indication_set)
    bsp_init                                 0x0001cb05   Thumb Code   134  bsp.o(i.bsp_init)
    bsp_wakeup_buttons_set                   0x0001cd9d   Thumb Code    50  bsp.o(i.bsp_wakeup_buttons_set)
    dm_ble_evt_handler                       0x0001d5b9   Thumb Code   946  device_manager_peripheral.o(i.dm_ble_evt_handler)
    dm_handle_initialize                     0x0001d981   Thumb Code    22  device_manager_peripheral.o(i.dm_handle_initialize)
    dm_init                                  0x0001d99d   Thumb Code   174  device_manager_peripheral.o(i.dm_init)
    dm_register                              0x0001dbc5   Thumb Code   104  device_manager_peripheral.o(i.dm_register)
    fs_queued_op_count_get                   0x0001dd2d   Thumb Code    18  fstorage.o(i.fs_queued_op_count_get)
    intern_softdevice_events_execute         0x0001e1ad   Thumb Code   116  softdevice_handler.o(i.intern_softdevice_events_execute)
    m_configure_next_event                   0x0001e4d5   Thumb Code    32  advertiser_beacon_timeslot.o(i.m_configure_next_event)
    m_handle_radio_disabled                  0x0001e5ed   Thumb Code    52  advertiser_beacon_timeslot.o(i.m_handle_radio_disabled)
    m_handle_start                           0x0001e62d   Thumb Code    30  advertiser_beacon_timeslot.o(i.m_handle_start)
    m_request_earliest                       0x0001e659   Thumb Code    28  advertiser_beacon_timeslot.o(i.m_request_earliest)
    main                                     0x0001e725   Thumb Code   176  main.o(i.main)
    nrf_drv_common_irq_enable                0x0001e915   Thumb Code    78  nrf_drv_common.o(i.nrf_drv_common_irq_enable)
    nrf_drv_gpiote_in_event_enable           0x0001e975   Thumb Code   138  nrf_drv_gpiote.o(i.nrf_drv_gpiote_in_event_enable)
    nrf_drv_gpiote_in_init                   0x0001ea15   Thumb Code   146  nrf_drv_gpiote.o(i.nrf_drv_gpiote_in_init)
    nrf_drv_gpiote_in_is_set                 0x0001eab9   Thumb Code    16  nrf_drv_gpiote.o(i.nrf_drv_gpiote_in_is_set)
    nrf_drv_gpiote_init                      0x0001eacd   Thumb Code    76  nrf_drv_gpiote.o(i.nrf_drv_gpiote_init)
    nrf_drv_gpiote_is_init                   0x0001eb21   Thumb Code    12  nrf_drv_gpiote.o(i.nrf_drv_gpiote_is_init)
    pstorage_access_status_get               0x0001ec9d   Thumb Code    30  pstorage.o(i.pstorage_access_status_get)
    pstorage_block_identifier_get            0x0001ecc5   Thumb Code    74  pstorage.o(i.pstorage_block_identifier_get)
    pstorage_clear                           0x0001ed19   Thumb Code   156  pstorage.o(i.pstorage_clear)
    pstorage_init                            0x0001eded   Thumb Code    68  pstorage.o(i.pstorage_init)
    pstorage_load                            0x0001ee39   Thumb Code   158  pstorage.o(i.pstorage_load)
    pstorage_register                        0x0001eee1   Thumb Code   180  pstorage.o(i.pstorage_register)
    pstorage_store                           0x0001ef9d   Thumb Code   134  pstorage.o(i.pstorage_store)
    pstorage_sys_event_handler               0x0001f02d   Thumb Code    72  pstorage.o(i.pstorage_sys_event_handler)
    pstorage_update                          0x0001f079   Thumb Code   134  pstorage.o(i.pstorage_update)
    sd_check_ram_start                       0x0001f1c9   Thumb Code    10  softdevice_handler.o(i.sd_check_ram_start)
    sensorsim_decrement                      0x0001f2dd   Thumb Code    28  sensorsim.o(i.sensorsim_decrement)
    sensorsim_increment                      0x0001f2f9   Thumb Code    28  sensorsim.o(i.sensorsim_increment)
    sensorsim_init                           0x0001f315   Thumb Code    24  sensorsim.o(i.sensorsim_init)
    sensorsim_measure                        0x0001f32d   Thumb Code    26  sensorsim.o(i.sensorsim_measure)
    softdevice_ble_evt_handler_set           0x0001f535   Thumb Code    16  softdevice_handler.o(i.softdevice_ble_evt_handler_set)
    softdevice_enable                        0x0001f549   Thumb Code    14  softdevice_handler.o(i.softdevice_enable)
    softdevice_enable_get_default_config     0x0001f55d   Thumb Code    40  softdevice_handler.o(i.softdevice_enable_get_default_config)
    softdevice_fault_handler                 0x0001f585   Thumb Code     8  softdevice_handler.o(i.softdevice_fault_handler)
    softdevice_handler_init                  0x0001f58d   Thumb Code    42  softdevice_handler.o(i.softdevice_handler_init)
    softdevice_sys_evt_handler_set           0x0001f5c1   Thumb Code    16  softdevice_handler.o(i.softdevice_sys_evt_handler_set)
    m_service_context_store                  0x0001fdbc   Data          16  device_manager_peripheral.o(.constdata)
    m_service_context_load                   0x0001fdcc   Data          16  device_manager_peripheral.o(.constdata)
    m_service_context_apply                  0x0001fddc   Data          16  device_manager_peripheral.o(.constdata)
    Region$$Table$$Base                      0x0001fe1c   Number         0  anon$$obj.o(Region$$Table)
    Region$$Table$$Limit                     0x0001fe3c   Number         0  anon$$obj.o(Region$$Table)
    Image$$RW_IRAM1$$Base                    0x20002080   Number         0  anon$$obj.o ABSOLUTE
    nrf_nvic_state                           0x200021f0   Data           8  softdevice_handler.o(.data)
    SystemCoreClock                          0x200021f8   Data           4  system_nrf51.o(.data)
    __initial_sp                             0x20003240   Data           0  arm_startup_nrf51.o(STACK)



==============================================================================

Memory Map of the image

  Image Entry point : 0x0001b0c1

  Load Region LR_IROM1 (Base: 0x0001b000, Size: 0x00004fb8, Max: 0x00025000, ABSOLUTE, COMPRESSED[0x00004e68])

    Execution Region ER_IROM1 (Base: 0x0001b000, Size: 0x00004e3c, Max: 0x00025000, ABSOLUTE)

    Base Addr    Size         Type   Attr      Idx    E Section Name        Object

    0x0001b000   0x000000c0   Data   RO         3008    RESET               arm_startup_nrf51.o
    0x0001b0c0   0x00000000   Code   RO         3050  * .ARM.Collect$$$$00000000  mc_p.l(entry.o)
    0x0001b0c0   0x00000004   Code   RO         3101    .ARM.Collect$$$$00000001  mc_p.l(entry2.o)
    0x0001b0c4   0x00000004   Code   RO         3104    .ARM.Collect$$$$00000004  mc_p.l(entry5.o)
    0x0001b0c8   0x00000000   Code   RO         3106    .ARM.Collect$$$$00000008  mc_p.l(entry7b.o)
    0x0001b0c8   0x00000000   Code   RO         3108    .ARM.Collect$$$$0000000A  mc_p.l(entry8b.o)
    0x0001b0c8   0x00000008   Code   RO         3109    .ARM.Collect$$$$0000000B  mc_p.l(entry9a.o)
    0x0001b0d0   0x00000000   Code   RO         3111    .ARM.Collect$$$$0000000D  mc_p.l(entry10a.o)
    0x0001b0d0   0x00000000   Code   RO         3113    .ARM.Collect$$$$0000000F  mc_p.l(entry11a.o)
    0x0001b0d0   0x00000004   Code   RO         3102    .ARM.Collect$$$$00002712  mc_p.l(entry2.o)
    0x0001b0d4   0x0000001e   Code   RO         2296    .emb_text           app_timer.o
    0x0001b0f2   0x00000002   PAD
    0x0001b0f4   0x00000038   Code   RO         3009    .text               arm_startup_nrf51.o
    0x0001b12c   0x0000002c   Code   RO         3053    .text               mc_p.l(uidiv.o)
    0x0001b158   0x00000028   Code   RO         3055    .text               mc_p.l(idiv.o)
    0x0001b180   0x00000040   Code   RO         3059    .text               mc_p.l(memmovea.o)
    0x0001b1c0   0x00000024   Code   RO         3061    .text               mc_p.l(memseta.o)
    0x0001b1e4   0x0000000e   Code   RO         3063    .text               mc_p.l(strlen.o)
    0x0001b1f2   0x0000001a   Code   RO         3065    .text               mc_p.l(memcmp.o)
    0x0001b20c   0x00000024   Code   RO         3128    .text               mc_p.l(init.o)
    0x0001b230   0x00000056   Code   RO         3148    .text               mc_p.l(__dczerorl2.o)
    0x0001b286   0x00000002   PAD
    0x0001b288   0x00000154   Code   RO         1513    i.GPIOTE_IRQHandler  nrf_drv_gpiote.o
    0x0001b3dc   0x00000044   Code   RO         2297    i.NVIC_SetPriority  app_timer.o
    0x0001b420   0x00000020   Code   RO         2298    i.RTC1_IRQHandler   app_timer.o
    0x0001b440   0x00000008   Code   RO         2299    i.SWI0_IRQHandler   app_timer.o
    0x0001b448   0x00000020   Code   RO         2904    i.SWI2_IRQHandler   softdevice_handler.o
    0x0001b468   0x00000054   Code   RO         3016    i.SystemInit        system_nrf51.o
    0x0001b4bc   0x00000008   Code   RO         1703    i.UART0_IRQHandler  nrf_drv_uart.o
    0x0001b4c4   0x0000001a   Code   RO          580    i.__ARM_common_switch8  bsp.o
    0x0001b4de   0x0000000e   Code   RO         3142    i.__scatterload_copy  mc_p.l(handlers.o)
    0x0001b4ec   0x00000002   Code   RO         3143    i.__scatterload_null  mc_p.l(handlers.o)
    0x0001b4ee   0x0000000e   Code   RO         3144    i.__scatterload_zeroinit  mc_p.l(handlers.o)
    0x0001b4fc   0x00000216   Code   RO          649    i.adv_data_encode   ble_advdata.o
    0x0001b712   0x0000003c   Code   RO          607    i.advertising_buttons_configure  bsp_btn_ble.o
    0x0001b74e   0x00000002   PAD
    0x0001b750   0x0000005c   Code   RO          202    i.advertising_init  main.o
    0x0001b7ac   0x00000018   Code   RO          486    i.alert_timer_handler  bsp.o
    0x0001b7c4   0x00000044   Code   RO            3    i.app_beacon_init   advertiser_beacon_timeslot.o
    0x0001b808   0x00000040   Code   RO            4    i.app_beacon_on_sys_evt  advertiser_beacon_timeslot.o
    0x0001b848   0x00000038   Code   RO            5    i.app_beacon_start  advertiser_beacon_timeslot.o
    0x0001b880   0x0000000c   Code   RO            6    i.app_beacon_stop   advertiser_beacon_timeslot.o
    0x0001b88c   0x00000024   Code   RO         2114    i.app_button_enable  app_button.o
    0x0001b8b0   0x00000074   Code   RO         2115    i.app_button_init   app_button.o
    0x0001b924   0x0000001c   Code   RO         2207    i.app_error_fault_handler  app_error_weak.o
    0x0001b940   0x00000018   Code   RO         2172    i.app_error_handler_bare  app_error.o
    0x0001b958   0x0000000c   Code   RO         1092    i.app_evt_notify    device_manager_peripheral.o
    0x0001b964   0x0000002c   Code   RO         1871    i.app_notify        pstorage.o
    0x0001b990   0x00000020   Code   RO         1872    i.app_notify_error_state_transit  pstorage.o
    0x0001b9b0   0x0000002c   Code   RO         2302    i.app_timer_create  app_timer.o
    0x0001b9dc   0x00000090   Code   RO         2303    i.app_timer_init    app_timer.o
    0x0001ba6c   0x0000007c   Code   RO         2304    i.app_timer_start   app_timer.o
    0x0001bae8   0x00000054   Code   RO         2305    i.app_timer_stop    app_timer.o
    0x0001bb3c   0x0000005c   Code   RO          203    i.application_timers_start  main.o
    0x0001bb98   0x00000138   Code   RO          815    i.battery_level_char_add  ble_bas.o
    0x0001bcd0   0x00000040   Code   RO          205    i.battery_level_meas_timeout_handler  main.o
    0x0001bd10   0x00000050   Code   RO          206    i.beacon_adv_init   main.o
    0x0001bd60   0x00000008   Code   RO          207    i.beacon_advertiser_error_handler  main.o
    0x0001bd68   0x00000068   Code   RO          650    i.ble_advdata_set   ble_advdata.o
    0x0001bdd0   0x00000124   Code   RO          723    i.ble_advertising_init  ble_advertising.o
    0x0001bef4   0x0000007c   Code   RO          724    i.ble_advertising_on_ble_evt  ble_advertising.o
    0x0001bf70   0x00000030   Code   RO          725    i.ble_advertising_on_sys_evt  ble_advertising.o
    0x0001bfa0   0x00000010   Code   RO          727    i.ble_advertising_peer_address_clear  ble_advertising.o
    0x0001bfb0   0x00000058   Code   RO          728    i.ble_advertising_restart_without_whitelist  ble_advertising.o
    0x0001c008   0x000001ec   Code   RO          729    i.ble_advertising_start  ble_advertising.o
    0x0001c1f4   0x00000074   Code   RO          816    i.ble_bas_battery_level_update  ble_bas.o
    0x0001c268   0x00000048   Code   RO          817    i.ble_bas_init      ble_bas.o
    0x0001c2b0   0x0000005e   Code   RO          818    i.ble_bas_on_ble_evt  ble_bas.o
    0x0001c30e   0x00000002   PAD
    0x0001c310   0x00000054   Code   RO          859    i.ble_conn_params_init  ble_conn_params.o
    0x0001c364   0x00000090   Code   RO          860    i.ble_conn_params_on_ble_evt  ble_conn_params.o
    0x0001c3f4   0x0000005e   Code   RO          651    i.ble_device_addr_encode  ble_advdata.o
    0x0001c452   0x00000002   PAD
    0x0001c454   0x00000140   Code   RO          926    i.ble_dis_init      ble_dis.o
    0x0001c594   0x00000080   Code   RO          208    i.ble_evt_dispatch  main.o
    0x0001c614   0x00000058   Code   RO          970    i.ble_hrs_heart_rate_measurement_send  ble_hrs.o
    0x0001c66c   0x0000005c   Code   RO          971    i.ble_hrs_init      ble_hrs.o
    0x0001c6c8   0x00000050   Code   RO          972    i.ble_hrs_on_ble_evt  ble_hrs.o
    0x0001c718   0x0000002e   Code   RO          973    i.ble_hrs_rr_interval_add  ble_hrs.o
    0x0001c746   0x00000006   Code   RO          975    i.ble_hrs_sensor_contact_detected_update  ble_hrs.o
    0x0001c74c   0x00000012   Code   RO         1049    i.ble_srv_ascii_to_utf8  ble_srv_common.o
    0x0001c75e   0x0000000c   Code   RO         1050    i.ble_srv_report_ref_encode  ble_srv_common.o
    0x0001c76a   0x00000002   PAD
    0x0001c76c   0x00000080   Code   RO          209    i.ble_stack_init    main.o
    0x0001c7ec   0x00000088   Code   RO          977    i.body_sensor_location_char_add  ble_hrs.o
    0x0001c874   0x00000048   Code   RO         1093    i.bond_data_load    device_manager_peripheral.o
    0x0001c8bc   0x00000054   Code   RO          608    i.bsp_btn_ble_init  bsp_btn_ble.o
    0x0001c910   0x00000078   Code   RO          609    i.bsp_btn_ble_on_ble_evt  bsp_btn_ble.o
    0x0001c988   0x00000014   Code   RO          610    i.bsp_btn_ble_sleep_mode_prepare  bsp_btn_ble.o
    0x0001c99c   0x000000a0   Code   RO          487    i.bsp_button_event_handler  bsp.o
    0x0001ca3c   0x0000002c   Code   RO          488    i.bsp_button_is_pressed  bsp.o
    0x0001ca68   0x00000038   Code   RO          210    i.bsp_event_handler  main.o
    0x0001caa0   0x00000048   Code   RO          492    i.bsp_event_to_button_action_assign  bsp.o
    0x0001cae8   0x0000001c   Code   RO          493    i.bsp_indication_set  bsp.o
    0x0001cb04   0x000000a0   Code   RO          495    i.bsp_init          bsp.o
    0x0001cba4   0x000001f8   Code   RO          496    i.bsp_led_indication  bsp.o
    0x0001cd9c   0x0000003c   Code   RO          497    i.bsp_wakeup_buttons_set  bsp.o
    0x0001cdd8   0x0000000c   Code   RO          498    i.button_timer_handler  bsp.o
    0x0001cde4   0x0000001c   Code   RO         1514    i.channel_free      nrf_drv_gpiote.o
    0x0001ce00   0x00000048   Code   RO         1515    i.channel_port_alloc  nrf_drv_gpiote.o
    0x0001ce48   0x00000010   Code   RO         1516    i.channel_port_get  nrf_drv_gpiote.o
    0x0001ce58   0x00000098   Code   RO          927    i.char_add          ble_dis.o
    0x0001cef0   0x00000104   Code   RO         1873    i.clear_operation_execute  pstorage.o
    0x0001cff4   0x00000024   Code   RO         1874    i.clear_post_processing_run  pstorage.o
    0x0001d018   0x00000038   Code   RO         1875    i.cmd_process       pstorage.o
    0x0001d050   0x00000020   Code   RO         1876    i.cmd_queue_element_init  pstorage.o
    0x0001d070   0x0000004c   Code   RO         1877    i.cmd_queue_enqueue  pstorage.o
    0x0001d0bc   0x0000003c   Code   RO         1878    i.command_end_procedure_run  pstorage.o
    0x0001d0f8   0x000000a8   Code   RO         2307    i.compare_reg_update  app_timer.o
    0x0001d1a0   0x00000088   Code   RO          652    i.conn_int_encode   ble_advdata.o
    0x0001d228   0x00000008   Code   RO          211    i.conn_params_error_handler  main.o
    0x0001d230   0x00000068   Code   RO          862    i.conn_params_negotiation  ble_conn_params.o
    0x0001d298   0x00000030   Code   RO         1094    i.connection_instance_find  device_manager_peripheral.o
    0x0001d2c8   0x00000024   Code   RO         1095    i.connection_instance_init  device_manager_peripheral.o
    0x0001d2ec   0x00000054   Code   RO         1879    i.data_page_erase_state_run  pstorage.o
    0x0001d340   0x00000028   Code   RO         1880    i.data_to_swap_write_state_run  pstorage.o
    0x0001d368   0x00000060   Code   RO         2117    i.detection_delay_timeout_handler  app_button.o
    0x0001d3c8   0x000000b0   Code   RO         1096    i.device_context_store  device_manager_peripheral.o
    0x0001d478   0x00000054   Code   RO         1097    i.device_instance_allocate  device_manager_peripheral.o
    0x0001d4cc   0x00000048   Code   RO         1098    i.device_instance_find  device_manager_peripheral.o
    0x0001d514   0x0000002c   Code   RO         1099    i.device_instance_free  device_manager_peripheral.o
    0x0001d540   0x0000000e   Code   RO          212    i.device_manager_evt_handler  main.o
    0x0001d54e   0x00000002   PAD
    0x0001d550   0x00000068   Code   RO          213    i.device_manager_init  main.o
    0x0001d5b8   0x000003c8   Code   RO         1104    i.dm_ble_evt_handler  device_manager_peripheral.o
    0x0001d980   0x0000001c   Code   RO         1110    i.dm_handle_initialize  device_manager_peripheral.o
    0x0001d99c   0x000000c4   Code   RO         1111    i.dm_init           device_manager_peripheral.o
    0x0001da60   0x00000164   Code   RO         1114    i.dm_pstorage_cb_handler  device_manager_peripheral.o
    0x0001dbc4   0x00000074   Code   RO         1115    i.dm_register       device_manager_peripheral.o
    0x0001dc38   0x00000040   Code   RO         2308    i.elapsed_ticks_acquire  app_timer.o
    0x0001dc78   0x00000020   Code   RO         1881    i.flash_api_err_code_process  pstorage.o
    0x0001dc98   0x00000080   Code   RO         1882    i.flash_operation_success_run  pstorage.o
    0x0001dd18   0x0000000a   Code   RO         1883    i.flash_page_erase  pstorage.o
    0x0001dd22   0x0000000a   Code   RO         1884    i.flash_write       pstorage.o
    0x0001dd2c   0x00000018   Code   RO         2498    i.fs_queued_op_count_get  fstorage.o
    0x0001dd44   0x0000005c   Code   RO          214    i.gap_params_init   main.o
    0x0001dda0   0x00000004   Code   RO         1122    i.gattc_context_apply  device_manager_peripheral.o
    0x0001dda4   0x00000004   Code   RO         1123    i.gattc_context_load  device_manager_peripheral.o
    0x0001dda8   0x00000004   Code   RO         1124    i.gattc_context_store  device_manager_peripheral.o
    0x0001ddac   0x000000b0   Code   RO         1125    i.gatts_context_apply  device_manager_peripheral.o
    0x0001de5c   0x00000030   Code   RO         1126    i.gatts_context_load  device_manager_peripheral.o
    0x0001de8c   0x000000ac   Code   RO         1127    i.gatts_context_store  device_manager_peripheral.o
    0x0001df38   0x00000008   Code   RO         1128    i.gattsc_context_apply  device_manager_peripheral.o
    0x0001df40   0x00000008   Code   RO         1129    i.gattsc_context_load  device_manager_peripheral.o
    0x0001df48   0x00000008   Code   RO         1130    i.gattsc_context_store  device_manager_peripheral.o
    0x0001df50   0x00000050   Code   RO         2118    i.gpiote_event_handler  app_button.o
    0x0001dfa0   0x00000078   Code   RO         1885    i.head_restore_state_run  pstorage.o
    0x0001e018   0x0000005c   Code   RO          215    i.heart_rate_meas_timeout_handler  main.o
    0x0001e074   0x000000b0   Code   RO          978    i.heart_rate_measurement_char_add  ble_hrs.o
    0x0001e124   0x00000088   Code   RO          979    i.hrm_encode        ble_hrs.o
    0x0001e1ac   0x00000078   Code   RO         2905    i.intern_softdevice_events_execute  softdevice_handler.o
    0x0001e224   0x0000001c   Code   RO          863    i.is_conn_params_ok  ble_conn_params.o
    0x0001e240   0x00000048   Code   RO         3017    i.is_manual_peripheral_setup_needed  system_nrf51.o
    0x0001e288   0x00000044   Code   RO         1886    i.is_page_erase_required  pstorage.o
    0x0001e2cc   0x0000000c   Code   RO         1887    i.is_word_aligned   pstorage.o
    0x0001e2d8   0x00000054   Code   RO          653    i.le_role_encode    ble_advdata.o
    0x0001e32c   0x00000018   Code   RO          499    i.leds_timer_handler  bsp.o
    0x0001e344   0x000000bc   Code   RO         2309    i.list_deletions_handler  app_timer.o
    0x0001e400   0x000000d4   Code   RO         2310    i.list_insertions_handler  app_timer.o
    0x0001e4d4   0x00000024   Code   RO            7    i.m_configure_next_event  advertiser_beacon_timeslot.o
    0x0001e4f8   0x00000078   Code   RO            8    i.m_configure_radio  advertiser_beacon_timeslot.o
    0x0001e570   0x0000007c   Code   RO            9    i.m_get_adv_packet  advertiser_beacon_timeslot.o
    0x0001e5ec   0x00000040   Code   RO           10    i.m_handle_radio_disabled  advertiser_beacon_timeslot.o
    0x0001e62c   0x0000002c   Code   RO           11    i.m_handle_start    advertiser_beacon_timeslot.o
    0x0001e658   0x00000024   Code   RO           12    i.m_request_earliest  advertiser_beacon_timeslot.o
    0x0001e67c   0x00000030   Code   RO           13    i.m_set_adv_ch      advertiser_beacon_timeslot.o
    0x0001e6ac   0x00000078   Code   RO           14    i.m_timeslot_callback  advertiser_beacon_timeslot.o
    0x0001e724   0x000000c4   Code   RO          216    i.main              main.o
    0x0001e7e8   0x00000018   Code   RO         1888    i.main_state_err_busy_process  pstorage.o
    0x0001e800   0x00000068   Code   RO          654    i.manuf_specific_data_encode  ble_advdata.o
    0x0001e868   0x0000009e   Code   RO          655    i.name_encode       ble_advdata.o
    0x0001e906   0x00000004   Code   RO         1131    i.no_service_context_apply  device_manager_peripheral.o
    0x0001e90a   0x00000004   Code   RO         1132    i.no_service_context_load  device_manager_peripheral.o
    0x0001e90e   0x00000004   Code   RO         1133    i.no_service_context_store  device_manager_peripheral.o
    0x0001e912   0x00000002   PAD
    0x0001e914   0x00000060   Code   RO         1480    i.nrf_drv_common_irq_enable  nrf_drv_common.o
    0x0001e974   0x000000a0   Code   RO         1519    i.nrf_drv_gpiote_in_event_enable  nrf_drv_gpiote.o
    0x0001ea14   0x000000a4   Code   RO         1520    i.nrf_drv_gpiote_in_init  nrf_drv_gpiote.o
    0x0001eab8   0x00000014   Code   RO         1521    i.nrf_drv_gpiote_in_is_set  nrf_drv_gpiote.o
    0x0001eacc   0x00000054   Code   RO         1523    i.nrf_drv_gpiote_init  nrf_drv_gpiote.o
    0x0001eb20   0x00000010   Code   RO         1524    i.nrf_drv_gpiote_is_init  nrf_drv_gpiote.o
    0x0001eb30   0x00000024   Code   RO         1536    i.nrf_gpio_cfg      nrf_drv_gpiote.o
    0x0001eb54   0x00000020   Code   RO         1538    i.nrf_gpio_cfg_sense_set  nrf_drv_gpiote.o
    0x0001eb74   0x00000014   Code   RO         1539    i.nrf_gpiote_event_is_set  nrf_drv_gpiote.o
    0x0001eb88   0x0000000a   Code   RO         1720    i.nrf_uart_event_check  nrf_drv_uart.o
    0x0001eb92   0x00000010   Code   RO         1721    i.nrf_uart_int_enable_check  nrf_drv_uart.o
    0x0001eba2   0x00000020   Code   RO          217    i.on_adv_evt        main.o
    0x0001ebc2   0x00000002   PAD
    0x0001ebc4   0x00000020   Code   RO          218    i.on_conn_params_evt  main.o
    0x0001ebe4   0x00000016   Code   RO          731    i.peer_address_exists  ble_advertising.o
    0x0001ebfa   0x00000002   PAD
    0x0001ebfc   0x00000038   Code   RO         1134    i.peer_instance_init  device_manager_peripheral.o
    0x0001ec34   0x00000018   Code   RO         1540    i.pin_in_use_by_port  nrf_drv_gpiote.o
    0x0001ec4c   0x00000018   Code   RO         1541    i.pin_in_use_by_te  nrf_drv_gpiote.o
    0x0001ec64   0x00000036   Code   RO          928    i.pnp_id_encode     ble_dis.o
    0x0001ec9a   0x00000002   PAD
    0x0001ec9c   0x00000028   Code   RO         1889    i.pstorage_access_status_get  pstorage.o
    0x0001ecc4   0x00000054   Code   RO         1890    i.pstorage_block_identifier_get  pstorage.o
    0x0001ed18   0x000000a4   Code   RO         1891    i.pstorage_clear    pstorage.o
    0x0001edbc   0x00000024   Code   RO         1892    i.pstorage_flash_page_end  pstorage.o
    0x0001ede0   0x0000000a   Code   RO         1893    i.pstorage_flash_page_size  pstorage.o
    0x0001edea   0x00000002   PAD
    0x0001edec   0x0000004c   Code   RO         1894    i.pstorage_init     pstorage.o
    0x0001ee38   0x000000a8   Code   RO         1895    i.pstorage_load     pstorage.o
    0x0001eee0   0x000000bc   Code   RO         1896    i.pstorage_register  pstorage.o
    0x0001ef9c   0x00000090   Code   RO         1897    i.pstorage_store    pstorage.o
    0x0001f02c   0x0000004c   Code   RO         1898    i.pstorage_sys_event_handler  pstorage.o
    0x0001f078   0x00000090   Code   RO         1899    i.pstorage_update   pstorage.o
    0x0001f108   0x00000028   Code   RO          219    i.rr_interval_timeout_handler  main.o
    0x0001f130   0x00000044   Code   RO         2311    i.rtc1_stop         app_timer.o
    0x0001f174   0x00000038   Code   RO         1722    i.rx_byte           nrf_drv_uart.o
    0x0001f1ac   0x0000001c   Code   RO         1723    i.rx_done_event     nrf_drv_uart.o
    0x0001f1c8   0x00000010   Code   RO         2906    i.sd_check_ram_start  softdevice_handler.o
    0x0001f1d8   0x0000008c   Code   RO         2907    i.sd_nvic_EnableIRQ  softdevice_handler.o
    0x0001f264   0x0000001c   Code   RO          220    i.sensor_contact_detected_timeout_handler  main.o
    0x0001f280   0x0000005c   Code   RO          221    i.sensor_simulator_init  main.o
    0x0001f2dc   0x0000001c   Code   RO         2723    i.sensorsim_decrement  sensorsim.o
    0x0001f2f8   0x0000001c   Code   RO         2724    i.sensorsim_increment  sensorsim.o
    0x0001f314   0x00000018   Code   RO         2725    i.sensorsim_init    sensorsim.o
    0x0001f32c   0x0000001a   Code   RO         2726    i.sensorsim_measure  sensorsim.o
    0x0001f346   0x0000008e   Code   RO          656    i.service_data_encode  ble_advdata.o
    0x0001f3d4   0x000000f0   Code   RO          222    i.services_init     main.o
    0x0001f4c4   0x00000028   Code   RO          223    i.sleep_mode_enter  main.o
    0x0001f4ec   0x00000048   Code   RO         1900    i.sm_state_change   pstorage.o
    0x0001f534   0x00000014   Code   RO         2908    i.softdevice_ble_evt_handler_set  softdevice_handler.o
    0x0001f548   0x00000014   Code   RO         2909    i.softdevice_enable  softdevice_handler.o
    0x0001f55c   0x00000028   Code   RO         2910    i.softdevice_enable_get_default_config  softdevice_handler.o
    0x0001f584   0x00000008   Code   RO         2911    i.softdevice_fault_handler  softdevice_handler.o
    0x0001f58c   0x00000034   Code   RO         2912    i.softdevice_handler_init  softdevice_handler.o
    0x0001f5c0   0x00000014   Code   RO         2915    i.softdevice_sys_evt_handler_set  softdevice_handler.o
    0x0001f5d4   0x00000064   Code   RO         1901    i.state_data_erase_swap_entry_run  pstorage.o
    0x0001f638   0x00000010   Code   RO         1902    i.state_erase_data_page_entry_run  pstorage.o
    0x0001f648   0x00000028   Code   RO         1903    i.state_restore_head_entry_run  pstorage.o
    0x0001f670   0x0000004c   Code   RO         1904    i.state_restore_tail_entry_run  pstorage.o
    0x0001f6bc   0x00000020   Code   RO         1905    i.state_swap_erase_entry_run  pstorage.o
    0x0001f6dc   0x00000030   Code   RO         1906    i.state_write_data_swap_entry_run  pstorage.o
    0x0001f70c   0x00000004   Code   RO         1135    i.storage_operation_dummy_handler  device_manager_peripheral.o
    0x0001f710   0x0000005c   Code   RO         1907    i.store_cmd_flash_write_execute  pstorage.o
    0x0001f76c   0x0000001c   Code   RO         1908    i.swap_erase_state_run  pstorage.o
    0x0001f788   0x00000018   Code   RO         1909    i.swap_sub_state_err_busy_process  pstorage.o
    0x0001f7a0   0x00000014   Code   RO         1910    i.swap_sub_state_state_change  pstorage.o
    0x0001f7b4   0x00000016   Code   RO          224    i.sys_evt_dispatch  main.o
    0x0001f7ca   0x0000004e   Code   RO          929    i.sys_id_encode     ble_dis.o
    0x0001f818   0x0000001c   Code   RO         1911    i.tail_restore_state_run  pstorage.o
    0x0001f834   0x00000084   Code   RO         2312    i.timer_list_handler  app_timer.o
    0x0001f8b8   0x00000010   Code   RO         2313    i.timer_list_handler_sched  app_timer.o
    0x0001f8c8   0x00000040   Code   RO         2314    i.timer_list_insert  app_timer.o
    0x0001f908   0x00000080   Code   RO         2315    i.timer_timeouts_check  app_timer.o
    0x0001f988   0x00000080   Code   RO          225    i.timers_init       main.o
    0x0001fa08   0x0000002c   Code   RO         1725    i.tx_byte           nrf_drv_uart.o
    0x0001fa34   0x00000020   Code   RO         1726    i.tx_done_event     nrf_drv_uart.o
    0x0001fa54   0x00000128   Code   RO         1727    i.uart_irq_handler  nrf_drv_uart.o
    0x0001fb7c   0x0000000a   Code   RO          657    i.uint16_encode     ble_advdata.o
    0x0001fb86   0x00000002   PAD
    0x0001fb88   0x00000014   Code   RO         1136    i.update_status_bit_reset  device_manager_peripheral.o
    0x0001fb9c   0x00000064   Code   RO          864    i.update_timeout_handler  ble_conn_params.o
    0x0001fc00   0x00000054   Code   RO         2316    i.user_id_get       app_timer.o
    0x0001fc54   0x00000026   Code   RO         2317    i.user_op_alloc     app_timer.o
    0x0001fc7a   0x00000030   Code   RO          658    i.uuid_list_encode  ble_advdata.o
    0x0001fcaa   0x000000ae   Code   RO          659    i.uuid_list_sized_encode  ble_advdata.o
    0x0001fd58   0x00000010   Code   RO          732    i.whitelist_has_entries  ble_advertising.o
    0x0001fd68   0x00000014   Data   RO          231    .constdata          main.o
    0x0001fd7c   0x0000003c   Data   RO          504    .constdata          bsp.o
    0x0001fdb8   0x00000004   Data   RO          867    .constdata          ble_conn_params.o
    0x0001fdbc   0x00000030   Data   RO         1138    .constdata          device_manager_peripheral.o
    0x0001fdec   0x00000028   Data   RO         1913    .constdata          pstorage.o
    0x0001fe14   0x00000008   Data   RO         2120    .constdata          app_button.o
    0x0001fe1c   0x00000020   Data   RO         3140    Region$$Table       anon$$obj.o


    Execution Region RW_IRAM1 (Base: 0x20002080, Size: 0x000011c0, Max: 0x00005f80, ABSOLUTE, COMPRESSED[0x0000002c])

    Base Addr    Size         Type   Attr      Idx    E Section Name        Object

    0x20002080   0x0000000c   Data   RW           16    .data               advertiser_beacon_timeslot.o
    0x2000208c   0x00000040   Data   RW          232    .data               main.o
    0x200020cc   0x00000018   Data   RW          505    .data               bsp.o
    0x200020e4   0x00000008   Data   RW          611    .data               bsp_btn_ble.o
    0x200020ec   0x0000001f   Data   RW          734    .data               ble_advertising.o
    0x2000210b   0x00000001   PAD
    0x2000210c   0x00000014   Data   RW          868    .data               ble_conn_params.o
    0x20002120   0x0000004a   Data   RW          930    .data               ble_dis.o
    0x2000216a   0x00000002   PAD
    0x2000216c   0x00000018   Data   RW         1140    .data               device_manager_peripheral.o
    0x20002184   0x00000024   Data   RW         1914    .data               pstorage.o
    0x200021a8   0x00000014   Data   RW         2121    .data               app_button.o
    0x200021bc   0x00000020   Data   RW         2318    .data               app_timer.o
    0x200021dc   0x0000001c   Data   RW         2916    .data               softdevice_handler.o
    0x200021f8   0x00000004   Data   RW         3018    .data               system_nrf51.o
    0x200021fc   0x00000068   Zero   RW           15    .bss                advertiser_beacon_timeslot.o
    0x20002264   0x00000020   Zero   RW          226    .bss                main.o
    0x20002284   0x00000020   Zero   RW          227    .bss                main.o
    0x200022a4   0x00000020   Zero   RW          228    .bss                main.o
    0x200022c4   0x00000020   Zero   RW          229    .bss                main.o
    0x200022e4   0x000002d0   Zero   RW          230    .bss                main.o
    0x200025b4   0x00000020   Zero   RW          500    .bss                bsp.o
    0x200025d4   0x00000020   Zero   RW          501    .bss                bsp.o
    0x200025f4   0x0000000c   Zero   RW          502    .bss                bsp.o
    0x20002600   0x00000020   Zero   RW          503    .bss                bsp.o
    0x20002620   0x00000103   Zero   RW          733    .bss                ble_advertising.o
    0x20002723   0x00000001   PAD
    0x20002724   0x00000020   Zero   RW          865    .bss                ble_conn_params.o
    0x20002744   0x0000001c   Zero   RW          866    .bss                ble_conn_params.o
    0x20002760   0x00000127   Zero   RW         1137    .bss                device_manager_peripheral.o
    0x20002887   0x00000001   PAD
    0x20002888   0x00000048   Zero   RW         1542    .bss                nrf_drv_gpiote.o
    0x200028d0   0x0000001c   Zero   RW         1728    .bss                nrf_drv_uart.o
    0x200028ec   0x000000d8   Zero   RW         1912    .bss                pstorage.o
    0x200029c4   0x00000020   Zero   RW         2119    .bss                app_button.o
    0x200029e4   0x00000058   Zero   RW         2507    .bss                fstorage.o
    0x20002a3c   0x00000004   PAD
    0x20002a40   0x00000800   Zero   RW         3006    STACK               arm_startup_nrf51.o


==============================================================================

Image component sizes


      Code (inc. data)   RO Data    RW Data    ZI Data      Debug   Object Name

       792        136          0         12        104      87144   advertiser_beacon_timeslot.o
       328         34          8         20         32       8982   app_button.o
        24          4          0          0          0       2229   app_error.o
        28         10          0          0          0       7098   app_error_weak.o
      1696        150          0         32          0      30723   app_timer.o
        56         18        192          0       2048        708   arm_startup_nrf51.o
      1588          6          0          0          0      16996   ble_advdata.o
      1098         44          0         31        259      17457   ble_advertising.o
       594         20          0          0          0      13079   ble_bas.o
       460         58          4         20         60       6688   ble_conn_params.o
       604         16          0         74          0       6723   ble_dis.o
       760         22          0          0          0      10513   ble_hrs.o
        30          0          0          0          0       2160   ble_srv_common.o
      1114        118         60         24        108      22509   bsp.o
       284         10          0          8          0       5221   bsp_btn_ble.o
      2732        198         48         24        295      32501   device_manager_peripheral.o
        24          6          0          0         88       3792   fstorage.o
      1808        236         20         64        848      87279   main.o
        96         18          0          0          0       8600   nrf_drv_common.o
      1036        126          0          0         72      22612   nrf_drv_gpiote.o
       490         58          0          0         28      14325   nrf_drv_uart.o
      2830        262         40         36        216      39270   pstorage.o
       106          0          0          0          0       3895   sensorsim.o
       468         62          0         28          0      23785   softdevice_handler.o
       156         26          0          4          0       2203   system_nrf51.o

    ----------------------------------------------------------------------
     19226       1638        404        380       4164     476492   Object Totals
         0          0         32          0          0          0   (incl. Generated)
        24          0          0          3          6          0   (incl. Padding)

    ----------------------------------------------------------------------

      Code (inc. data)   RO Data    RW Data    ZI Data      Debug   Library Member Name

        86          0          0          0          0          0   __dczerorl2.o
         0          0          0          0          0          0   entry.o
         0          0          0          0          0          0   entry10a.o
         0          0          0          0          0          0   entry11a.o
         8          4          0          0          0          0   entry2.o
         4          0          0          0          0          0   entry5.o
         0          0          0          0          0          0   entry7b.o
         0          0          0          0          0          0   entry8b.o
         8          4          0          0          0          0   entry9a.o
        30          0          0          0          0          0   handlers.o
        40          0          0          0          0         72   idiv.o
        36          8          0          0          0         68   init.o
        26          0          0          0          0         72   memcmp.o
        64          0          0          0          0         68   memmovea.o
        36          0          0          0          0        100   memseta.o
        14          0          0          0          0         60   strlen.o
        44          0          0          0          0         72   uidiv.o

    ----------------------------------------------------------------------
       398         16          0          0          0        512   Library Totals
         2          0          0          0          0          0   (incl. Padding)

    ----------------------------------------------------------------------

      Code (inc. data)   RO Data    RW Data    ZI Data      Debug   Library Name

       396         16          0          0          0        512   mc_p.l

    ----------------------------------------------------------------------
       398         16          0          0          0        512   Library Totals

    ----------------------------------------------------------------------

==============================================================================


      Code (inc. data)   RO Data    RW Data    ZI Data      Debug   

     19624       1654        404        380       4164     467276   Grand Totals
     19624       1654        404         44       4164     467276   ELF Image Totals (compressed)
     19624       1654        404         44          0          0   ROM Totals

==============================================================================

    Total RO  Size (Code + RO Data)                20028 (  19.56kB)
    Total RW  Size (RW Data + ZI Data)              4544 (   4.44kB)
    Total ROM Size (Code + RO Data + RW Data)      20072 (  19.60kB)

==============================================================================

