<!doctype html public "-//w3c//dtd html 4.0 transitional//en">
<html><head>
<title>Static Call Graph - [.\_build\nrf51422_xxac_s130.axf]</title></head>
<body><HR>
<H1>Static Call Graph for image .\_build\nrf51422_xxac_s130.axf</H1><HR>
<BR><P>#&#060CALLGRAPH&#062# ARM Linker, 5060061: Last Updated: Tue Mar 29 15:47:09 2016
<BR><P>
<H3>Maximum Stack Usage =        456 bytes + Unknown(Cycles, Untraceable Function Pointers)</H3><H3>
Call chain for Maximum Stack Depth:</H3>
__rt_entry_main &rArr; main &rArr; advertising_init &rArr; ble_advertising_init &rArr; ble_advdata_set &rArr; adv_data_encode &rArr; uuid_list_encode &rArr; uuid_list_sized_encode
<P>
<H3>
Mutually Recursive functions
</H3> <LI><a href="#[10]">NMI_Handler</a>&nbsp;&nbsp;&nbsp;&rArr;&nbsp;&nbsp;&nbsp;<a href="#[10]">NMI_Handler</a><BR>
 <LI><a href="#[11]">HardFault_Handler</a>&nbsp;&nbsp;&nbsp;&rArr;&nbsp;&nbsp;&nbsp;<a href="#[11]">HardFault_Handler</a><BR>
 <LI><a href="#[12]">SVC_Handler</a>&nbsp;&nbsp;&nbsp;&rArr;&nbsp;&nbsp;&nbsp;<a href="#[12]">SVC_Handler</a><BR>
 <LI><a href="#[13]">PendSV_Handler</a>&nbsp;&nbsp;&nbsp;&rArr;&nbsp;&nbsp;&nbsp;<a href="#[13]">PendSV_Handler</a><BR>
 <LI><a href="#[14]">SysTick_Handler</a>&nbsp;&nbsp;&nbsp;&rArr;&nbsp;&nbsp;&nbsp;<a href="#[14]">SysTick_Handler</a><BR>
 <LI><a href="#[1b]">ADC_IRQHandler</a>&nbsp;&nbsp;&nbsp;&rArr;&nbsp;&nbsp;&nbsp;<a href="#[1b]">ADC_IRQHandler</a><BR>
 <LI><a href="#[6b]">__asm___11_app_timer_c_cd27f9c3__nrf_delay_us</a>&nbsp;&nbsp;&nbsp;&rArr;&nbsp;&nbsp;&nbsp;<a href="#[6b]">__asm___11_app_timer_c_cd27f9c3__nrf_delay_us</a><BR>
 <LI><a href="#[ab]">app_notify_error_state_transit</a>&nbsp;&nbsp;&nbsp;&rArr;&nbsp;&nbsp;&nbsp;<a href="#[ad]">sm_state_change</a><BR>
 <LI><a href="#[ad]">sm_state_change</a>&nbsp;&nbsp;&nbsp;&rArr;&nbsp;&nbsp;&nbsp;<a href="#[ea]">cmd_process</a><BR>
 <LI><a href="#[6a]">__asm___11_nrf_delay_c_532987f3__nrf_delay_us</a>&nbsp;&nbsp;&nbsp;&rArr;&nbsp;&nbsp;&nbsp;<a href="#[6a]">__asm___11_nrf_delay_c_532987f3__nrf_delay_us</a><BR>
 <LI><a href="#[69]">_sys_exit</a>&nbsp;&nbsp;&nbsp;&rArr;&nbsp;&nbsp;&nbsp;<a href="#[69]">_sys_exit</a><BR>
</UL>
<P>
<H3>
Function Pointers
</H3><UL>
 <LI><a href="#[1b]">ADC_IRQHandler</a> from arm_startup_nrf51.o(.text) referenced from arm_startup_nrf51.o(RESET)
 <LI><a href="#[23]">CCM_AAR_IRQHandler</a> from arm_startup_nrf51.o(.text) referenced from arm_startup_nrf51.o(RESET)
 <LI><a href="#[22]">ECB_IRQHandler</a> from arm_startup_nrf51.o(.text) referenced from arm_startup_nrf51.o(RESET)
 <LI><a href="#[1a]">GPIOTE_IRQHandler</a> from nrf_drv_gpiote.o(i.GPIOTE_IRQHandler) referenced from arm_startup_nrf51.o(RESET)
 <LI><a href="#[11]">HardFault_Handler</a> from arm_startup_nrf51.o(.text) referenced from arm_startup_nrf51.o(RESET)
 <LI><a href="#[27]">LPCOMP_IRQHandler</a> from arm_startup_nrf51.o(.text) referenced from arm_startup_nrf51.o(RESET)
 <LI><a href="#[10]">NMI_Handler</a> from arm_startup_nrf51.o(.text) referenced from arm_startup_nrf51.o(RESET)
 <LI><a href="#[15]">POWER_CLOCK_IRQHandler</a> from arm_startup_nrf51.o(.text) referenced from arm_startup_nrf51.o(RESET)
 <LI><a href="#[13]">PendSV_Handler</a> from arm_startup_nrf51.o(.text) referenced from arm_startup_nrf51.o(RESET)
 <LI><a href="#[26]">QDEC_IRQHandler</a> from arm_startup_nrf51.o(.text) referenced from arm_startup_nrf51.o(RESET)
 <LI><a href="#[16]">RADIO_IRQHandler</a> from arm_startup_nrf51.o(.text) referenced from arm_startup_nrf51.o(RESET)
 <LI><a href="#[21]">RNG_IRQHandler</a> from arm_startup_nrf51.o(.text) referenced from arm_startup_nrf51.o(RESET)
 <LI><a href="#[1f]">RTC0_IRQHandler</a> from arm_startup_nrf51.o(.text) referenced from arm_startup_nrf51.o(RESET)
 <LI><a href="#[25]">RTC1_IRQHandler</a> from app_timer.o(i.RTC1_IRQHandler) referenced from arm_startup_nrf51.o(RESET)
 <LI><a href="#[f]">Reset_Handler</a> from arm_startup_nrf51.o(.text) referenced from arm_startup_nrf51.o(RESET)
 <LI><a href="#[18]">SPI0_TWI0_IRQHandler</a> from arm_startup_nrf51.o(.text) referenced from arm_startup_nrf51.o(RESET)
 <LI><a href="#[19]">SPI1_TWI1_IRQHandler</a> from arm_startup_nrf51.o(.text) referenced from arm_startup_nrf51.o(RESET)
 <LI><a href="#[12]">SVC_Handler</a> from arm_startup_nrf51.o(.text) referenced from arm_startup_nrf51.o(RESET)
 <LI><a href="#[28]">SWI0_IRQHandler</a> from app_timer.o(i.SWI0_IRQHandler) referenced from arm_startup_nrf51.o(RESET)
 <LI><a href="#[29]">SWI1_IRQHandler</a> from arm_startup_nrf51.o(.text) referenced from arm_startup_nrf51.o(RESET)
 <LI><a href="#[2a]">SWI2_IRQHandler</a> from softdevice_handler.o(i.SWI2_IRQHandler) referenced from arm_startup_nrf51.o(RESET)
 <LI><a href="#[2b]">SWI3_IRQHandler</a> from arm_startup_nrf51.o(.text) referenced from arm_startup_nrf51.o(RESET)
 <LI><a href="#[2c]">SWI4_IRQHandler</a> from arm_startup_nrf51.o(.text) referenced from arm_startup_nrf51.o(RESET)
 <LI><a href="#[2d]">SWI5_IRQHandler</a> from arm_startup_nrf51.o(.text) referenced from arm_startup_nrf51.o(RESET)
 <LI><a href="#[14]">SysTick_Handler</a> from arm_startup_nrf51.o(.text) referenced from arm_startup_nrf51.o(RESET)
 <LI><a href="#[2e]">SystemInit</a> from system_nrf51.o(i.SystemInit) referenced from arm_startup_nrf51.o(.text)
 <LI><a href="#[20]">TEMP_IRQHandler</a> from arm_startup_nrf51.o(.text) referenced from arm_startup_nrf51.o(RESET)
 <LI><a href="#[1c]">TIMER0_IRQHandler</a> from arm_startup_nrf51.o(.text) referenced from arm_startup_nrf51.o(RESET)
 <LI><a href="#[1d]">TIMER1_IRQHandler</a> from arm_startup_nrf51.o(.text) referenced from arm_startup_nrf51.o(RESET)
 <LI><a href="#[1e]">TIMER2_IRQHandler</a> from arm_startup_nrf51.o(.text) referenced from arm_startup_nrf51.o(RESET)
 <LI><a href="#[17]">UART0_IRQHandler</a> from nrf_drv_uart.o(i.UART0_IRQHandler) referenced from arm_startup_nrf51.o(RESET)
 <LI><a href="#[24]">WDT_IRQHandler</a> from arm_startup_nrf51.o(.text) referenced from arm_startup_nrf51.o(RESET)
 <LI><a href="#[5b]">__main</a> from __main.o(!!!main) referenced from arm_startup_nrf51.o(.text)
 <LI><a href="#[38]">alert_timer_handler</a> from bsp.o(i.alert_timer_handler) referenced from bsp.o(i.bsp_init)
 <LI><a href="#[34]">ble_evt_dispatch</a> from main.o(i.ble_evt_dispatch) referenced from main.o(i.ble_stack_init)
 <LI><a href="#[44]">bsp_button_event_handler</a> from bsp.o(i.bsp_button_event_handler) referenced 4 times from bsp.o(.constdata)
 <LI><a href="#[3e]">bsp_event_handler</a> from main.o(i.bsp_event_handler) referenced from main.o(i.main)
 <LI><a href="#[36]">button_timer_handler</a> from bsp.o(i.button_timer_handler) referenced from bsp.o(i.bsp_init)
 <LI><a href="#[40]">conn_params_error_handler</a> from main.o(i.conn_params_error_handler) referenced from main.o(i.main)
 <LI><a href="#[58]">data_page_erase_state_run</a> from pstorage.o(i.data_page_erase_state_run) referenced from pstorage.o(.constdata)
 <LI><a href="#[57]">data_to_swap_write_state_run</a> from pstorage.o(i.data_to_swap_write_state_run) referenced from pstorage.o(.constdata)
 <LI><a href="#[32]">detection_delay_timeout_handler</a> from app_button.o(i.detection_delay_timeout_handler) referenced from app_button.o(i.app_button_init)
 <LI><a href="#[3c]">device_manager_evt_handler</a> from main.o(i.device_manager_evt_handler) referenced from main.o(i.device_manager_init)
 <LI><a href="#[3d]">dm_pstorage_cb_handler</a> from device_manager_peripheral.o(i.dm_pstorage_cb_handler) referenced from device_manager_peripheral.o(i.dm_init)
 <LI><a href="#[4f]">gattc_context_apply</a> from device_manager_peripheral.o(i.gattc_context_apply) referenced from device_manager_peripheral.o(.constdata)
 <LI><a href="#[4b]">gattc_context_load</a> from device_manager_peripheral.o(i.gattc_context_load) referenced from device_manager_peripheral.o(.constdata)
 <LI><a href="#[47]">gattc_context_store</a> from device_manager_peripheral.o(i.gattc_context_store) referenced from device_manager_peripheral.o(.constdata)
 <LI><a href="#[4e]">gatts_context_apply</a> from device_manager_peripheral.o(i.gatts_context_apply) referenced from device_manager_peripheral.o(.constdata)
 <LI><a href="#[4a]">gatts_context_load</a> from device_manager_peripheral.o(i.gatts_context_load) referenced from device_manager_peripheral.o(.constdata)
 <LI><a href="#[46]">gatts_context_store</a> from device_manager_peripheral.o(i.gatts_context_store) referenced from device_manager_peripheral.o(.constdata)
 <LI><a href="#[50]">gattsc_context_apply</a> from device_manager_peripheral.o(i.gattsc_context_apply) referenced from device_manager_peripheral.o(.constdata)
 <LI><a href="#[4c]">gattsc_context_load</a> from device_manager_peripheral.o(i.gattsc_context_load) referenced from device_manager_peripheral.o(.constdata)
 <LI><a href="#[48]">gattsc_context_store</a> from device_manager_peripheral.o(i.gattsc_context_store) referenced from device_manager_peripheral.o(.constdata)
 <LI><a href="#[31]">gpiote_event_handler</a> from app_button.o(i.gpiote_event_handler) referenced from app_button.o(i.app_button_init)
 <LI><a href="#[5a]">head_restore_state_run</a> from pstorage.o(i.head_restore_state_run) referenced from pstorage.o(.constdata)
 <LI><a href="#[37]">leds_timer_handler</a> from bsp.o(i.leds_timer_handler) referenced from bsp.o(i.bsp_init)
 <LI><a href="#[4d]">no_service_context_apply</a> from device_manager_peripheral.o(i.no_service_context_apply) referenced from device_manager_peripheral.o(.constdata)
 <LI><a href="#[49]">no_service_context_load</a> from device_manager_peripheral.o(i.no_service_context_load) referenced from device_manager_peripheral.o(.constdata)
 <LI><a href="#[45]">no_service_context_store</a> from device_manager_peripheral.o(i.no_service_context_store) referenced from device_manager_peripheral.o(.constdata)
 <LI><a href="#[42]">nus_data_handler</a> from main.o(i.nus_data_handler) referenced from main.o(i.services_init)
 <LI><a href="#[30]">on_adv_evt</a> from main.o(i.on_adv_evt) referenced from main.o(i.advertising_init)
 <LI><a href="#[3f]">on_conn_params_evt</a> from main.o(i.on_conn_params_evt) referenced from main.o(i.main)
 <LI><a href="#[41]">on_ias_evt</a> from main.o(i.on_ias_evt) referenced from main.o(i.services_init)
 <LI><a href="#[3b]">pstorage_store</a> from pstorage.o(i.pstorage_store) referenced from device_manager_peripheral.o(i.device_context_store)
 <LI><a href="#[3b]">pstorage_store</a> from pstorage.o(i.pstorage_store) referenced from device_manager_peripheral.o(i.gatts_context_store)
 <LI><a href="#[3a]">pstorage_update</a> from pstorage.o(i.pstorage_update) referenced from device_manager_peripheral.o(i.device_context_store)
 <LI><a href="#[3a]">pstorage_update</a> from pstorage.o(i.pstorage_update) referenced from device_manager_peripheral.o(i.gatts_context_store)
 <LI><a href="#[43]">softdevice_fault_handler</a> from softdevice_handler.o(i.softdevice_fault_handler) referenced from softdevice_handler.o(i.softdevice_handler_init)
 <LI><a href="#[53]">state_erase_data_page_entry_run</a> from pstorage.o(i.state_erase_data_page_entry_run) referenced from pstorage.o(.constdata)
 <LI><a href="#[55]">state_restore_head_entry_run</a> from pstorage.o(i.state_restore_head_entry_run) referenced from pstorage.o(.constdata)
 <LI><a href="#[54]">state_restore_tail_entry_run</a> from pstorage.o(i.state_restore_tail_entry_run) referenced from pstorage.o(.constdata)
 <LI><a href="#[51]">state_swap_erase_entry_run</a> from pstorage.o(i.state_swap_erase_entry_run) referenced from pstorage.o(.constdata)
 <LI><a href="#[52]">state_write_data_swap_entry_run</a> from pstorage.o(i.state_write_data_swap_entry_run) referenced from pstorage.o(.constdata)
 <LI><a href="#[39]">storage_operation_dummy_handler</a> from device_manager_peripheral.o(i.storage_operation_dummy_handler) referenced from device_manager_peripheral.o(i.device_context_store)
 <LI><a href="#[56]">swap_erase_state_run</a> from pstorage.o(i.swap_erase_state_run) referenced from pstorage.o(.constdata)
 <LI><a href="#[35]">sys_evt_dispatch</a> from main.o(i.sys_evt_dispatch) referenced from main.o(i.ble_stack_init)
 <LI><a href="#[59]">tail_restore_state_run</a> from pstorage.o(i.tail_restore_state_run) referenced from pstorage.o(.constdata)
 <LI><a href="#[33]">update_timeout_handler</a> from ble_conn_params.o(i.update_timeout_handler) referenced from ble_conn_params.o(i.ble_conn_params_init)
</UL>
<P>
<H3>
Global Symbols
</H3>
<P><STRONG><a name="[5b]"></a>__main</STRONG> (Thumb, 8 bytes, Stack size 0 bytes, __main.o(!!!main))
<BR><BR>[Calls]<UL><LI><a href="#[5c]">&gt;&gt;</a>&nbsp;&nbsp;&nbsp;__scatterload
<LI><a href="#[5d]">&gt;&gt;</a>&nbsp;&nbsp;&nbsp;__rt_entry
</UL>

<P><STRONG><a name="[5c]"></a>__scatterload</STRONG> (Thumb, 0 bytes, Stack size unknown bytes, __scatter.o(!!!scatter))
<BR><BR>[Called By]<UL><LI><a href="#[5b]">&gt;&gt;</a>&nbsp;&nbsp;&nbsp;__main
</UL>

<P><STRONG><a name="[5e]"></a>__scatterload_rt2</STRONG> (Thumb, 52 bytes, Stack size unknown bytes, __scatter.o(!!!scatter), UNUSED)
<BR><BR>[Calls]<UL><LI><a href="#[5d]">&gt;&gt;</a>&nbsp;&nbsp;&nbsp;__rt_entry
</UL>

<P><STRONG><a name="[128]"></a>__scatterload_rt2_thumb_only</STRONG> (Thumb, 0 bytes, Stack size unknown bytes, __scatter.o(!!!scatter), UNUSED)

<P><STRONG><a name="[129]"></a>__scatterload_null</STRONG> (Thumb, 0 bytes, Stack size unknown bytes, __scatter.o(!!!scatter), UNUSED)

<P><STRONG><a name="[12a]"></a>__scatterload_zeroinit</STRONG> (Thumb, 28 bytes, Stack size unknown bytes, __scatter_zi.o(!!handler_zi), UNUSED)

<P><STRONG><a name="[62]"></a>__rt_lib_init</STRONG> (Thumb, 0 bytes, Stack size unknown bytes, libinit.o(.ARM.Collect$$libinit$$00000000))
<BR><BR>[Called By]<UL><LI><a href="#[61]">&gt;&gt;</a>&nbsp;&nbsp;&nbsp;__rt_entry_li
</UL>

<P><STRONG><a name="[12b]"></a>__rt_lib_init_alloca_1</STRONG> (Thumb, 0 bytes, Stack size unknown bytes, libinit2.o(.ARM.Collect$$libinit$$0000002E))

<P><STRONG><a name="[12c]"></a>__rt_lib_init_argv_1</STRONG> (Thumb, 0 bytes, Stack size unknown bytes, libinit2.o(.ARM.Collect$$libinit$$0000002C))

<P><STRONG><a name="[12d]"></a>__rt_lib_init_atexit_1</STRONG> (Thumb, 0 bytes, Stack size unknown bytes, libinit2.o(.ARM.Collect$$libinit$$0000001B))

<P><STRONG><a name="[12e]"></a>__rt_lib_init_clock_1</STRONG> (Thumb, 0 bytes, Stack size unknown bytes, libinit2.o(.ARM.Collect$$libinit$$00000021))

<P><STRONG><a name="[12f]"></a>__rt_lib_init_cpp_1</STRONG> (Thumb, 0 bytes, Stack size unknown bytes, libinit2.o(.ARM.Collect$$libinit$$00000032))

<P><STRONG><a name="[130]"></a>__rt_lib_init_exceptions_1</STRONG> (Thumb, 0 bytes, Stack size unknown bytes, libinit2.o(.ARM.Collect$$libinit$$00000030))

<P><STRONG><a name="[131]"></a>__rt_lib_init_fp_1</STRONG> (Thumb, 0 bytes, Stack size unknown bytes, libinit2.o(.ARM.Collect$$libinit$$00000002))

<P><STRONG><a name="[132]"></a>__rt_lib_init_fp_trap_1</STRONG> (Thumb, 0 bytes, Stack size unknown bytes, libinit2.o(.ARM.Collect$$libinit$$0000001F))

<P><STRONG><a name="[133]"></a>__rt_lib_init_getenv_1</STRONG> (Thumb, 0 bytes, Stack size unknown bytes, libinit2.o(.ARM.Collect$$libinit$$00000023))

<P><STRONG><a name="[134]"></a>__rt_lib_init_heap_1</STRONG> (Thumb, 0 bytes, Stack size unknown bytes, libinit2.o(.ARM.Collect$$libinit$$0000000A))

<P><STRONG><a name="[135]"></a>__rt_lib_init_lc_collate_1</STRONG> (Thumb, 0 bytes, Stack size unknown bytes, libinit2.o(.ARM.Collect$$libinit$$00000011))

<P><STRONG><a name="[136]"></a>__rt_lib_init_lc_ctype_1</STRONG> (Thumb, 0 bytes, Stack size unknown bytes, libinit2.o(.ARM.Collect$$libinit$$00000013))

<P><STRONG><a name="[137]"></a>__rt_lib_init_lc_monetary_1</STRONG> (Thumb, 0 bytes, Stack size unknown bytes, libinit2.o(.ARM.Collect$$libinit$$00000015))

<P><STRONG><a name="[138]"></a>__rt_lib_init_lc_numeric_1</STRONG> (Thumb, 0 bytes, Stack size unknown bytes, libinit2.o(.ARM.Collect$$libinit$$00000017))

<P><STRONG><a name="[139]"></a>__rt_lib_init_lc_time_1</STRONG> (Thumb, 0 bytes, Stack size unknown bytes, libinit2.o(.ARM.Collect$$libinit$$00000019))

<P><STRONG><a name="[13a]"></a>__rt_lib_init_preinit_1</STRONG> (Thumb, 0 bytes, Stack size unknown bytes, libinit2.o(.ARM.Collect$$libinit$$00000004))

<P><STRONG><a name="[13b]"></a>__rt_lib_init_rand_1</STRONG> (Thumb, 0 bytes, Stack size unknown bytes, libinit2.o(.ARM.Collect$$libinit$$0000000E))

<P><STRONG><a name="[13c]"></a>__rt_lib_init_return</STRONG> (Thumb, 0 bytes, Stack size unknown bytes, libinit2.o(.ARM.Collect$$libinit$$00000033))

<P><STRONG><a name="[13d]"></a>__rt_lib_init_signal_1</STRONG> (Thumb, 0 bytes, Stack size unknown bytes, libinit2.o(.ARM.Collect$$libinit$$0000001D))

<P><STRONG><a name="[13e]"></a>__rt_lib_init_stdio_1</STRONG> (Thumb, 0 bytes, Stack size unknown bytes, libinit2.o(.ARM.Collect$$libinit$$00000025))

<P><STRONG><a name="[13f]"></a>__rt_lib_init_user_alloc_1</STRONG> (Thumb, 0 bytes, Stack size unknown bytes, libinit2.o(.ARM.Collect$$libinit$$0000000C))

<P><STRONG><a name="[67]"></a>__rt_lib_shutdown</STRONG> (Thumb, 0 bytes, Stack size unknown bytes, libshutdown.o(.ARM.Collect$$libshutdown$$00000000))
<BR><BR>[Called By]<UL><LI><a href="#[66]">&gt;&gt;</a>&nbsp;&nbsp;&nbsp;__rt_exit_ls
</UL>

<P><STRONG><a name="[140]"></a>__rt_lib_shutdown_cpp_1</STRONG> (Thumb, 0 bytes, Stack size unknown bytes, libshutdown2.o(.ARM.Collect$$libshutdown$$00000002))

<P><STRONG><a name="[141]"></a>__rt_lib_shutdown_fp_trap_1</STRONG> (Thumb, 0 bytes, Stack size unknown bytes, libshutdown2.o(.ARM.Collect$$libshutdown$$00000007))

<P><STRONG><a name="[142]"></a>__rt_lib_shutdown_heap_1</STRONG> (Thumb, 0 bytes, Stack size unknown bytes, libshutdown2.o(.ARM.Collect$$libshutdown$$0000000F))

<P><STRONG><a name="[143]"></a>__rt_lib_shutdown_return</STRONG> (Thumb, 0 bytes, Stack size unknown bytes, libshutdown2.o(.ARM.Collect$$libshutdown$$00000010))

<P><STRONG><a name="[144]"></a>__rt_lib_shutdown_signal_1</STRONG> (Thumb, 0 bytes, Stack size unknown bytes, libshutdown2.o(.ARM.Collect$$libshutdown$$0000000A))

<P><STRONG><a name="[145]"></a>__rt_lib_shutdown_stdio_1</STRONG> (Thumb, 0 bytes, Stack size unknown bytes, libshutdown2.o(.ARM.Collect$$libshutdown$$00000004))

<P><STRONG><a name="[146]"></a>__rt_lib_shutdown_user_alloc_1</STRONG> (Thumb, 0 bytes, Stack size unknown bytes, libshutdown2.o(.ARM.Collect$$libshutdown$$0000000C))

<P><STRONG><a name="[5d]"></a>__rt_entry</STRONG> (Thumb, 0 bytes, Stack size unknown bytes, __rtentry.o(.ARM.Collect$$rtentry$$00000000))
<BR><BR>[Called By]<UL><LI><a href="#[5e]">&gt;&gt;</a>&nbsp;&nbsp;&nbsp;__scatterload_rt2
<LI><a href="#[5b]">&gt;&gt;</a>&nbsp;&nbsp;&nbsp;__main
</UL>

<P><STRONG><a name="[147]"></a>__rt_entry_presh_1</STRONG> (Thumb, 0 bytes, Stack size unknown bytes, __rtentry2.o(.ARM.Collect$$rtentry$$00000002))

<P><STRONG><a name="[5f]"></a>__rt_entry_sh</STRONG> (Thumb, 0 bytes, Stack size unknown bytes, __rtentry4.o(.ARM.Collect$$rtentry$$00000004))
<BR><BR>[Stack]<UL><LI>Max Depth = 8 + Unknown Stack Size
<LI>Call Chain = __rt_entry_sh &rArr; __user_setup_stackheap
</UL>
<BR>[Calls]<UL><LI><a href="#[60]">&gt;&gt;</a>&nbsp;&nbsp;&nbsp;__user_setup_stackheap
</UL>

<P><STRONG><a name="[61]"></a>__rt_entry_li</STRONG> (Thumb, 0 bytes, Stack size unknown bytes, __rtentry2.o(.ARM.Collect$$rtentry$$0000000A))
<BR><BR>[Calls]<UL><LI><a href="#[62]">&gt;&gt;</a>&nbsp;&nbsp;&nbsp;__rt_lib_init
</UL>

<P><STRONG><a name="[148]"></a>__rt_entry_postsh_1</STRONG> (Thumb, 0 bytes, Stack size unknown bytes, __rtentry2.o(.ARM.Collect$$rtentry$$00000009))

<P><STRONG><a name="[63]"></a>__rt_entry_main</STRONG> (Thumb, 0 bytes, Stack size unknown bytes, __rtentry2.o(.ARM.Collect$$rtentry$$0000000D))
<BR><BR>[Stack]<UL><LI>Max Depth = 456 + Unknown Stack Size
<LI>Call Chain = __rt_entry_main &rArr; main &rArr; advertising_init &rArr; ble_advertising_init &rArr; ble_advdata_set &rArr; adv_data_encode &rArr; uuid_list_encode &rArr; uuid_list_sized_encode
</UL>
<BR>[Calls]<UL><LI><a href="#[64]">&gt;&gt;</a>&nbsp;&nbsp;&nbsp;main
<LI><a href="#[65]">&gt;&gt;</a>&nbsp;&nbsp;&nbsp;exit
</UL>

<P><STRONG><a name="[149]"></a>__rt_entry_postli_1</STRONG> (Thumb, 0 bytes, Stack size unknown bytes, __rtentry2.o(.ARM.Collect$$rtentry$$0000000C))

<P><STRONG><a name="[75]"></a>__rt_exit</STRONG> (Thumb, 0 bytes, Stack size unknown bytes, rtexit.o(.ARM.Collect$$rtexit$$00000000))
<BR><BR>[Called By]<UL><LI><a href="#[65]">&gt;&gt;</a>&nbsp;&nbsp;&nbsp;exit
</UL>

<P><STRONG><a name="[66]"></a>__rt_exit_ls</STRONG> (Thumb, 0 bytes, Stack size unknown bytes, rtexit2.o(.ARM.Collect$$rtexit$$00000003))
<BR><BR>[Calls]<UL><LI><a href="#[67]">&gt;&gt;</a>&nbsp;&nbsp;&nbsp;__rt_lib_shutdown
</UL>

<P><STRONG><a name="[14a]"></a>__rt_exit_prels_1</STRONG> (Thumb, 0 bytes, Stack size unknown bytes, rtexit2.o(.ARM.Collect$$rtexit$$00000002))

<P><STRONG><a name="[68]"></a>__rt_exit_exit</STRONG> (Thumb, 0 bytes, Stack size unknown bytes, rtexit2.o(.ARM.Collect$$rtexit$$00000004))
<BR><BR>[Calls]<UL><LI><a href="#[69]">&gt;&gt;</a>&nbsp;&nbsp;&nbsp;_sys_exit
</UL>

<P><STRONG><a name="[6a]"></a>__asm___11_nrf_delay_c_532987f3__nrf_delay_us</STRONG> (Thumb, 30 bytes, Stack size 0 bytes, nrf_delay.o(.emb_text))
<BR><BR>[Calls]<UL><LI><a href="#[6a]">&gt;&gt;</a>&nbsp;&nbsp;&nbsp;__asm___11_nrf_delay_c_532987f3__nrf_delay_us
</UL>
<BR>[Called By]<UL><LI><a href="#[110]">&gt;&gt;</a>&nbsp;&nbsp;&nbsp;nrf_delay_ms
<LI><a href="#[6a]">&gt;&gt;</a>&nbsp;&nbsp;&nbsp;__asm___11_nrf_delay_c_532987f3__nrf_delay_us
</UL>

<P><STRONG><a name="[6b]"></a>__asm___11_app_timer_c_cd27f9c3__nrf_delay_us</STRONG> (Thumb, 30 bytes, Stack size 0 bytes, app_timer.o(.emb_text))
<BR><BR>[Calls]<UL><LI><a href="#[6b]">&gt;&gt;</a>&nbsp;&nbsp;&nbsp;__asm___11_app_timer_c_cd27f9c3__nrf_delay_us
</UL>
<BR>[Called By]<UL><LI><a href="#[af]">&gt;&gt;</a>&nbsp;&nbsp;&nbsp;rtc1_stop
<LI><a href="#[ed]">&gt;&gt;</a>&nbsp;&nbsp;&nbsp;compare_reg_update
<LI><a href="#[6b]">&gt;&gt;</a>&nbsp;&nbsp;&nbsp;__asm___11_app_timer_c_cd27f9c3__nrf_delay_us
</UL>

<P><STRONG><a name="[6d]"></a>__aeabi_memcpy4</STRONG> (Thumb, 56 bytes, Stack size 0 bytes, rt_memcpy.o(.emb_text))
<BR><BR>[Called By]<UL><LI><a href="#[c0]">&gt;&gt;</a>&nbsp;&nbsp;&nbsp;ble_conn_params_init
<LI><a href="#[9e]">&gt;&gt;</a>&nbsp;&nbsp;&nbsp;ble_advertising_init
<LI><a href="#[46]">&gt;&gt;</a>&nbsp;&nbsp;&nbsp;gatts_context_store
<LI><a href="#[6c]">&gt;&gt;</a>&nbsp;&nbsp;&nbsp;__aeabi_memcpy
</UL>

<P><STRONG><a name="[14b]"></a>__aeabi_memcpy8</STRONG> (Thumb, 0 bytes, Stack size 0 bytes, rt_memcpy.o(.emb_text), UNUSED)

<P><STRONG><a name="[f]"></a>Reset_Handler</STRONG> (Thumb, 26 bytes, Stack size 0 bytes, arm_startup_nrf51.o(.text))
<BR>[Address Reference Count : 1]<UL><LI> arm_startup_nrf51.o(RESET)
</UL>
<P><STRONG><a name="[10]"></a>NMI_Handler</STRONG> (Thumb, 2 bytes, Stack size 0 bytes, arm_startup_nrf51.o(.text))
<BR><BR>[Calls]<UL><LI><a href="#[10]">&gt;&gt;</a>&nbsp;&nbsp;&nbsp;NMI_Handler
</UL>
<BR>[Called By]<UL><LI><a href="#[10]">&gt;&gt;</a>&nbsp;&nbsp;&nbsp;NMI_Handler
</UL>
<BR>[Address Reference Count : 1]<UL><LI> arm_startup_nrf51.o(RESET)
</UL>
<P><STRONG><a name="[11]"></a>HardFault_Handler</STRONG> (Thumb, 2 bytes, Stack size 0 bytes, arm_startup_nrf51.o(.text))
<BR><BR>[Calls]<UL><LI><a href="#[11]">&gt;&gt;</a>&nbsp;&nbsp;&nbsp;HardFault_Handler
</UL>
<BR>[Called By]<UL><LI><a href="#[11]">&gt;&gt;</a>&nbsp;&nbsp;&nbsp;HardFault_Handler
</UL>
<BR>[Address Reference Count : 1]<UL><LI> arm_startup_nrf51.o(RESET)
</UL>
<P><STRONG><a name="[12]"></a>SVC_Handler</STRONG> (Thumb, 2 bytes, Stack size 0 bytes, arm_startup_nrf51.o(.text))
<BR><BR>[Calls]<UL><LI><a href="#[12]">&gt;&gt;</a>&nbsp;&nbsp;&nbsp;SVC_Handler
</UL>
<BR>[Called By]<UL><LI><a href="#[12]">&gt;&gt;</a>&nbsp;&nbsp;&nbsp;SVC_Handler
</UL>
<BR>[Address Reference Count : 1]<UL><LI> arm_startup_nrf51.o(RESET)
</UL>
<P><STRONG><a name="[13]"></a>PendSV_Handler</STRONG> (Thumb, 2 bytes, Stack size 0 bytes, arm_startup_nrf51.o(.text))
<BR><BR>[Calls]<UL><LI><a href="#[13]">&gt;&gt;</a>&nbsp;&nbsp;&nbsp;PendSV_Handler
</UL>
<BR>[Called By]<UL><LI><a href="#[13]">&gt;&gt;</a>&nbsp;&nbsp;&nbsp;PendSV_Handler
</UL>
<BR>[Address Reference Count : 1]<UL><LI> arm_startup_nrf51.o(RESET)
</UL>
<P><STRONG><a name="[14]"></a>SysTick_Handler</STRONG> (Thumb, 2 bytes, Stack size 0 bytes, arm_startup_nrf51.o(.text))
<BR><BR>[Calls]<UL><LI><a href="#[14]">&gt;&gt;</a>&nbsp;&nbsp;&nbsp;SysTick_Handler
</UL>
<BR>[Called By]<UL><LI><a href="#[14]">&gt;&gt;</a>&nbsp;&nbsp;&nbsp;SysTick_Handler
</UL>
<BR>[Address Reference Count : 1]<UL><LI> arm_startup_nrf51.o(RESET)
</UL>
<P><STRONG><a name="[1b]"></a>ADC_IRQHandler</STRONG> (Thumb, 0 bytes, Stack size 0 bytes, arm_startup_nrf51.o(.text))
<BR><BR>[Calls]<UL><LI><a href="#[1b]">&gt;&gt;</a>&nbsp;&nbsp;&nbsp;ADC_IRQHandler
</UL>
<BR>[Called By]<UL><LI><a href="#[1b]">&gt;&gt;</a>&nbsp;&nbsp;&nbsp;ADC_IRQHandler
</UL>
<BR>[Address Reference Count : 1]<UL><LI> arm_startup_nrf51.o(RESET)
</UL>
<P><STRONG><a name="[23]"></a>CCM_AAR_IRQHandler</STRONG> (Thumb, 0 bytes, Stack size 0 bytes, arm_startup_nrf51.o(.text))
<BR>[Address Reference Count : 1]<UL><LI> arm_startup_nrf51.o(RESET)
</UL>
<P><STRONG><a name="[22]"></a>ECB_IRQHandler</STRONG> (Thumb, 0 bytes, Stack size 0 bytes, arm_startup_nrf51.o(.text))
<BR>[Address Reference Count : 1]<UL><LI> arm_startup_nrf51.o(RESET)
</UL>
<P><STRONG><a name="[27]"></a>LPCOMP_IRQHandler</STRONG> (Thumb, 0 bytes, Stack size 0 bytes, arm_startup_nrf51.o(.text))
<BR>[Address Reference Count : 1]<UL><LI> arm_startup_nrf51.o(RESET)
</UL>
<P><STRONG><a name="[15]"></a>POWER_CLOCK_IRQHandler</STRONG> (Thumb, 0 bytes, Stack size 0 bytes, arm_startup_nrf51.o(.text))
<BR>[Address Reference Count : 1]<UL><LI> arm_startup_nrf51.o(RESET)
</UL>
<P><STRONG><a name="[26]"></a>QDEC_IRQHandler</STRONG> (Thumb, 0 bytes, Stack size 0 bytes, arm_startup_nrf51.o(.text))
<BR>[Address Reference Count : 1]<UL><LI> arm_startup_nrf51.o(RESET)
</UL>
<P><STRONG><a name="[16]"></a>RADIO_IRQHandler</STRONG> (Thumb, 0 bytes, Stack size 0 bytes, arm_startup_nrf51.o(.text))
<BR>[Address Reference Count : 1]<UL><LI> arm_startup_nrf51.o(RESET)
</UL>
<P><STRONG><a name="[21]"></a>RNG_IRQHandler</STRONG> (Thumb, 0 bytes, Stack size 0 bytes, arm_startup_nrf51.o(.text))
<BR>[Address Reference Count : 1]<UL><LI> arm_startup_nrf51.o(RESET)
</UL>
<P><STRONG><a name="[1f]"></a>RTC0_IRQHandler</STRONG> (Thumb, 0 bytes, Stack size 0 bytes, arm_startup_nrf51.o(.text))
<BR>[Address Reference Count : 1]<UL><LI> arm_startup_nrf51.o(RESET)
</UL>
<P><STRONG><a name="[18]"></a>SPI0_TWI0_IRQHandler</STRONG> (Thumb, 0 bytes, Stack size 0 bytes, arm_startup_nrf51.o(.text))
<BR>[Address Reference Count : 1]<UL><LI> arm_startup_nrf51.o(RESET)
</UL>
<P><STRONG><a name="[19]"></a>SPI1_TWI1_IRQHandler</STRONG> (Thumb, 0 bytes, Stack size 0 bytes, arm_startup_nrf51.o(.text))
<BR>[Address Reference Count : 1]<UL><LI> arm_startup_nrf51.o(RESET)
</UL>
<P><STRONG><a name="[29]"></a>SWI1_IRQHandler</STRONG> (Thumb, 0 bytes, Stack size 0 bytes, arm_startup_nrf51.o(.text))
<BR>[Address Reference Count : 1]<UL><LI> arm_startup_nrf51.o(RESET)
</UL>
<P><STRONG><a name="[2b]"></a>SWI3_IRQHandler</STRONG> (Thumb, 0 bytes, Stack size 0 bytes, arm_startup_nrf51.o(.text))
<BR>[Address Reference Count : 1]<UL><LI> arm_startup_nrf51.o(RESET)
</UL>
<P><STRONG><a name="[2c]"></a>SWI4_IRQHandler</STRONG> (Thumb, 0 bytes, Stack size 0 bytes, arm_startup_nrf51.o(.text))
<BR>[Address Reference Count : 1]<UL><LI> arm_startup_nrf51.o(RESET)
</UL>
<P><STRONG><a name="[2d]"></a>SWI5_IRQHandler</STRONG> (Thumb, 0 bytes, Stack size 0 bytes, arm_startup_nrf51.o(.text))
<BR>[Address Reference Count : 1]<UL><LI> arm_startup_nrf51.o(RESET)
</UL>
<P><STRONG><a name="[20]"></a>TEMP_IRQHandler</STRONG> (Thumb, 0 bytes, Stack size 0 bytes, arm_startup_nrf51.o(.text))
<BR>[Address Reference Count : 1]<UL><LI> arm_startup_nrf51.o(RESET)
</UL>
<P><STRONG><a name="[1c]"></a>TIMER0_IRQHandler</STRONG> (Thumb, 0 bytes, Stack size 0 bytes, arm_startup_nrf51.o(.text))
<BR>[Address Reference Count : 1]<UL><LI> arm_startup_nrf51.o(RESET)
</UL>
<P><STRONG><a name="[1d]"></a>TIMER1_IRQHandler</STRONG> (Thumb, 0 bytes, Stack size 0 bytes, arm_startup_nrf51.o(.text))
<BR>[Address Reference Count : 1]<UL><LI> arm_startup_nrf51.o(RESET)
</UL>
<P><STRONG><a name="[1e]"></a>TIMER2_IRQHandler</STRONG> (Thumb, 0 bytes, Stack size 0 bytes, arm_startup_nrf51.o(.text))
<BR>[Address Reference Count : 1]<UL><LI> arm_startup_nrf51.o(RESET)
</UL>
<P><STRONG><a name="[24]"></a>WDT_IRQHandler</STRONG> (Thumb, 0 bytes, Stack size 0 bytes, arm_startup_nrf51.o(.text))
<BR>[Address Reference Count : 1]<UL><LI> arm_startup_nrf51.o(RESET)
</UL>
<P><STRONG><a name="[73]"></a>__user_initial_stackheap</STRONG> (Thumb, 10 bytes, Stack size 0 bytes, arm_startup_nrf51.o(.text))
<BR><BR>[Called By]<UL><LI><a href="#[60]">&gt;&gt;</a>&nbsp;&nbsp;&nbsp;__user_setup_stackheap
</UL>

<P><STRONG><a name="[f7]"></a>memcmp</STRONG> (Thumb, 90 bytes, Stack size 8 bytes, memcmp.o(.text))
<BR><BR>[Stack]<UL><LI>Max Depth = 8<LI>Call Chain = memcmp
</UL>
<BR>[Called By]<UL><LI><a href="#[46]">&gt;&gt;</a>&nbsp;&nbsp;&nbsp;gatts_context_store
<LI><a href="#[3d]">&gt;&gt;</a>&nbsp;&nbsp;&nbsp;dm_pstorage_cb_handler
<LI><a href="#[f6]">&gt;&gt;</a>&nbsp;&nbsp;&nbsp;device_instance_find
</UL>

<P><STRONG><a name="[8e]"></a>strcpy</STRONG> (Thumb, 70 bytes, Stack size 16 bytes, strcpy.o(.text))
<BR><BR>[Stack]<UL><LI>Max Depth = 16<LI>Call Chain = strcpy
</UL>
<BR>[Called By]<UL><LI><a href="#[7b]">&gt;&gt;</a>&nbsp;&nbsp;&nbsp;_DoInit
</UL>

<P><STRONG><a name="[83]"></a>strlen</STRONG> (Thumb, 62 bytes, Stack size 12 bytes, strlen.o(.text))
<BR><BR>[Stack]<UL><LI>Max Depth = 12<LI>Call Chain = strlen
</UL>
<BR>[Called By]<UL><LI><a href="#[d1]">&gt;&gt;</a>&nbsp;&nbsp;&nbsp;ble_srv_ascii_to_utf8
<LI><a href="#[82]">&gt;&gt;</a>&nbsp;&nbsp;&nbsp;SEGGER_RTT_WriteString
</UL>

<P><STRONG><a name="[6c]"></a>__aeabi_memcpy</STRONG> (Thumb, 130 bytes, Stack size 24 bytes, rt_memcpy.o(.text))
<BR><BR>[Stack]<UL><LI>Max Depth = 24<LI>Call Chain = __aeabi_memcpy
</UL>
<BR>[Calls]<UL><LI><a href="#[6d]">&gt;&gt;</a>&nbsp;&nbsp;&nbsp;__aeabi_memcpy4
</UL>
<BR>[Called By]<UL><LI><a href="#[98]">&gt;&gt;</a>&nbsp;&nbsp;&nbsp;service_data_encode
<LI><a href="#[97]">&gt;&gt;</a>&nbsp;&nbsp;&nbsp;manuf_specific_data_encode
<LI><a href="#[93]">&gt;&gt;</a>&nbsp;&nbsp;&nbsp;ble_device_addr_encode
<LI><a href="#[fe]">&gt;&gt;</a>&nbsp;&nbsp;&nbsp;dm_register
<LI><a href="#[cc]">&gt;&gt;</a>&nbsp;&nbsp;&nbsp;dm_ble_evt_handler
<LI><a href="#[c1]">&gt;&gt;</a>&nbsp;&nbsp;&nbsp;ble_conn_params_on_ble_evt
<LI><a href="#[c0]">&gt;&gt;</a>&nbsp;&nbsp;&nbsp;ble_conn_params_init
<LI><a href="#[dd]">&gt;&gt;</a>&nbsp;&nbsp;&nbsp;pstorage_load
<LI><a href="#[f5]">&gt;&gt;</a>&nbsp;&nbsp;&nbsp;device_instance_allocate
<LI><a href="#[80]">&gt;&gt;</a>&nbsp;&nbsp;&nbsp;_WriteNoCheck
<LI><a href="#[81]">&gt;&gt;</a>&nbsp;&nbsp;&nbsp;_WriteBlocking
</UL>

<P><STRONG><a name="[14c]"></a>__rt_memcpy</STRONG> (Thumb, 0 bytes, Stack size 24 bytes, rt_memcpy.o(.text), UNUSED)

<P><STRONG><a name="[6f]"></a>_memset_w</STRONG> (Thumb, 26 bytes, Stack size 0 bytes, rt_memclr.o(.text))
<BR><BR>[Called By]<UL><LI><a href="#[71]">&gt;&gt;</a>&nbsp;&nbsp;&nbsp;__rt_memclr_w
<LI><a href="#[6e]">&gt;&gt;</a>&nbsp;&nbsp;&nbsp;_memset
</UL>

<P><STRONG><a name="[6e]"></a>_memset</STRONG> (Thumb, 30 bytes, Stack size 0 bytes, rt_memclr.o(.text))
<BR><BR>[Calls]<UL><LI><a href="#[6f]">&gt;&gt;</a>&nbsp;&nbsp;&nbsp;_memset_w
</UL>
<BR>[Called By]<UL><LI><a href="#[70]">&gt;&gt;</a>&nbsp;&nbsp;&nbsp;__aeabi_memclr
</UL>

<P><STRONG><a name="[70]"></a>__aeabi_memclr</STRONG> (Thumb, 4 bytes, Stack size 0 bytes, rt_memclr.o(.text))
<BR><BR>[Calls]<UL><LI><a href="#[6e]">&gt;&gt;</a>&nbsp;&nbsp;&nbsp;_memset
</UL>
<BR>[Called By]<UL><LI><a href="#[fb]">&gt;&gt;</a>&nbsp;&nbsp;&nbsp;device_manager_init
<LI><a href="#[fa]">&gt;&gt;</a>&nbsp;&nbsp;&nbsp;peer_instance_init
<LI><a href="#[ef]">&gt;&gt;</a>&nbsp;&nbsp;&nbsp;connection_instance_init
</UL>

<P><STRONG><a name="[14d]"></a>__rt_memclr</STRONG> (Thumb, 0 bytes, Stack size 0 bytes, rt_memclr.o(.text), UNUSED)

<P><STRONG><a name="[9d]"></a>__aeabi_memclr4</STRONG> (Thumb, 0 bytes, Stack size 0 bytes, rt_memclr.o(.text))
<BR><BR>[Called By]<UL><LI><a href="#[b7]">&gt;&gt;</a>&nbsp;&nbsp;&nbsp;ble_advertising_peer_address_clear
<LI><a href="#[d4]">&gt;&gt;</a>&nbsp;&nbsp;&nbsp;softdevice_enable_get_default_config
<LI><a href="#[fd]">&gt;&gt;</a>&nbsp;&nbsp;&nbsp;dm_init
<LI><a href="#[cc]">&gt;&gt;</a>&nbsp;&nbsp;&nbsp;dm_ble_evt_handler
<LI><a href="#[b9]">&gt;&gt;</a>&nbsp;&nbsp;&nbsp;ble_advertising_start
<LI><a href="#[9e]">&gt;&gt;</a>&nbsp;&nbsp;&nbsp;ble_advertising_init
<LI><a href="#[64]">&gt;&gt;</a>&nbsp;&nbsp;&nbsp;main
<LI><a href="#[11c]">&gt;&gt;</a>&nbsp;&nbsp;&nbsp;service_dis_init
<LI><a href="#[9c]">&gt;&gt;</a>&nbsp;&nbsp;&nbsp;advertising_init
<LI><a href="#[d0]">&gt;&gt;</a>&nbsp;&nbsp;&nbsp;tx_char_add
<LI><a href="#[cf]">&gt;&gt;</a>&nbsp;&nbsp;&nbsp;rx_char_add
<LI><a href="#[9f]">&gt;&gt;</a>&nbsp;&nbsp;&nbsp;alert_level_char_add
<LI><a href="#[da]">&gt;&gt;</a>&nbsp;&nbsp;&nbsp;tx_power_level_char_add
<LI><a href="#[46]">&gt;&gt;</a>&nbsp;&nbsp;&nbsp;gatts_context_store
<LI><a href="#[3d]">&gt;&gt;</a>&nbsp;&nbsp;&nbsp;dm_pstorage_cb_handler
<LI><a href="#[c4]">&gt;&gt;</a>&nbsp;&nbsp;&nbsp;char_add
</UL>

<P><STRONG><a name="[14e]"></a>__aeabi_memclr8</STRONG> (Thumb, 0 bytes, Stack size 0 bytes, rt_memclr.o(.text), UNUSED)

<P><STRONG><a name="[71]"></a>__rt_memclr_w</STRONG> (Thumb, 4 bytes, Stack size 0 bytes, rt_memclr.o(.text), UNUSED)
<BR><BR>[Calls]<UL><LI><a href="#[6f]">&gt;&gt;</a>&nbsp;&nbsp;&nbsp;_memset_w
</UL>

<P><STRONG><a name="[14f]"></a>__aeabi_uidiv</STRONG> (Thumb, 0 bytes, Stack size 0 bytes, aeabi_sdiv.o(.text), UNUSED)

<P><STRONG><a name="[90]"></a>__aeabi_uidivmod</STRONG> (Thumb, 20 bytes, Stack size 0 bytes, aeabi_sdiv.o(.text))
<BR><BR>[Called By]<UL><LI><a href="#[e3]">&gt;&gt;</a>&nbsp;&nbsp;&nbsp;bsp_led_indication
<LI><a href="#[f9]">&gt;&gt;</a>&nbsp;&nbsp;&nbsp;pstorage_clear
<LI><a href="#[3d]">&gt;&gt;</a>&nbsp;&nbsp;&nbsp;dm_pstorage_cb_handler
<LI><a href="#[51]">&gt;&gt;</a>&nbsp;&nbsp;&nbsp;state_swap_erase_entry_run
<LI><a href="#[54]">&gt;&gt;</a>&nbsp;&nbsp;&nbsp;state_restore_tail_entry_run
<LI><a href="#[11d]">&gt;&gt;</a>&nbsp;&nbsp;&nbsp;state_data_erase_swap_entry_run
<LI><a href="#[119]">&gt;&gt;</a>&nbsp;&nbsp;&nbsp;pstorage_flash_page_end
<LI><a href="#[f0]">&gt;&gt;</a>&nbsp;&nbsp;&nbsp;is_page_erase_required
<LI><a href="#[5a]">&gt;&gt;</a>&nbsp;&nbsp;&nbsp;head_restore_state_run
<LI><a href="#[e6]">&gt;&gt;</a>&nbsp;&nbsp;&nbsp;clear_operation_execute
<LI><a href="#[88]">&gt;&gt;</a>&nbsp;&nbsp;&nbsp;_PrintUnsigned
</UL>

<P><STRONG><a name="[150]"></a>__aeabi_idiv</STRONG> (Thumb, 0 bytes, Stack size 8 bytes, aeabi_sdiv.o(.text), UNUSED)

<P><STRONG><a name="[8f]"></a>__aeabi_idivmod</STRONG> (Thumb, 326 bytes, Stack size 8 bytes, aeabi_sdiv.o(.text))
<BR><BR>[Stack]<UL><LI>Max Depth = 8<LI>Call Chain = __aeabi_idivmod
</UL>
<BR>[Called By]<UL><LI><a href="#[102]">&gt;&gt;</a>&nbsp;&nbsp;&nbsp;pstorage_register
<LI><a href="#[87]">&gt;&gt;</a>&nbsp;&nbsp;&nbsp;_PrintInt
</UL>

<P><STRONG><a name="[151]"></a>__use_two_region_memory</STRONG> (Thumb, 2 bytes, Stack size 0 bytes, heapauxi.o(.text), UNUSED)

<P><STRONG><a name="[a]"></a>__rt_heap_escrow</STRONG> (Thumb, 2 bytes, Stack size 0 bytes, heapauxi.o(.text), UNUSED)

<P><STRONG><a name="[9]"></a>__rt_heap_expand</STRONG> (Thumb, 2 bytes, Stack size 0 bytes, heapauxi.o(.text), UNUSED)

<P><STRONG><a name="[60]"></a>__user_setup_stackheap</STRONG> (Thumb, 62 bytes, Stack size 8 bytes, sys_stackheap_outer.o(.text))
<BR><BR>[Stack]<UL><LI>Max Depth = 8<LI>Call Chain = __user_setup_stackheap
</UL>
<BR>[Calls]<UL><LI><a href="#[73]">&gt;&gt;</a>&nbsp;&nbsp;&nbsp;__user_initial_stackheap
<LI><a href="#[72]">&gt;&gt;</a>&nbsp;&nbsp;&nbsp;__user_perproc_libspace
</UL>
<BR>[Called By]<UL><LI><a href="#[5f]">&gt;&gt;</a>&nbsp;&nbsp;&nbsp;__rt_entry_sh
</UL>

<P><STRONG><a name="[65]"></a>exit</STRONG> (Thumb, 16 bytes, Stack size 8 bytes, exit.o(.text))
<BR><BR>[Stack]<UL><LI>Max Depth = 8 + Unknown Stack Size
<LI>Call Chain = exit
</UL>
<BR>[Calls]<UL><LI><a href="#[75]">&gt;&gt;</a>&nbsp;&nbsp;&nbsp;__rt_exit
<LI><a href="#[74]">&gt;&gt;</a>&nbsp;&nbsp;&nbsp;_call_atexit_fns (Weak Reference)
</UL>
<BR>[Called By]<UL><LI><a href="#[63]">&gt;&gt;</a>&nbsp;&nbsp;&nbsp;__rt_entry_main
</UL>

<P><STRONG><a name="[152]"></a>__user_libspace</STRONG> (Thumb, 8 bytes, Stack size 0 bytes, libspace.o(.text), UNUSED)

<P><STRONG><a name="[72]"></a>__user_perproc_libspace</STRONG> (Thumb, 0 bytes, Stack size 0 bytes, libspace.o(.text))
<BR><BR>[Called By]<UL><LI><a href="#[60]">&gt;&gt;</a>&nbsp;&nbsp;&nbsp;__user_setup_stackheap
</UL>

<P><STRONG><a name="[153]"></a>__user_perthread_libspace</STRONG> (Thumb, 0 bytes, Stack size 0 bytes, libspace.o(.text), UNUSED)

<P><STRONG><a name="[154]"></a>__decompress</STRONG> (Thumb, 0 bytes, Stack size unknown bytes, __dczerorl2.o(.text), UNUSED)

<P><STRONG><a name="[155]"></a>__decompress1</STRONG> (Thumb, 86 bytes, Stack size unknown bytes, __dczerorl2.o(.text), UNUSED)

<P><STRONG><a name="[1a]"></a>GPIOTE_IRQHandler</STRONG> (Thumb, 312 bytes, Stack size 64 bytes, nrf_drv_gpiote.o(i.GPIOTE_IRQHandler))
<BR><BR>[Stack]<UL><LI>Max Depth = 64<LI>Call Chain = GPIOTE_IRQHandler
</UL>
<BR>[Calls]<UL><LI><a href="#[76]">&gt;&gt;</a>&nbsp;&nbsp;&nbsp;nrf_gpiote_event_is_set
<LI><a href="#[78]">&gt;&gt;</a>&nbsp;&nbsp;&nbsp;nrf_gpio_cfg_sense_set
<LI><a href="#[77]">&gt;&gt;</a>&nbsp;&nbsp;&nbsp;channel_port_get
</UL>
<BR>[Address Reference Count : 1]<UL><LI> arm_startup_nrf51.o(RESET)
</UL>
<P><STRONG><a name="[25]"></a>RTC1_IRQHandler</STRONG> (Thumb, 28 bytes, Stack size 8 bytes, app_timer.o(i.RTC1_IRQHandler))
<BR><BR>[Stack]<UL><LI>Max Depth = 136<LI>Call Chain = RTC1_IRQHandler &rArr; timer_timeouts_check &rArr; app_error_handler &rArr; app_error_fault_handler &rArr; bsp_indication_set &rArr; bsp_led_indication &rArr; app_timer_start
</UL>
<BR>[Calls]<UL><LI><a href="#[79]">&gt;&gt;</a>&nbsp;&nbsp;&nbsp;timer_timeouts_check
</UL>
<BR>[Address Reference Count : 1]<UL><LI> arm_startup_nrf51.o(RESET)
</UL>
<P><STRONG><a name="[7a]"></a>SEGGER_RTT_ConfigDownBuffer</STRONG> (Thumb, 70 bytes, Stack size 40 bytes, segger_rtt.o(i.SEGGER_RTT_ConfigDownBuffer))
<BR><BR>[Stack]<UL><LI>Max Depth = 64<LI>Call Chain = SEGGER_RTT_ConfigDownBuffer &rArr; _DoInit &rArr; strcpy
</UL>
<BR>[Calls]<UL><LI><a href="#[7b]">&gt;&gt;</a>&nbsp;&nbsp;&nbsp;_DoInit
</UL>
<BR>[Called By]<UL><LI><a href="#[10d]">&gt;&gt;</a>&nbsp;&nbsp;&nbsp;log_rtt_init
</UL>

<P><STRONG><a name="[7c]"></a>SEGGER_RTT_ConfigUpBuffer</STRONG> (Thumb, 70 bytes, Stack size 40 bytes, segger_rtt.o(i.SEGGER_RTT_ConfigUpBuffer))
<BR><BR>[Stack]<UL><LI>Max Depth = 64<LI>Call Chain = SEGGER_RTT_ConfigUpBuffer &rArr; _DoInit &rArr; strcpy
</UL>
<BR>[Calls]<UL><LI><a href="#[7b]">&gt;&gt;</a>&nbsp;&nbsp;&nbsp;_DoInit
</UL>
<BR>[Called By]<UL><LI><a href="#[10d]">&gt;&gt;</a>&nbsp;&nbsp;&nbsp;log_rtt_init
</UL>

<P><STRONG><a name="[7d]"></a>SEGGER_RTT_Write</STRONG> (Thumb, 32 bytes, Stack size 16 bytes, segger_rtt.o(i.SEGGER_RTT_Write))
<BR><BR>[Stack]<UL><LI>Max Depth = 96<LI>Call Chain = SEGGER_RTT_Write &rArr; SEGGER_RTT_WriteNoLock &rArr; _WriteBlocking &rArr; __aeabi_memcpy
</UL>
<BR>[Calls]<UL><LI><a href="#[7e]">&gt;&gt;</a>&nbsp;&nbsp;&nbsp;SEGGER_RTT_WriteNoLock
<LI><a href="#[7b]">&gt;&gt;</a>&nbsp;&nbsp;&nbsp;_DoInit
</UL>
<BR>[Called By]<UL><LI><a href="#[82]">&gt;&gt;</a>&nbsp;&nbsp;&nbsp;SEGGER_RTT_WriteString
<LI><a href="#[86]">&gt;&gt;</a>&nbsp;&nbsp;&nbsp;_StoreChar
<LI><a href="#[85]">&gt;&gt;</a>&nbsp;&nbsp;&nbsp;SEGGER_RTT_vprintf
</UL>

<P><STRONG><a name="[7e]"></a>SEGGER_RTT_WriteNoLock</STRONG> (Thumb, 86 bytes, Stack size 16 bytes, segger_rtt.o(i.SEGGER_RTT_WriteNoLock))
<BR><BR>[Stack]<UL><LI>Max Depth = 80<LI>Call Chain = SEGGER_RTT_WriteNoLock &rArr; _WriteBlocking &rArr; __aeabi_memcpy
</UL>
<BR>[Calls]<UL><LI><a href="#[80]">&gt;&gt;</a>&nbsp;&nbsp;&nbsp;_WriteNoCheck
<LI><a href="#[81]">&gt;&gt;</a>&nbsp;&nbsp;&nbsp;_WriteBlocking
<LI><a href="#[7f]">&gt;&gt;</a>&nbsp;&nbsp;&nbsp;_GetAvailWriteSpace
</UL>
<BR>[Called By]<UL><LI><a href="#[7d]">&gt;&gt;</a>&nbsp;&nbsp;&nbsp;SEGGER_RTT_Write
</UL>

<P><STRONG><a name="[82]"></a>SEGGER_RTT_WriteString</STRONG> (Thumb, 24 bytes, Stack size 16 bytes, segger_rtt.o(i.SEGGER_RTT_WriteString))
<BR><BR>[Stack]<UL><LI>Max Depth = 112<LI>Call Chain = SEGGER_RTT_WriteString &rArr; SEGGER_RTT_Write &rArr; SEGGER_RTT_WriteNoLock &rArr; _WriteBlocking &rArr; __aeabi_memcpy
</UL>
<BR>[Calls]<UL><LI><a href="#[7d]">&gt;&gt;</a>&nbsp;&nbsp;&nbsp;SEGGER_RTT_Write
<LI><a href="#[83]">&gt;&gt;</a>&nbsp;&nbsp;&nbsp;strlen
</UL>
<BR>[Called By]<UL><LI><a href="#[64]">&gt;&gt;</a>&nbsp;&nbsp;&nbsp;main
<LI><a href="#[41]">&gt;&gt;</a>&nbsp;&nbsp;&nbsp;on_ias_evt
<LI><a href="#[30]">&gt;&gt;</a>&nbsp;&nbsp;&nbsp;on_adv_evt
<LI><a href="#[34]">&gt;&gt;</a>&nbsp;&nbsp;&nbsp;ble_evt_dispatch
<LI><a href="#[a0]">&gt;&gt;</a>&nbsp;&nbsp;&nbsp;alert_signal
</UL>

<P><STRONG><a name="[84]"></a>SEGGER_RTT_printf</STRONG> (Thumb, 24 bytes, Stack size 24 bytes, segger_rtt_printf.o(i.SEGGER_RTT_printf))
<BR><BR>[Stack]<UL><LI>Max Depth = 344<LI>Call Chain = SEGGER_RTT_printf &rArr; SEGGER_RTT_vprintf &rArr; _PrintInt &rArr; _PrintUnsigned &rArr; _StoreChar &rArr; SEGGER_RTT_Write &rArr; SEGGER_RTT_WriteNoLock &rArr; _WriteBlocking &rArr; __aeabi_memcpy
</UL>
<BR>[Calls]<UL><LI><a href="#[85]">&gt;&gt;</a>&nbsp;&nbsp;&nbsp;SEGGER_RTT_vprintf
</UL>
<BR>[Called By]<UL><LI><a href="#[3e]">&gt;&gt;</a>&nbsp;&nbsp;&nbsp;bsp_event_handler
<LI><a href="#[41]">&gt;&gt;</a>&nbsp;&nbsp;&nbsp;on_ias_evt
<LI><a href="#[c7]">&gt;&gt;</a>&nbsp;&nbsp;&nbsp;on_ble_evt
<LI><a href="#[42]">&gt;&gt;</a>&nbsp;&nbsp;&nbsp;nus_data_handler
<LI><a href="#[3c]">&gt;&gt;</a>&nbsp;&nbsp;&nbsp;device_manager_evt_handler
</UL>

<P><STRONG><a name="[85]"></a>SEGGER_RTT_vprintf</STRONG> (Thumb, 404 bytes, Stack size 128 bytes, segger_rtt_printf.o(i.SEGGER_RTT_vprintf))
<BR><BR>[Stack]<UL><LI>Max Depth = 320<LI>Call Chain = SEGGER_RTT_vprintf &rArr; _PrintInt &rArr; _PrintUnsigned &rArr; _StoreChar &rArr; SEGGER_RTT_Write &rArr; SEGGER_RTT_WriteNoLock &rArr; _WriteBlocking &rArr; __aeabi_memcpy
</UL>
<BR>[Calls]<UL><LI><a href="#[86]">&gt;&gt;</a>&nbsp;&nbsp;&nbsp;_StoreChar
<LI><a href="#[88]">&gt;&gt;</a>&nbsp;&nbsp;&nbsp;_PrintUnsigned
<LI><a href="#[87]">&gt;&gt;</a>&nbsp;&nbsp;&nbsp;_PrintInt
<LI><a href="#[7d]">&gt;&gt;</a>&nbsp;&nbsp;&nbsp;SEGGER_RTT_Write
</UL>
<BR>[Called By]<UL><LI><a href="#[84]">&gt;&gt;</a>&nbsp;&nbsp;&nbsp;SEGGER_RTT_printf
<LI><a href="#[10e]">&gt;&gt;</a>&nbsp;&nbsp;&nbsp;log_rtt_printf
</UL>

<P><STRONG><a name="[28]"></a>SWI0_IRQHandler</STRONG> (Thumb, 8 bytes, Stack size 8 bytes, app_timer.o(i.SWI0_IRQHandler))
<BR><BR>[Stack]<UL><LI>Max Depth = 80<LI>Call Chain = SWI0_IRQHandler &rArr; timer_list_handler &rArr; compare_reg_update &rArr; rtc1_stop
</UL>
<BR>[Calls]<UL><LI><a href="#[89]">&gt;&gt;</a>&nbsp;&nbsp;&nbsp;timer_list_handler
</UL>
<BR>[Address Reference Count : 1]<UL><LI> arm_startup_nrf51.o(RESET)
</UL>
<P><STRONG><a name="[2a]"></a>SWI2_IRQHandler</STRONG> (Thumb, 34 bytes, Stack size 8 bytes, softdevice_handler.o(i.SWI2_IRQHandler))
<BR><BR>[Stack]<UL><LI>Max Depth = 136<LI>Call Chain = SWI2_IRQHandler &rArr; intern_softdevice_events_execute &rArr; app_error_handler &rArr; app_error_fault_handler &rArr; bsp_indication_set &rArr; bsp_led_indication &rArr; app_timer_start
</UL>
<BR>[Calls]<UL><LI><a href="#[8a]">&gt;&gt;</a>&nbsp;&nbsp;&nbsp;app_error_handler
<LI><a href="#[8b]">&gt;&gt;</a>&nbsp;&nbsp;&nbsp;intern_softdevice_events_execute
</UL>
<BR>[Address Reference Count : 1]<UL><LI> arm_startup_nrf51.o(RESET)
</UL>
<P><STRONG><a name="[2e]"></a>SystemInit</STRONG> (Thumb, 130 bytes, Stack size 8 bytes, system_nrf51.o(i.SystemInit))
<BR><BR>[Stack]<UL><LI>Max Depth = 8<LI>Call Chain = SystemInit
</UL>
<BR>[Calls]<UL><LI><a href="#[8c]">&gt;&gt;</a>&nbsp;&nbsp;&nbsp;is_manual_peripheral_setup_needed
</UL>
<BR>[Address Reference Count : 1]<UL><LI> arm_startup_nrf51.o(.text)
</UL>
<P><STRONG><a name="[17]"></a>UART0_IRQHandler</STRONG> (Thumb, 8 bytes, Stack size 8 bytes, nrf_drv_uart.o(i.UART0_IRQHandler))
<BR><BR>[Stack]<UL><LI>Max Depth = 72<LI>Call Chain = UART0_IRQHandler &rArr; uart_irq_handler &rArr; tx_done_event
</UL>
<BR>[Calls]<UL><LI><a href="#[8d]">&gt;&gt;</a>&nbsp;&nbsp;&nbsp;uart_irq_handler
</UL>
<BR>[Address Reference Count : 1]<UL><LI> arm_startup_nrf51.o(RESET)
</UL>
<P><STRONG><a name="[e5]"></a>__ARM_common_switch8</STRONG> (Thumb, 26 bytes, Stack size 8 bytes, bsp.o(i.__ARM_common_switch8))
<BR><BR>[Stack]<UL><LI>Max Depth = 8<LI>Call Chain = __ARM_common_switch8
</UL>
<BR>[Called By]<UL><LI><a href="#[e3]">&gt;&gt;</a>&nbsp;&nbsp;&nbsp;bsp_led_indication
</UL>

<P><STRONG><a name="[69]"></a>_sys_exit</STRONG> (Thumb, 2 bytes, Stack size 0 bytes, rtt_syscalls_keil.o(i._sys_exit))
<BR><BR>[Calls]<UL><LI><a href="#[69]">&gt;&gt;</a>&nbsp;&nbsp;&nbsp;_sys_exit
</UL>
<BR>[Called By]<UL><LI><a href="#[69]">&gt;&gt;</a>&nbsp;&nbsp;&nbsp;_sys_exit
<LI><a href="#[68]">&gt;&gt;</a>&nbsp;&nbsp;&nbsp;__rt_exit_exit
</UL>

<P><STRONG><a name="[91]"></a>adv_data_encode</STRONG> (Thumb, 534 bytes, Stack size 48 bytes, ble_advdata.o(i.adv_data_encode))
<BR><BR>[Stack]<UL><LI>Max Depth = 144<LI>Call Chain = adv_data_encode &rArr; uuid_list_encode &rArr; uuid_list_sized_encode
</UL>
<BR>[Calls]<UL><LI><a href="#[95]">&gt;&gt;</a>&nbsp;&nbsp;&nbsp;uuid_list_encode
<LI><a href="#[94]">&gt;&gt;</a>&nbsp;&nbsp;&nbsp;uint16_encode
<LI><a href="#[98]">&gt;&gt;</a>&nbsp;&nbsp;&nbsp;service_data_encode
<LI><a href="#[99]">&gt;&gt;</a>&nbsp;&nbsp;&nbsp;name_encode
<LI><a href="#[97]">&gt;&gt;</a>&nbsp;&nbsp;&nbsp;manuf_specific_data_encode
<LI><a href="#[92]">&gt;&gt;</a>&nbsp;&nbsp;&nbsp;le_role_encode
<LI><a href="#[96]">&gt;&gt;</a>&nbsp;&nbsp;&nbsp;conn_int_encode
<LI><a href="#[93]">&gt;&gt;</a>&nbsp;&nbsp;&nbsp;ble_device_addr_encode
</UL>
<BR>[Called By]<UL><LI><a href="#[b6]">&gt;&gt;</a>&nbsp;&nbsp;&nbsp;ble_advdata_set
</UL>

<P><STRONG><a name="[a2]"></a>app_button_enable</STRONG> (Thumb, 32 bytes, Stack size 16 bytes, app_button.o(i.app_button_enable))
<BR><BR>[Stack]<UL><LI>Max Depth = 48<LI>Call Chain = app_button_enable &rArr; nrf_drv_gpiote_in_event_enable
</UL>
<BR>[Calls]<UL><LI><a href="#[a3]">&gt;&gt;</a>&nbsp;&nbsp;&nbsp;nrf_drv_gpiote_in_event_enable
</UL>
<BR>[Called By]<UL><LI><a href="#[e4]">&gt;&gt;</a>&nbsp;&nbsp;&nbsp;bsp_init
</UL>

<P><STRONG><a name="[a4]"></a>app_button_init</STRONG> (Thumb, 100 bytes, Stack size 24 bytes, app_button.o(i.app_button_init))
<BR><BR>[Stack]<UL><LI>Max Depth = 76<LI>Call Chain = app_button_init &rArr; nrf_drv_gpiote_in_init &rArr; channel_port_alloc
</UL>
<BR>[Calls]<UL><LI><a href="#[a8]">&gt;&gt;</a>&nbsp;&nbsp;&nbsp;app_timer_create
<LI><a href="#[a5]">&gt;&gt;</a>&nbsp;&nbsp;&nbsp;nrf_drv_gpiote_is_init
<LI><a href="#[a6]">&gt;&gt;</a>&nbsp;&nbsp;&nbsp;nrf_drv_gpiote_init
<LI><a href="#[a7]">&gt;&gt;</a>&nbsp;&nbsp;&nbsp;nrf_drv_gpiote_in_init
</UL>
<BR>[Called By]<UL><LI><a href="#[e4]">&gt;&gt;</a>&nbsp;&nbsp;&nbsp;bsp_init
</UL>

<P><STRONG><a name="[a9]"></a>app_error_fault_handler</STRONG> (Thumb, 26 bytes, Stack size 16 bytes, app_error_weak.o(i.app_error_fault_handler))
<BR><BR>[Stack]<UL><LI>Max Depth = 88<LI>Call Chain = app_error_fault_handler &rArr; bsp_indication_set &rArr; bsp_led_indication &rArr; app_timer_start
</UL>
<BR>[Calls]<UL><LI><a href="#[a1]">&gt;&gt;</a>&nbsp;&nbsp;&nbsp;bsp_indication_set
<LI><a href="#[aa]">&gt;&gt;</a>&nbsp;&nbsp;&nbsp;app_error_save_and_stop
</UL>
<BR>[Called By]<UL><LI><a href="#[8a]">&gt;&gt;</a>&nbsp;&nbsp;&nbsp;app_error_handler
<LI><a href="#[43]">&gt;&gt;</a>&nbsp;&nbsp;&nbsp;softdevice_fault_handler
</UL>

<P><STRONG><a name="[8a]"></a>app_error_handler</STRONG> (Thumb, 22 bytes, Stack size 16 bytes, app_error.o(i.app_error_handler))
<BR><BR>[Stack]<UL><LI>Max Depth = 104<LI>Call Chain = app_error_handler &rArr; app_error_fault_handler &rArr; bsp_indication_set &rArr; bsp_led_indication &rArr; app_timer_start
</UL>
<BR>[Calls]<UL><LI><a href="#[a9]">&gt;&gt;</a>&nbsp;&nbsp;&nbsp;app_error_fault_handler
</UL>
<BR>[Called By]<UL><LI><a href="#[cc]">&gt;&gt;</a>&nbsp;&nbsp;&nbsp;dm_ble_evt_handler
<LI><a href="#[64]">&gt;&gt;</a>&nbsp;&nbsp;&nbsp;main
<LI><a href="#[3e]">&gt;&gt;</a>&nbsp;&nbsp;&nbsp;bsp_event_handler
<LI><a href="#[e2]">&gt;&gt;</a>&nbsp;&nbsp;&nbsp;sleep_mode_enter
<LI><a href="#[10f]">&gt;&gt;</a>&nbsp;&nbsp;&nbsp;services_init
<LI><a href="#[3f]">&gt;&gt;</a>&nbsp;&nbsp;&nbsp;on_conn_params_evt
<LI><a href="#[c7]">&gt;&gt;</a>&nbsp;&nbsp;&nbsp;on_ble_evt
<LI><a href="#[30]">&gt;&gt;</a>&nbsp;&nbsp;&nbsp;on_adv_evt
<LI><a href="#[42]">&gt;&gt;</a>&nbsp;&nbsp;&nbsp;nus_data_handler
<LI><a href="#[10a]">&gt;&gt;</a>&nbsp;&nbsp;&nbsp;gap_params_init
<LI><a href="#[fb]">&gt;&gt;</a>&nbsp;&nbsp;&nbsp;device_manager_init
<LI><a href="#[3c]">&gt;&gt;</a>&nbsp;&nbsp;&nbsp;device_manager_evt_handler
<LI><a href="#[40]">&gt;&gt;</a>&nbsp;&nbsp;&nbsp;conn_params_error_handler
<LI><a href="#[d2]">&gt;&gt;</a>&nbsp;&nbsp;&nbsp;ble_stack_init
<LI><a href="#[a0]">&gt;&gt;</a>&nbsp;&nbsp;&nbsp;alert_signal
<LI><a href="#[9c]">&gt;&gt;</a>&nbsp;&nbsp;&nbsp;advertising_init
<LI><a href="#[3d]">&gt;&gt;</a>&nbsp;&nbsp;&nbsp;dm_pstorage_cb_handler
<LI><a href="#[c5]">&gt;&gt;</a>&nbsp;&nbsp;&nbsp;sys_id_encode
<LI><a href="#[c6]">&gt;&gt;</a>&nbsp;&nbsp;&nbsp;pnp_id_encode
<LI><a href="#[c4]">&gt;&gt;</a>&nbsp;&nbsp;&nbsp;char_add
<LI><a href="#[79]">&gt;&gt;</a>&nbsp;&nbsp;&nbsp;timer_timeouts_check
<LI><a href="#[8b]">&gt;&gt;</a>&nbsp;&nbsp;&nbsp;intern_softdevice_events_execute
<LI><a href="#[2a]">&gt;&gt;</a>&nbsp;&nbsp;&nbsp;SWI2_IRQHandler
</UL>

<P><STRONG><a name="[aa]"></a>app_error_save_and_stop</STRONG> (Thumb, 90 bytes, Stack size 12 bytes, app_error.o(i.app_error_save_and_stop))
<BR><BR>[Stack]<UL><LI>Max Depth = 12<LI>Call Chain = app_error_save_and_stop
</UL>
<BR>[Called By]<UL><LI><a href="#[a9]">&gt;&gt;</a>&nbsp;&nbsp;&nbsp;app_error_fault_handler
</UL>

<P><STRONG><a name="[a8]"></a>app_timer_create</STRONG> (Thumb, 40 bytes, Stack size 0 bytes, app_timer.o(i.app_timer_create))
<BR><BR>[Called By]<UL><LI><a href="#[a4]">&gt;&gt;</a>&nbsp;&nbsp;&nbsp;app_button_init
<LI><a href="#[e4]">&gt;&gt;</a>&nbsp;&nbsp;&nbsp;bsp_init
<LI><a href="#[c0]">&gt;&gt;</a>&nbsp;&nbsp;&nbsp;ble_conn_params_init
</UL>

<P><STRONG><a name="[ae]"></a>app_timer_init</STRONG> (Thumb, 126 bytes, Stack size 40 bytes, app_timer.o(i.app_timer_init))
<BR><BR>[Stack]<UL><LI>Max Depth = 56<LI>Call Chain = app_timer_init &rArr; rtc1_stop
</UL>
<BR>[Calls]<UL><LI><a href="#[af]">&gt;&gt;</a>&nbsp;&nbsp;&nbsp;rtc1_stop
<LI><a href="#[b0]">&gt;&gt;</a>&nbsp;&nbsp;&nbsp;NVIC_SetPriority
</UL>
<BR>[Called By]<UL><LI><a href="#[64]">&gt;&gt;</a>&nbsp;&nbsp;&nbsp;main
</UL>

<P><STRONG><a name="[b1]"></a>app_timer_start</STRONG> (Thumb, 114 bytes, Stack size 32 bytes, app_timer.o(i.app_timer_start))
<BR><BR>[Stack]<UL><LI>Max Depth = 32<LI>Call Chain = app_timer_start
</UL>
<BR>[Calls]<UL><LI><a href="#[b3]">&gt;&gt;</a>&nbsp;&nbsp;&nbsp;user_op_alloc
<LI><a href="#[b2]">&gt;&gt;</a>&nbsp;&nbsp;&nbsp;user_id_get
<LI><a href="#[b4]">&gt;&gt;</a>&nbsp;&nbsp;&nbsp;timer_list_handler_sched
</UL>
<BR>[Called By]<UL><LI><a href="#[c2]">&gt;&gt;</a>&nbsp;&nbsp;&nbsp;conn_params_negotiation
<LI><a href="#[e3]">&gt;&gt;</a>&nbsp;&nbsp;&nbsp;bsp_led_indication
<LI><a href="#[44]">&gt;&gt;</a>&nbsp;&nbsp;&nbsp;bsp_button_event_handler
<LI><a href="#[31]">&gt;&gt;</a>&nbsp;&nbsp;&nbsp;gpiote_event_handler
</UL>

<P><STRONG><a name="[b5]"></a>app_timer_stop</STRONG> (Thumb, 78 bytes, Stack size 24 bytes, app_timer.o(i.app_timer_stop))
<BR><BR>[Stack]<UL><LI>Max Depth = 24<LI>Call Chain = app_timer_stop
</UL>
<BR>[Calls]<UL><LI><a href="#[b3]">&gt;&gt;</a>&nbsp;&nbsp;&nbsp;user_op_alloc
<LI><a href="#[b2]">&gt;&gt;</a>&nbsp;&nbsp;&nbsp;user_id_get
<LI><a href="#[b4]">&gt;&gt;</a>&nbsp;&nbsp;&nbsp;timer_list_handler_sched
</UL>
<BR>[Called By]<UL><LI><a href="#[e3]">&gt;&gt;</a>&nbsp;&nbsp;&nbsp;bsp_led_indication
<LI><a href="#[44]">&gt;&gt;</a>&nbsp;&nbsp;&nbsp;bsp_button_event_handler
<LI><a href="#[c1]">&gt;&gt;</a>&nbsp;&nbsp;&nbsp;ble_conn_params_on_ble_evt
<LI><a href="#[31]">&gt;&gt;</a>&nbsp;&nbsp;&nbsp;gpiote_event_handler
</UL>

<P><STRONG><a name="[b6]"></a>ble_advdata_set</STRONG> (Thumb, 104 bytes, Stack size 96 bytes, ble_advdata.o(i.ble_advdata_set))
<BR><BR>[Stack]<UL><LI>Max Depth = 240<LI>Call Chain = ble_advdata_set &rArr; adv_data_encode &rArr; uuid_list_encode &rArr; uuid_list_sized_encode
</UL>
<BR>[Calls]<UL><LI><a href="#[91]">&gt;&gt;</a>&nbsp;&nbsp;&nbsp;adv_data_encode
</UL>
<BR>[Called By]<UL><LI><a href="#[b9]">&gt;&gt;</a>&nbsp;&nbsp;&nbsp;ble_advertising_start
<LI><a href="#[bb]">&gt;&gt;</a>&nbsp;&nbsp;&nbsp;ble_advertising_restart_without_whitelist
<LI><a href="#[9e]">&gt;&gt;</a>&nbsp;&nbsp;&nbsp;ble_advertising_init
</UL>

<P><STRONG><a name="[9e]"></a>ble_advertising_init</STRONG> (Thumb, 284 bytes, Stack size 16 bytes, ble_advertising.o(i.ble_advertising_init))
<BR><BR>[Stack]<UL><LI>Max Depth = 256<LI>Call Chain = ble_advertising_init &rArr; ble_advdata_set &rArr; adv_data_encode &rArr; uuid_list_encode &rArr; uuid_list_sized_encode
</UL>
<BR>[Calls]<UL><LI><a href="#[b7]">&gt;&gt;</a>&nbsp;&nbsp;&nbsp;ble_advertising_peer_address_clear
<LI><a href="#[b6]">&gt;&gt;</a>&nbsp;&nbsp;&nbsp;ble_advdata_set
<LI><a href="#[9d]">&gt;&gt;</a>&nbsp;&nbsp;&nbsp;__aeabi_memclr4
<LI><a href="#[6d]">&gt;&gt;</a>&nbsp;&nbsp;&nbsp;__aeabi_memcpy4
</UL>
<BR>[Called By]<UL><LI><a href="#[9c]">&gt;&gt;</a>&nbsp;&nbsp;&nbsp;advertising_init
</UL>

<P><STRONG><a name="[b8]"></a>ble_advertising_on_ble_evt</STRONG> (Thumb, 118 bytes, Stack size 8 bytes, ble_advertising.o(i.ble_advertising_on_ble_evt))
<BR><BR>[Stack]<UL><LI>Max Depth = 296<LI>Call Chain = ble_advertising_on_ble_evt &rArr; ble_advertising_start &rArr; ble_advdata_set &rArr; adv_data_encode &rArr; uuid_list_encode &rArr; uuid_list_sized_encode
</UL>
<BR>[Calls]<UL><LI><a href="#[b9]">&gt;&gt;</a>&nbsp;&nbsp;&nbsp;ble_advertising_start
</UL>
<BR>[Called By]<UL><LI><a href="#[34]">&gt;&gt;</a>&nbsp;&nbsp;&nbsp;ble_evt_dispatch
</UL>

<P><STRONG><a name="[ba]"></a>ble_advertising_on_sys_evt</STRONG> (Thumb, 42 bytes, Stack size 8 bytes, ble_advertising.o(i.ble_advertising_on_sys_evt))
<BR><BR>[Stack]<UL><LI>Max Depth = 296<LI>Call Chain = ble_advertising_on_sys_evt &rArr; ble_advertising_start &rArr; ble_advdata_set &rArr; adv_data_encode &rArr; uuid_list_encode &rArr; uuid_list_sized_encode
</UL>
<BR>[Calls]<UL><LI><a href="#[b9]">&gt;&gt;</a>&nbsp;&nbsp;&nbsp;ble_advertising_start
</UL>
<BR>[Called By]<UL><LI><a href="#[35]">&gt;&gt;</a>&nbsp;&nbsp;&nbsp;sys_evt_dispatch
</UL>

<P><STRONG><a name="[bb]"></a>ble_advertising_restart_without_whitelist</STRONG> (Thumb, 78 bytes, Stack size 8 bytes, ble_advertising.o(i.ble_advertising_restart_without_whitelist))
<BR><BR>[Stack]<UL><LI>Max Depth = 296<LI>Call Chain = ble_advertising_restart_without_whitelist &rArr; ble_advertising_start &rArr; ble_advdata_set &rArr; adv_data_encode &rArr; uuid_list_encode &rArr; uuid_list_sized_encode
</UL>
<BR>[Calls]<UL><LI><a href="#[b6]">&gt;&gt;</a>&nbsp;&nbsp;&nbsp;ble_advdata_set
<LI><a href="#[b9]">&gt;&gt;</a>&nbsp;&nbsp;&nbsp;ble_advertising_start
</UL>
<BR>[Called By]<UL><LI><a href="#[3e]">&gt;&gt;</a>&nbsp;&nbsp;&nbsp;bsp_event_handler
</UL>

<P><STRONG><a name="[b9]"></a>ble_advertising_start</STRONG> (Thumb, 482 bytes, Stack size 48 bytes, ble_advertising.o(i.ble_advertising_start))
<BR><BR>[Stack]<UL><LI>Max Depth = 288<LI>Call Chain = ble_advertising_start &rArr; ble_advdata_set &rArr; adv_data_encode &rArr; uuid_list_encode &rArr; uuid_list_sized_encode
</UL>
<BR>[Calls]<UL><LI><a href="#[bc]">&gt;&gt;</a>&nbsp;&nbsp;&nbsp;pstorage_access_status_get
<LI><a href="#[bd]">&gt;&gt;</a>&nbsp;&nbsp;&nbsp;fs_queued_op_count_get
<LI><a href="#[bf]">&gt;&gt;</a>&nbsp;&nbsp;&nbsp;whitelist_has_entries
<LI><a href="#[be]">&gt;&gt;</a>&nbsp;&nbsp;&nbsp;peer_address_exists
<LI><a href="#[b7]">&gt;&gt;</a>&nbsp;&nbsp;&nbsp;ble_advertising_peer_address_clear
<LI><a href="#[b6]">&gt;&gt;</a>&nbsp;&nbsp;&nbsp;ble_advdata_set
<LI><a href="#[9d]">&gt;&gt;</a>&nbsp;&nbsp;&nbsp;__aeabi_memclr4
</UL>
<BR>[Called By]<UL><LI><a href="#[bb]">&gt;&gt;</a>&nbsp;&nbsp;&nbsp;ble_advertising_restart_without_whitelist
<LI><a href="#[ba]">&gt;&gt;</a>&nbsp;&nbsp;&nbsp;ble_advertising_on_sys_evt
<LI><a href="#[b8]">&gt;&gt;</a>&nbsp;&nbsp;&nbsp;ble_advertising_on_ble_evt
<LI><a href="#[64]">&gt;&gt;</a>&nbsp;&nbsp;&nbsp;main
<LI><a href="#[c7]">&gt;&gt;</a>&nbsp;&nbsp;&nbsp;on_ble_evt
</UL>

<P><STRONG><a name="[c0]"></a>ble_conn_params_init</STRONG> (Thumb, 68 bytes, Stack size 16 bytes, ble_conn_params.o(i.ble_conn_params_init))
<BR><BR>[Stack]<UL><LI>Max Depth = 40<LI>Call Chain = ble_conn_params_init &rArr; __aeabi_memcpy
</UL>
<BR>[Calls]<UL><LI><a href="#[a8]">&gt;&gt;</a>&nbsp;&nbsp;&nbsp;app_timer_create
<LI><a href="#[6c]">&gt;&gt;</a>&nbsp;&nbsp;&nbsp;__aeabi_memcpy
<LI><a href="#[6d]">&gt;&gt;</a>&nbsp;&nbsp;&nbsp;__aeabi_memcpy4
</UL>
<BR>[Called By]<UL><LI><a href="#[64]">&gt;&gt;</a>&nbsp;&nbsp;&nbsp;main
</UL>

<P><STRONG><a name="[c1]"></a>ble_conn_params_on_ble_evt</STRONG> (Thumb, 132 bytes, Stack size 24 bytes, ble_conn_params.o(i.ble_conn_params_on_ble_evt))
<BR><BR>[Stack]<UL><LI>Max Depth = 80<LI>Call Chain = ble_conn_params_on_ble_evt &rArr; conn_params_negotiation &rArr; app_timer_start
</UL>
<BR>[Calls]<UL><LI><a href="#[c2]">&gt;&gt;</a>&nbsp;&nbsp;&nbsp;conn_params_negotiation
<LI><a href="#[b5]">&gt;&gt;</a>&nbsp;&nbsp;&nbsp;app_timer_stop
<LI><a href="#[6c]">&gt;&gt;</a>&nbsp;&nbsp;&nbsp;__aeabi_memcpy
</UL>
<BR>[Called By]<UL><LI><a href="#[34]">&gt;&gt;</a>&nbsp;&nbsp;&nbsp;ble_evt_dispatch
</UL>

<P><STRONG><a name="[c3]"></a>ble_dis_init</STRONG> (Thumb, 308 bytes, Stack size 32 bytes, ble_dis.o(i.ble_dis_init))
<BR><BR>[Stack]<UL><LI>Max Depth = 232<LI>Call Chain = ble_dis_init &rArr; char_add &rArr; app_error_handler &rArr; app_error_fault_handler &rArr; bsp_indication_set &rArr; bsp_led_indication &rArr; app_timer_start
</UL>
<BR>[Calls]<UL><LI><a href="#[c5]">&gt;&gt;</a>&nbsp;&nbsp;&nbsp;sys_id_encode
<LI><a href="#[c6]">&gt;&gt;</a>&nbsp;&nbsp;&nbsp;pnp_id_encode
<LI><a href="#[c4]">&gt;&gt;</a>&nbsp;&nbsp;&nbsp;char_add
</UL>
<BR>[Called By]<UL><LI><a href="#[11c]">&gt;&gt;</a>&nbsp;&nbsp;&nbsp;service_dis_init
</UL>

<P><STRONG><a name="[cd]"></a>ble_ias_init</STRONG> (Thumb, 46 bytes, Stack size 16 bytes, ble_ias.o(i.ble_ias_init))
<BR><BR>[Stack]<UL><LI>Max Depth = 96<LI>Call Chain = ble_ias_init &rArr; alert_level_char_add
</UL>
<BR>[Calls]<UL><LI><a href="#[9f]">&gt;&gt;</a>&nbsp;&nbsp;&nbsp;alert_level_char_add
</UL>
<BR>[Called By]<UL><LI><a href="#[10f]">&gt;&gt;</a>&nbsp;&nbsp;&nbsp;services_init
</UL>

<P><STRONG><a name="[ca]"></a>ble_ias_on_ble_evt</STRONG> (Thumb, 52 bytes, Stack size 8 bytes, ble_ias.o(i.ble_ias_on_ble_evt))
<BR><BR>[Stack]<UL><LI>Max Depth = 8<LI>Call Chain = ble_ias_on_ble_evt
</UL>
<BR>[Called By]<UL><LI><a href="#[34]">&gt;&gt;</a>&nbsp;&nbsp;&nbsp;ble_evt_dispatch
</UL>

<P><STRONG><a name="[ce]"></a>ble_nus_init</STRONG> (Thumb, 98 bytes, Stack size 32 bytes, ble_nus.o(i.ble_nus_init))
<BR><BR>[Stack]<UL><LI>Max Depth = 112<LI>Call Chain = ble_nus_init &rArr; rx_char_add
</UL>
<BR>[Calls]<UL><LI><a href="#[d0]">&gt;&gt;</a>&nbsp;&nbsp;&nbsp;tx_char_add
<LI><a href="#[cf]">&gt;&gt;</a>&nbsp;&nbsp;&nbsp;rx_char_add
</UL>
<BR>[Called By]<UL><LI><a href="#[10f]">&gt;&gt;</a>&nbsp;&nbsp;&nbsp;services_init
</UL>

<P><STRONG><a name="[cb]"></a>ble_nus_on_ble_evt</STRONG> (Thumb, 88 bytes, Stack size 0 bytes, ble_nus.o(i.ble_nus_on_ble_evt))
<BR><BR>[Called By]<UL><LI><a href="#[34]">&gt;&gt;</a>&nbsp;&nbsp;&nbsp;ble_evt_dispatch
</UL>

<P><STRONG><a name="[117]"></a>ble_nus_string_send</STRONG> (Thumb, 78 bytes, Stack size 32 bytes, ble_nus.o(i.ble_nus_string_send))
<BR><BR>[Stack]<UL><LI>Max Depth = 32<LI>Call Chain = ble_nus_string_send
</UL>
<BR>[Called By]<UL><LI><a href="#[42]">&gt;&gt;</a>&nbsp;&nbsp;&nbsp;nus_data_handler
</UL>

<P><STRONG><a name="[d1]"></a>ble_srv_ascii_to_utf8</STRONG> (Thumb, 18 bytes, Stack size 16 bytes, ble_srv_common.o(i.ble_srv_ascii_to_utf8))
<BR><BR>[Stack]<UL><LI>Max Depth = 28<LI>Call Chain = ble_srv_ascii_to_utf8 &rArr; strlen
</UL>
<BR>[Calls]<UL><LI><a href="#[83]">&gt;&gt;</a>&nbsp;&nbsp;&nbsp;strlen
</UL>
<BR>[Called By]<UL><LI><a href="#[11c]">&gt;&gt;</a>&nbsp;&nbsp;&nbsp;service_dis_init
</UL>

<P><STRONG><a name="[d9]"></a>ble_tps_init</STRONG> (Thumb, 38 bytes, Stack size 16 bytes, ble_tps.o(i.ble_tps_init))
<BR><BR>[Stack]<UL><LI>Max Depth = 96<LI>Call Chain = ble_tps_init &rArr; tx_power_level_char_add
</UL>
<BR>[Calls]<UL><LI><a href="#[da]">&gt;&gt;</a>&nbsp;&nbsp;&nbsp;tx_power_level_char_add
</UL>
<BR>[Called By]<UL><LI><a href="#[10f]">&gt;&gt;</a>&nbsp;&nbsp;&nbsp;services_init
</UL>

<P><STRONG><a name="[c9]"></a>ble_tps_on_ble_evt</STRONG> (Thumb, 12 bytes, Stack size 0 bytes, ble_tps.o(i.ble_tps_on_ble_evt))
<BR><BR>[Called By]<UL><LI><a href="#[34]">&gt;&gt;</a>&nbsp;&nbsp;&nbsp;ble_evt_dispatch
</UL>

<P><STRONG><a name="[db]"></a>bond_data_load</STRONG> (Thumb, 58 bytes, Stack size 16 bytes, device_manager_peripheral.o(i.bond_data_load))
<BR><BR>[Stack]<UL><LI>Max Depth = 80<LI>Call Chain = bond_data_load &rArr; pstorage_load &rArr; __aeabi_memcpy
</UL>
<BR>[Calls]<UL><LI><a href="#[dd]">&gt;&gt;</a>&nbsp;&nbsp;&nbsp;pstorage_load
<LI><a href="#[dc]">&gt;&gt;</a>&nbsp;&nbsp;&nbsp;pstorage_block_identifier_get
</UL>
<BR>[Called By]<UL><LI><a href="#[cc]">&gt;&gt;</a>&nbsp;&nbsp;&nbsp;dm_ble_evt_handler
</UL>

<P><STRONG><a name="[de]"></a>bsp_btn_ble_init</STRONG> (Thumb, 80 bytes, Stack size 24 bytes, bsp_btn_ble.o(i.bsp_btn_ble_init))
<BR><BR>[Stack]<UL><LI>Max Depth = 48<LI>Call Chain = bsp_btn_ble_init &rArr; advertising_buttons_configure &rArr; bsp_event_to_button_action_assign
</UL>
<BR>[Calls]<UL><LI><a href="#[9a]">&gt;&gt;</a>&nbsp;&nbsp;&nbsp;advertising_buttons_configure
<LI><a href="#[df]">&gt;&gt;</a>&nbsp;&nbsp;&nbsp;bsp_button_is_pressed
</UL>
<BR>[Called By]<UL><LI><a href="#[64]">&gt;&gt;</a>&nbsp;&nbsp;&nbsp;main
</UL>

<P><STRONG><a name="[c8]"></a>bsp_btn_ble_on_ble_evt</STRONG> (Thumb, 114 bytes, Stack size 8 bytes, bsp_btn_ble.o(i.bsp_btn_ble_on_ble_evt))
<BR><BR>[Stack]<UL><LI>Max Depth = 32<LI>Call Chain = bsp_btn_ble_on_ble_evt &rArr; advertising_buttons_configure &rArr; bsp_event_to_button_action_assign
</UL>
<BR>[Calls]<UL><LI><a href="#[9a]">&gt;&gt;</a>&nbsp;&nbsp;&nbsp;advertising_buttons_configure
<LI><a href="#[9b]">&gt;&gt;</a>&nbsp;&nbsp;&nbsp;bsp_event_to_button_action_assign
</UL>
<BR>[Called By]<UL><LI><a href="#[34]">&gt;&gt;</a>&nbsp;&nbsp;&nbsp;ble_evt_dispatch
</UL>

<P><STRONG><a name="[e0]"></a>bsp_btn_ble_sleep_mode_prepare</STRONG> (Thumb, 20 bytes, Stack size 8 bytes, bsp_btn_ble.o(i.bsp_btn_ble_sleep_mode_prepare))
<BR><BR>[Stack]<UL><LI>Max Depth = 28<LI>Call Chain = bsp_btn_ble_sleep_mode_prepare &rArr; bsp_wakeup_buttons_set
</UL>
<BR>[Calls]<UL><LI><a href="#[e1]">&gt;&gt;</a>&nbsp;&nbsp;&nbsp;bsp_wakeup_buttons_set
</UL>
<BR>[Called By]<UL><LI><a href="#[e2]">&gt;&gt;</a>&nbsp;&nbsp;&nbsp;sleep_mode_enter
</UL>

<P><STRONG><a name="[df]"></a>bsp_button_is_pressed</STRONG> (Thumb, 34 bytes, Stack size 0 bytes, bsp.o(i.bsp_button_is_pressed))
<BR><BR>[Called By]<UL><LI><a href="#[de]">&gt;&gt;</a>&nbsp;&nbsp;&nbsp;bsp_btn_ble_init
</UL>

<P><STRONG><a name="[3e]"></a>bsp_event_handler</STRONG> (Thumb, 88 bytes, Stack size 8 bytes, main.o(i.bsp_event_handler))
<BR><BR>[Stack]<UL><LI>Max Depth = 352<LI>Call Chain = bsp_event_handler &rArr; SEGGER_RTT_printf &rArr; SEGGER_RTT_vprintf &rArr; _PrintInt &rArr; _PrintUnsigned &rArr; _StoreChar &rArr; SEGGER_RTT_Write &rArr; SEGGER_RTT_WriteNoLock &rArr; _WriteBlocking &rArr; __aeabi_memcpy
</UL>
<BR>[Calls]<UL><LI><a href="#[bb]">&gt;&gt;</a>&nbsp;&nbsp;&nbsp;ble_advertising_restart_without_whitelist
<LI><a href="#[8a]">&gt;&gt;</a>&nbsp;&nbsp;&nbsp;app_error_handler
<LI><a href="#[84]">&gt;&gt;</a>&nbsp;&nbsp;&nbsp;SEGGER_RTT_printf
<LI><a href="#[e2]">&gt;&gt;</a>&nbsp;&nbsp;&nbsp;sleep_mode_enter
</UL>
<BR>[Address Reference Count : 1]<UL><LI> main.o(i.main)
</UL>
<P><STRONG><a name="[9b]"></a>bsp_event_to_button_action_assign</STRONG> (Thumb, 66 bytes, Stack size 16 bytes, bsp.o(i.bsp_event_to_button_action_assign))
<BR><BR>[Stack]<UL><LI>Max Depth = 16<LI>Call Chain = bsp_event_to_button_action_assign
</UL>
<BR>[Called By]<UL><LI><a href="#[9a]">&gt;&gt;</a>&nbsp;&nbsp;&nbsp;advertising_buttons_configure
<LI><a href="#[e4]">&gt;&gt;</a>&nbsp;&nbsp;&nbsp;bsp_init
<LI><a href="#[c8]">&gt;&gt;</a>&nbsp;&nbsp;&nbsp;bsp_btn_ble_on_ble_evt
</UL>

<P><STRONG><a name="[a1]"></a>bsp_indication_set</STRONG> (Thumb, 22 bytes, Stack size 8 bytes, bsp.o(i.bsp_indication_set))
<BR><BR>[Stack]<UL><LI>Max Depth = 72<LI>Call Chain = bsp_indication_set &rArr; bsp_led_indication &rArr; app_timer_start
</UL>
<BR>[Calls]<UL><LI><a href="#[e3]">&gt;&gt;</a>&nbsp;&nbsp;&nbsp;bsp_led_indication
</UL>
<BR>[Called By]<UL><LI><a href="#[e2]">&gt;&gt;</a>&nbsp;&nbsp;&nbsp;sleep_mode_enter
<LI><a href="#[c7]">&gt;&gt;</a>&nbsp;&nbsp;&nbsp;on_ble_evt
<LI><a href="#[30]">&gt;&gt;</a>&nbsp;&nbsp;&nbsp;on_adv_evt
<LI><a href="#[a0]">&gt;&gt;</a>&nbsp;&nbsp;&nbsp;alert_signal
<LI><a href="#[a9]">&gt;&gt;</a>&nbsp;&nbsp;&nbsp;app_error_fault_handler
</UL>

<P><STRONG><a name="[e4]"></a>bsp_init</STRONG> (Thumb, 134 bytes, Stack size 16 bytes, bsp.o(i.bsp_init))
<BR><BR>[Stack]<UL><LI>Max Depth = 92<LI>Call Chain = bsp_init &rArr; app_button_init &rArr; nrf_drv_gpiote_in_init &rArr; channel_port_alloc
</UL>
<BR>[Calls]<UL><LI><a href="#[a8]">&gt;&gt;</a>&nbsp;&nbsp;&nbsp;app_timer_create
<LI><a href="#[a4]">&gt;&gt;</a>&nbsp;&nbsp;&nbsp;app_button_init
<LI><a href="#[a2]">&gt;&gt;</a>&nbsp;&nbsp;&nbsp;app_button_enable
<LI><a href="#[9b]">&gt;&gt;</a>&nbsp;&nbsp;&nbsp;bsp_event_to_button_action_assign
</UL>
<BR>[Called By]<UL><LI><a href="#[64]">&gt;&gt;</a>&nbsp;&nbsp;&nbsp;main
</UL>

<P><STRONG><a name="[e1]"></a>bsp_wakeup_buttons_set</STRONG> (Thumb, 50 bytes, Stack size 20 bytes, bsp.o(i.bsp_wakeup_buttons_set))
<BR><BR>[Stack]<UL><LI>Max Depth = 20<LI>Call Chain = bsp_wakeup_buttons_set
</UL>
<BR>[Called By]<UL><LI><a href="#[e0]">&gt;&gt;</a>&nbsp;&nbsp;&nbsp;bsp_btn_ble_sleep_mode_prepare
</UL>

<P><STRONG><a name="[cc]"></a>dm_ble_evt_handler</STRONG> (Thumb, 950 bytes, Stack size 88 bytes, device_manager_peripheral.o(i.dm_ble_evt_handler))
<BR><BR>[Stack]<UL><LI>Max Depth = 264<LI>Call Chain = dm_ble_evt_handler &rArr; device_instance_free &rArr; pstorage_clear &rArr; cmd_queue_enqueue &rArr; cmd_process &rArr; clear_operation_execute &rArr; sm_state_change &rArr;  cmd_process (Cycle)
</UL>
<BR>[Calls]<UL><LI><a href="#[8a]">&gt;&gt;</a>&nbsp;&nbsp;&nbsp;app_error_handler
<LI><a href="#[ff]">&gt;&gt;</a>&nbsp;&nbsp;&nbsp;dm_handle_initialize
<LI><a href="#[db]">&gt;&gt;</a>&nbsp;&nbsp;&nbsp;bond_data_load
<LI><a href="#[fa]">&gt;&gt;</a>&nbsp;&nbsp;&nbsp;peer_instance_init
<LI><a href="#[f8]">&gt;&gt;</a>&nbsp;&nbsp;&nbsp;device_instance_free
<LI><a href="#[f6]">&gt;&gt;</a>&nbsp;&nbsp;&nbsp;device_instance_find
<LI><a href="#[f5]">&gt;&gt;</a>&nbsp;&nbsp;&nbsp;device_instance_allocate
<LI><a href="#[f4]">&gt;&gt;</a>&nbsp;&nbsp;&nbsp;device_context_store
<LI><a href="#[ef]">&gt;&gt;</a>&nbsp;&nbsp;&nbsp;connection_instance_init
<LI><a href="#[100]">&gt;&gt;</a>&nbsp;&nbsp;&nbsp;connection_instance_find
<LI><a href="#[101]">&gt;&gt;</a>&nbsp;&nbsp;&nbsp;app_evt_notify
<LI><a href="#[9d]">&gt;&gt;</a>&nbsp;&nbsp;&nbsp;__aeabi_memclr4
<LI><a href="#[6c]">&gt;&gt;</a>&nbsp;&nbsp;&nbsp;__aeabi_memcpy
</UL>
<BR>[Called By]<UL><LI><a href="#[34]">&gt;&gt;</a>&nbsp;&nbsp;&nbsp;ble_evt_dispatch
</UL>

<P><STRONG><a name="[ff]"></a>dm_handle_initialize</STRONG> (Thumb, 22 bytes, Stack size 0 bytes, device_manager_peripheral.o(i.dm_handle_initialize))
<BR><BR>[Called By]<UL><LI><a href="#[cc]">&gt;&gt;</a>&nbsp;&nbsp;&nbsp;dm_ble_evt_handler
<LI><a href="#[3d]">&gt;&gt;</a>&nbsp;&nbsp;&nbsp;dm_pstorage_cb_handler
</UL>

<P><STRONG><a name="[fd]"></a>dm_init</STRONG> (Thumb, 174 bytes, Stack size 40 bytes, device_manager_peripheral.o(i.dm_init))
<BR><BR>[Stack]<UL><LI>Max Depth = 192<LI>Call Chain = dm_init &rArr; pstorage_clear &rArr; cmd_queue_enqueue &rArr; cmd_process &rArr; clear_operation_execute &rArr; sm_state_change &rArr;  cmd_process (Cycle)
</UL>
<BR>[Calls]<UL><LI><a href="#[102]">&gt;&gt;</a>&nbsp;&nbsp;&nbsp;pstorage_register
<LI><a href="#[dd]">&gt;&gt;</a>&nbsp;&nbsp;&nbsp;pstorage_load
<LI><a href="#[f9]">&gt;&gt;</a>&nbsp;&nbsp;&nbsp;pstorage_clear
<LI><a href="#[dc]">&gt;&gt;</a>&nbsp;&nbsp;&nbsp;pstorage_block_identifier_get
<LI><a href="#[fa]">&gt;&gt;</a>&nbsp;&nbsp;&nbsp;peer_instance_init
<LI><a href="#[ef]">&gt;&gt;</a>&nbsp;&nbsp;&nbsp;connection_instance_init
<LI><a href="#[9d]">&gt;&gt;</a>&nbsp;&nbsp;&nbsp;__aeabi_memclr4
</UL>
<BR>[Called By]<UL><LI><a href="#[fb]">&gt;&gt;</a>&nbsp;&nbsp;&nbsp;device_manager_init
</UL>

<P><STRONG><a name="[fe]"></a>dm_register</STRONG> (Thumb, 104 bytes, Stack size 16 bytes, device_manager_peripheral.o(i.dm_register))
<BR><BR>[Stack]<UL><LI>Max Depth = 40<LI>Call Chain = dm_register &rArr; __aeabi_memcpy
</UL>
<BR>[Calls]<UL><LI><a href="#[6c]">&gt;&gt;</a>&nbsp;&nbsp;&nbsp;__aeabi_memcpy
</UL>
<BR>[Called By]<UL><LI><a href="#[fb]">&gt;&gt;</a>&nbsp;&nbsp;&nbsp;device_manager_init
</UL>

<P><STRONG><a name="[bd]"></a>fs_queued_op_count_get</STRONG> (Thumb, 18 bytes, Stack size 0 bytes, fstorage.o(i.fs_queued_op_count_get))
<BR><BR>[Called By]<UL><LI><a href="#[b9]">&gt;&gt;</a>&nbsp;&nbsp;&nbsp;ble_advertising_start
</UL>

<P><STRONG><a name="[8b]"></a>intern_softdevice_events_execute</STRONG> (Thumb, 124 bytes, Stack size 24 bytes, softdevice_handler.o(i.intern_softdevice_events_execute))
<BR><BR>[Stack]<UL><LI>Max Depth = 128<LI>Call Chain = intern_softdevice_events_execute &rArr; app_error_handler &rArr; app_error_fault_handler &rArr; bsp_indication_set &rArr; bsp_led_indication &rArr; app_timer_start
</UL>
<BR>[Calls]<UL><LI><a href="#[8a]">&gt;&gt;</a>&nbsp;&nbsp;&nbsp;app_error_handler
</UL>
<BR>[Called By]<UL><LI><a href="#[2a]">&gt;&gt;</a>&nbsp;&nbsp;&nbsp;SWI2_IRQHandler
</UL>

<P><STRONG><a name="[10d]"></a>log_rtt_init</STRONG> (Thumb, 58 bytes, Stack size 16 bytes, nrf_log.o(i.log_rtt_init))
<BR><BR>[Stack]<UL><LI>Max Depth = 80<LI>Call Chain = log_rtt_init &rArr; SEGGER_RTT_ConfigUpBuffer &rArr; _DoInit &rArr; strcpy
</UL>
<BR>[Calls]<UL><LI><a href="#[7c]">&gt;&gt;</a>&nbsp;&nbsp;&nbsp;SEGGER_RTT_ConfigUpBuffer
<LI><a href="#[7a]">&gt;&gt;</a>&nbsp;&nbsp;&nbsp;SEGGER_RTT_ConfigDownBuffer
</UL>
<BR>[Called By]<UL><LI><a href="#[d3]">&gt;&gt;</a>&nbsp;&nbsp;&nbsp;softdevice_handler_init
</UL>

<P><STRONG><a name="[10e]"></a>log_rtt_printf</STRONG> (Thumb, 24 bytes, Stack size 24 bytes, nrf_log.o(i.log_rtt_printf))
<BR><BR>[Stack]<UL><LI>Max Depth = 344<LI>Call Chain = log_rtt_printf &rArr; SEGGER_RTT_vprintf &rArr; _PrintInt &rArr; _PrintUnsigned &rArr; _StoreChar &rArr; SEGGER_RTT_Write &rArr; SEGGER_RTT_WriteNoLock &rArr; _WriteBlocking &rArr; __aeabi_memcpy
</UL>
<BR>[Calls]<UL><LI><a href="#[85]">&gt;&gt;</a>&nbsp;&nbsp;&nbsp;SEGGER_RTT_vprintf
</UL>
<BR>[Called By]<UL><LI><a href="#[d6]">&gt;&gt;</a>&nbsp;&nbsp;&nbsp;softdevice_enable
<LI><a href="#[d5]">&gt;&gt;</a>&nbsp;&nbsp;&nbsp;sd_check_ram_start
</UL>

<P><STRONG><a name="[64]"></a>main</STRONG> (Thumb, 258 bytes, Stack size 32 bytes, main.o(i.main))
<BR><BR>[Stack]<UL><LI>Max Depth = 456<LI>Call Chain = main &rArr; advertising_init &rArr; ble_advertising_init &rArr; ble_advdata_set &rArr; adv_data_encode &rArr; uuid_list_encode &rArr; uuid_list_sized_encode
</UL>
<BR>[Calls]<UL><LI><a href="#[e4]">&gt;&gt;</a>&nbsp;&nbsp;&nbsp;bsp_init
<LI><a href="#[de]">&gt;&gt;</a>&nbsp;&nbsp;&nbsp;bsp_btn_ble_init
<LI><a href="#[c0]">&gt;&gt;</a>&nbsp;&nbsp;&nbsp;ble_conn_params_init
<LI><a href="#[b9]">&gt;&gt;</a>&nbsp;&nbsp;&nbsp;ble_advertising_start
<LI><a href="#[ae]">&gt;&gt;</a>&nbsp;&nbsp;&nbsp;app_timer_init
<LI><a href="#[8a]">&gt;&gt;</a>&nbsp;&nbsp;&nbsp;app_error_handler
<LI><a href="#[82]">&gt;&gt;</a>&nbsp;&nbsp;&nbsp;SEGGER_RTT_WriteString
<LI><a href="#[10f]">&gt;&gt;</a>&nbsp;&nbsp;&nbsp;services_init
<LI><a href="#[10a]">&gt;&gt;</a>&nbsp;&nbsp;&nbsp;gap_params_init
<LI><a href="#[fb]">&gt;&gt;</a>&nbsp;&nbsp;&nbsp;device_manager_init
<LI><a href="#[d2]">&gt;&gt;</a>&nbsp;&nbsp;&nbsp;ble_stack_init
<LI><a href="#[9c]">&gt;&gt;</a>&nbsp;&nbsp;&nbsp;advertising_init
<LI><a href="#[9d]">&gt;&gt;</a>&nbsp;&nbsp;&nbsp;__aeabi_memclr4
</UL>
<BR>[Called By]<UL><LI><a href="#[63]">&gt;&gt;</a>&nbsp;&nbsp;&nbsp;__rt_entry_main
</UL>

<P><STRONG><a name="[110]"></a>nrf_delay_ms</STRONG> (Thumb, 24 bytes, Stack size 16 bytes, nrf_delay.o(i.nrf_delay_ms))
<BR><BR>[Stack]<UL><LI>Max Depth = 16<LI>Call Chain = nrf_delay_ms
</UL>
<BR>[Calls]<UL><LI><a href="#[6a]">&gt;&gt;</a>&nbsp;&nbsp;&nbsp;__asm___11_nrf_delay_c_532987f3__nrf_delay_us
</UL>
<BR>[Called By]<UL><LI><a href="#[42]">&gt;&gt;</a>&nbsp;&nbsp;&nbsp;nus_data_handler
</UL>

<P><STRONG><a name="[116]"></a>nrf_drv_common_irq_enable</STRONG> (Thumb, 78 bytes, Stack size 8 bytes, nrf_drv_common.o(i.nrf_drv_common_irq_enable))
<BR><BR>[Stack]<UL><LI>Max Depth = 8<LI>Call Chain = nrf_drv_common_irq_enable
</UL>
<BR>[Called By]<UL><LI><a href="#[a6]">&gt;&gt;</a>&nbsp;&nbsp;&nbsp;nrf_drv_gpiote_init
</UL>

<P><STRONG><a name="[a3]"></a>nrf_drv_gpiote_in_event_enable</STRONG> (Thumb, 138 bytes, Stack size 32 bytes, nrf_drv_gpiote.o(i.nrf_drv_gpiote_in_event_enable))
<BR><BR>[Stack]<UL><LI>Max Depth = 32<LI>Call Chain = nrf_drv_gpiote_in_event_enable
</UL>
<BR>[Calls]<UL><LI><a href="#[112]">&gt;&gt;</a>&nbsp;&nbsp;&nbsp;pin_in_use_by_te
<LI><a href="#[111]">&gt;&gt;</a>&nbsp;&nbsp;&nbsp;pin_in_use_by_port
<LI><a href="#[78]">&gt;&gt;</a>&nbsp;&nbsp;&nbsp;nrf_gpio_cfg_sense_set
<LI><a href="#[77]">&gt;&gt;</a>&nbsp;&nbsp;&nbsp;channel_port_get
</UL>
<BR>[Called By]<UL><LI><a href="#[a2]">&gt;&gt;</a>&nbsp;&nbsp;&nbsp;app_button_enable
</UL>

<P><STRONG><a name="[a7]"></a>nrf_drv_gpiote_in_init</STRONG> (Thumb, 146 bytes, Stack size 32 bytes, nrf_drv_gpiote.o(i.nrf_drv_gpiote_in_init))
<BR><BR>[Stack]<UL><LI>Max Depth = 52<LI>Call Chain = nrf_drv_gpiote_in_init &rArr; channel_port_alloc
</UL>
<BR>[Calls]<UL><LI><a href="#[114]">&gt;&gt;</a>&nbsp;&nbsp;&nbsp;nrf_gpio_cfg
<LI><a href="#[113]">&gt;&gt;</a>&nbsp;&nbsp;&nbsp;channel_port_alloc
</UL>
<BR>[Called By]<UL><LI><a href="#[a4]">&gt;&gt;</a>&nbsp;&nbsp;&nbsp;app_button_init
</UL>

<P><STRONG><a name="[f3]"></a>nrf_drv_gpiote_in_is_set</STRONG> (Thumb, 16 bytes, Stack size 0 bytes, nrf_drv_gpiote.o(i.nrf_drv_gpiote_in_is_set))
<BR><BR>[Called By]<UL><LI><a href="#[31]">&gt;&gt;</a>&nbsp;&nbsp;&nbsp;gpiote_event_handler
<LI><a href="#[32]">&gt;&gt;</a>&nbsp;&nbsp;&nbsp;detection_delay_timeout_handler
</UL>

<P><STRONG><a name="[a6]"></a>nrf_drv_gpiote_init</STRONG> (Thumb, 76 bytes, Stack size 16 bytes, nrf_drv_gpiote.o(i.nrf_drv_gpiote_init))
<BR><BR>[Stack]<UL><LI>Max Depth = 24<LI>Call Chain = nrf_drv_gpiote_init &rArr; nrf_drv_common_irq_enable
</UL>
<BR>[Calls]<UL><LI><a href="#[116]">&gt;&gt;</a>&nbsp;&nbsp;&nbsp;nrf_drv_common_irq_enable
<LI><a href="#[115]">&gt;&gt;</a>&nbsp;&nbsp;&nbsp;channel_free
</UL>
<BR>[Called By]<UL><LI><a href="#[a4]">&gt;&gt;</a>&nbsp;&nbsp;&nbsp;app_button_init
</UL>

<P><STRONG><a name="[a5]"></a>nrf_drv_gpiote_is_init</STRONG> (Thumb, 12 bytes, Stack size 0 bytes, nrf_drv_gpiote.o(i.nrf_drv_gpiote_is_init))
<BR><BR>[Called By]<UL><LI><a href="#[a4]">&gt;&gt;</a>&nbsp;&nbsp;&nbsp;app_button_init
</UL>

<P><STRONG><a name="[bc]"></a>pstorage_access_status_get</STRONG> (Thumb, 30 bytes, Stack size 0 bytes, pstorage.o(i.pstorage_access_status_get))
<BR><BR>[Called By]<UL><LI><a href="#[b9]">&gt;&gt;</a>&nbsp;&nbsp;&nbsp;ble_advertising_start
</UL>

<P><STRONG><a name="[dc]"></a>pstorage_block_identifier_get</STRONG> (Thumb, 78 bytes, Stack size 16 bytes, pstorage.o(i.pstorage_block_identifier_get))
<BR><BR>[Stack]<UL><LI>Max Depth = 16<LI>Call Chain = pstorage_block_identifier_get
</UL>
<BR>[Called By]<UL><LI><a href="#[fd]">&gt;&gt;</a>&nbsp;&nbsp;&nbsp;dm_init
<LI><a href="#[db]">&gt;&gt;</a>&nbsp;&nbsp;&nbsp;bond_data_load
<LI><a href="#[3d]">&gt;&gt;</a>&nbsp;&nbsp;&nbsp;dm_pstorage_cb_handler
<LI><a href="#[f8]">&gt;&gt;</a>&nbsp;&nbsp;&nbsp;device_instance_free
<LI><a href="#[f4]">&gt;&gt;</a>&nbsp;&nbsp;&nbsp;device_context_store
</UL>

<P><STRONG><a name="[f9]"></a>pstorage_clear</STRONG> (Thumb, 160 bytes, Stack size 32 bytes, pstorage.o(i.pstorage_clear))
<BR><BR>[Stack]<UL><LI>Max Depth = 152<LI>Call Chain = pstorage_clear &rArr; cmd_queue_enqueue &rArr; cmd_process &rArr; clear_operation_execute &rArr; sm_state_change &rArr;  cmd_process (Cycle)
</UL>
<BR>[Calls]<UL><LI><a href="#[118]">&gt;&gt;</a>&nbsp;&nbsp;&nbsp;is_word_aligned
<LI><a href="#[eb]">&gt;&gt;</a>&nbsp;&nbsp;&nbsp;cmd_queue_enqueue
<LI><a href="#[90]">&gt;&gt;</a>&nbsp;&nbsp;&nbsp;__aeabi_uidivmod
</UL>
<BR>[Called By]<UL><LI><a href="#[fd]">&gt;&gt;</a>&nbsp;&nbsp;&nbsp;dm_init
<LI><a href="#[f8]">&gt;&gt;</a>&nbsp;&nbsp;&nbsp;device_instance_free
</UL>

<P><STRONG><a name="[fc]"></a>pstorage_init</STRONG> (Thumb, 80 bytes, Stack size 16 bytes, pstorage.o(i.pstorage_init))
<BR><BR>[Stack]<UL><LI>Max Depth = 24<LI>Call Chain = pstorage_init &rArr; pstorage_flash_page_end
</UL>
<BR>[Calls]<UL><LI><a href="#[e7]">&gt;&gt;</a>&nbsp;&nbsp;&nbsp;pstorage_flash_page_size
<LI><a href="#[119]">&gt;&gt;</a>&nbsp;&nbsp;&nbsp;pstorage_flash_page_end
<LI><a href="#[ec]">&gt;&gt;</a>&nbsp;&nbsp;&nbsp;cmd_queue_element_init
</UL>
<BR>[Called By]<UL><LI><a href="#[fb]">&gt;&gt;</a>&nbsp;&nbsp;&nbsp;device_manager_init
</UL>

<P><STRONG><a name="[dd]"></a>pstorage_load</STRONG> (Thumb, 162 bytes, Stack size 40 bytes, pstorage.o(i.pstorage_load))
<BR><BR>[Stack]<UL><LI>Max Depth = 64<LI>Call Chain = pstorage_load &rArr; __aeabi_memcpy
</UL>
<BR>[Calls]<UL><LI><a href="#[118]">&gt;&gt;</a>&nbsp;&nbsp;&nbsp;is_word_aligned
<LI><a href="#[6c]">&gt;&gt;</a>&nbsp;&nbsp;&nbsp;__aeabi_memcpy
</UL>
<BR>[Called By]<UL><LI><a href="#[fd]">&gt;&gt;</a>&nbsp;&nbsp;&nbsp;dm_init
<LI><a href="#[db]">&gt;&gt;</a>&nbsp;&nbsp;&nbsp;bond_data_load
<LI><a href="#[4a]">&gt;&gt;</a>&nbsp;&nbsp;&nbsp;gatts_context_load
</UL>

<P><STRONG><a name="[102]"></a>pstorage_register</STRONG> (Thumb, 180 bytes, Stack size 24 bytes, pstorage.o(i.pstorage_register))
<BR><BR>[Stack]<UL><LI>Max Depth = 32<LI>Call Chain = pstorage_register &rArr; pstorage_flash_page_end
</UL>
<BR>[Calls]<UL><LI><a href="#[e7]">&gt;&gt;</a>&nbsp;&nbsp;&nbsp;pstorage_flash_page_size
<LI><a href="#[119]">&gt;&gt;</a>&nbsp;&nbsp;&nbsp;pstorage_flash_page_end
<LI><a href="#[8f]">&gt;&gt;</a>&nbsp;&nbsp;&nbsp;__aeabi_idivmod
</UL>
<BR>[Called By]<UL><LI><a href="#[fd]">&gt;&gt;</a>&nbsp;&nbsp;&nbsp;dm_init
</UL>

<P><STRONG><a name="[3b]"></a>pstorage_store</STRONG> (Thumb, 138 bytes, Stack size 24 bytes, pstorage.o(i.pstorage_store))
<BR><BR>[Stack]<UL><LI>Max Depth = 144<LI>Call Chain = pstorage_store &rArr; cmd_queue_enqueue &rArr; cmd_process &rArr; clear_operation_execute &rArr; sm_state_change &rArr;  cmd_process (Cycle)
</UL>
<BR>[Calls]<UL><LI><a href="#[118]">&gt;&gt;</a>&nbsp;&nbsp;&nbsp;is_word_aligned
[...]
<LI><a href="#[54]">&gt;&gt;</a>&nbsp;&nbsp;&nbsp;state_restore_tail_entry_run
<LI><a href="#[55]">&gt;&gt;</a>&nbsp;&nbsp;&nbsp;state_restore_head_entry_run
</UL>

<P><STRONG><a name="[e7]"></a>pstorage_flash_page_size</STRONG> (Thumb, 10 bytes, Stack size 0 bytes, pstorage.o(i.pstorage_flash_page_size))
<BR><BR>[Called By]<UL><LI><a href="#[fc]">&gt;&gt;</a>&nbsp;&nbsp;&nbsp;pstorage_init
<LI><a href="#[102]">&gt;&gt;</a>&nbsp;&nbsp;&nbsp;pstorage_register
<LI><a href="#[106]">&gt;&gt;</a>&nbsp;&nbsp;&nbsp;store_cmd_flash_write_execute
<LI><a href="#[52]">&gt;&gt;</a>&nbsp;&nbsp;&nbsp;state_write_data_swap_entry_run
<LI><a href="#[51]">&gt;&gt;</a>&nbsp;&nbsp;&nbsp;state_swap_erase_entry_run
<LI><a href="#[54]">&gt;&gt;</a>&nbsp;&nbsp;&nbsp;state_restore_tail_entry_run
<LI><a href="#[55]">&gt;&gt;</a>&nbsp;&nbsp;&nbsp;state_restore_head_entry_run
<LI><a href="#[11d]">&gt;&gt;</a>&nbsp;&nbsp;&nbsp;state_data_erase_swap_entry_run
<LI><a href="#[119]">&gt;&gt;</a>&nbsp;&nbsp;&nbsp;pstorage_flash_page_end
<LI><a href="#[f0]">&gt;&gt;</a>&nbsp;&nbsp;&nbsp;is_page_erase_required
<LI><a href="#[5a]">&gt;&gt;</a>&nbsp;&nbsp;&nbsp;head_restore_state_run
<LI><a href="#[e6]">&gt;&gt;</a>&nbsp;&nbsp;&nbsp;clear_operation_execute
</UL>

<P><STRONG><a name="[ad]"></a>sm_state_change</STRONG> (Thumb, 62 bytes, Stack size 8 bytes, pstorage.o(i.sm_state_change))
<BR><BR>[Stack]<UL><LI>Max Depth = 64 + In Cycle
<LI>Call Chain = sm_state_change &rArr;  cmd_process (Cycle)
</UL>
<BR>[Calls]<UL><LI><a href="#[106]">&gt;&gt;</a>&nbsp;&nbsp;&nbsp;store_cmd_flash_write_execute
<LI><a href="#[11d]">&gt;&gt;</a>&nbsp;&nbsp;&nbsp;state_data_erase_swap_entry_run
<LI><a href="#[108]">&gt;&gt;</a>&nbsp;&nbsp;&nbsp;flash_page_erase
<LI><a href="#[ea]">&gt;&gt;</a>&nbsp;&nbsp;&nbsp;cmd_process
</UL>
<BR>[Called By]<UL><LI><a href="#[11a]">&gt;&gt;</a>&nbsp;&nbsp;&nbsp;pstorage_sys_event_handler
<LI><a href="#[107]">&gt;&gt;</a>&nbsp;&nbsp;&nbsp;main_state_err_busy_process
<LI><a href="#[105]">&gt;&gt;</a>&nbsp;&nbsp;&nbsp;flash_operation_success_run
<LI><a href="#[e9]">&gt;&gt;</a>&nbsp;&nbsp;&nbsp;command_end_procedure_run
<LI><a href="#[ea]">&gt;&gt;</a>&nbsp;&nbsp;&nbsp;cmd_process
<LI><a href="#[e8]">&gt;&gt;</a>&nbsp;&nbsp;&nbsp;clear_post_processing_run
<LI><a href="#[e6]">&gt;&gt;</a>&nbsp;&nbsp;&nbsp;clear_operation_execute
<LI><a href="#[ab]">&gt;&gt;</a>&nbsp;&nbsp;&nbsp;app_notify_error_state_transit
</UL>

<P><STRONG><a name="[11d]"></a>state_data_erase_swap_entry_run</STRONG> (Thumb, 92 bytes, Stack size 24 bytes, pstorage.o(i.state_data_erase_swap_entry_run))
<BR><BR>[Stack]<UL><LI>Max Depth = 24<LI>Call Chain = state_data_erase_swap_entry_run
</UL>
<BR>[Calls]<UL><LI><a href="#[f1]">&gt;&gt;</a>&nbsp;&nbsp;&nbsp;swap_sub_state_state_change
<LI><a href="#[e7]">&gt;&gt;</a>&nbsp;&nbsp;&nbsp;pstorage_flash_page_size
<LI><a href="#[90]">&gt;&gt;</a>&nbsp;&nbsp;&nbsp;__aeabi_uidivmod
</UL>
<BR>[Called By]<UL><LI><a href="#[ad]">&gt;&gt;</a>&nbsp;&nbsp;&nbsp;sm_state_change
</UL>

<P><STRONG><a name="[53]"></a>state_erase_data_page_entry_run</STRONG> (Thumb, 12 bytes, Stack size 8 bytes, pstorage.o(i.state_erase_data_page_entry_run))
<BR><BR>[Stack]<UL><LI>Max Depth = 48<LI>Call Chain = state_erase_data_page_entry_run &rArr; flash_page_erase &rArr; flash_api_err_code_process &rArr; app_notify_error_state_transit &rArr;  sm_state_change (Cycle)
</UL>
<BR>[Calls]<UL><LI><a href="#[108]">&gt;&gt;</a>&nbsp;&nbsp;&nbsp;flash_page_erase
</UL>
<BR>[Address Reference Count : 1]<UL><LI> pstorage.o(.constdata)
</UL>
<P><STRONG><a name="[55]"></a>state_restore_head_entry_run</STRONG> (Thumb, 36 bytes, Stack size 8 bytes, pstorage.o(i.state_restore_head_entry_run))
<BR><BR>[Stack]<UL><LI>Max Depth = 48<LI>Call Chain = state_restore_head_entry_run &rArr; flash_write &rArr; flash_api_err_code_process &rArr; app_notify_error_state_transit &rArr;  sm_state_change (Cycle)
</UL>
<BR>[Calls]<UL><LI><a href="#[e7]">&gt;&gt;</a>&nbsp;&nbsp;&nbsp;pstorage_flash_page_size
<LI><a href="#[119]">&gt;&gt;</a>&nbsp;&nbsp;&nbsp;pstorage_flash_page_end
<LI><a href="#[109]">&gt;&gt;</a>&nbsp;&nbsp;&nbsp;flash_write
</UL>
<BR>[Address Reference Count : 1]<UL><LI> pstorage.o(.constdata)
</UL>
<P><STRONG><a name="[54]"></a>state_restore_tail_entry_run</STRONG> (Thumb, 66 bytes, Stack size 24 bytes, pstorage.o(i.state_restore_tail_entry_run))
<BR><BR>[Stack]<UL><LI>Max Depth = 64<LI>Call Chain = state_restore_tail_entry_run &rArr; flash_write &rArr; flash_api_err_code_process &rArr; app_notify_error_state_transit &rArr;  sm_state_change (Cycle)
</UL>
<BR>[Calls]<UL><LI><a href="#[e7]">&gt;&gt;</a>&nbsp;&nbsp;&nbsp;pstorage_flash_page_size
<LI><a href="#[119]">&gt;&gt;</a>&nbsp;&nbsp;&nbsp;pstorage_flash_page_end
<LI><a href="#[109]">&gt;&gt;</a>&nbsp;&nbsp;&nbsp;flash_write
<LI><a href="#[90]">&gt;&gt;</a>&nbsp;&nbsp;&nbsp;__aeabi_uidivmod
</UL>
<BR>[Address Reference Count : 1]<UL><LI> pstorage.o(.constdata)
</UL>
<P><STRONG><a name="[51]"></a>state_swap_erase_entry_run</STRONG> (Thumb, 32 bytes, Stack size 16 bytes, pstorage.o(i.state_swap_erase_entry_run))
<BR><BR>[Stack]<UL><LI>Max Depth = 56<LI>Call Chain = state_swap_erase_entry_run &rArr; flash_page_erase &rArr; flash_api_err_code_process &rArr; app_notify_error_state_transit &rArr;  sm_state_change (Cycle)
</UL>
<BR>[Calls]<UL><LI><a href="#[e7]">&gt;&gt;</a>&nbsp;&nbsp;&nbsp;pstorage_flash_page_size
<LI><a href="#[119]">&gt;&gt;</a>&nbsp;&nbsp;&nbsp;pstorage_flash_page_end
<LI><a href="#[108]">&gt;&gt;</a>&nbsp;&nbsp;&nbsp;flash_page_erase
<LI><a href="#[90]">&gt;&gt;</a>&nbsp;&nbsp;&nbsp;__aeabi_uidivmod
</UL>
<BR>[Address Reference Count : 1]<UL><LI> pstorage.o(.constdata)
</UL>
<P><STRONG><a name="[52]"></a>state_write_data_swap_entry_run</STRONG> (Thumb, 42 bytes, Stack size 16 bytes, pstorage.o(i.state_write_data_swap_entry_run))
<BR><BR>[Stack]<UL><LI>Max Depth = 56<LI>Call Chain = state_write_data_swap_entry_run &rArr; flash_write &rArr; flash_api_err_code_process &rArr; app_notify_error_state_transit &rArr;  sm_state_change (Cycle)
</UL>
<BR>[Calls]<UL><LI><a href="#[e7]">&gt;&gt;</a>&nbsp;&nbsp;&nbsp;pstorage_flash_page_size
<LI><a href="#[119]">&gt;&gt;</a>&nbsp;&nbsp;&nbsp;pstorage_flash_page_end
<LI><a href="#[109]">&gt;&gt;</a>&nbsp;&nbsp;&nbsp;flash_write
</UL>
<BR>[Address Reference Count : 1]<UL><LI> pstorage.o(.constdata)
</UL>
<P><STRONG><a name="[106]"></a>store_cmd_flash_write_execute</STRONG> (Thumb, 82 bytes, Stack size 16 bytes, pstorage.o(i.store_cmd_flash_write_execute))
<BR><BR>[Stack]<UL><LI>Max Depth = 56<LI>Call Chain = store_cmd_flash_write_execute &rArr; flash_write &rArr; flash_api_err_code_process &rArr; app_notify_error_state_transit &rArr;  sm_state_change (Cycle)
</UL>
<BR>[Calls]<UL><LI><a href="#[e7]">&gt;&gt;</a>&nbsp;&nbsp;&nbsp;pstorage_flash_page_size
<LI><a href="#[109]">&gt;&gt;</a>&nbsp;&nbsp;&nbsp;flash_write
</UL>
<BR>[Called By]<UL><LI><a href="#[ad]">&gt;&gt;</a>&nbsp;&nbsp;&nbsp;sm_state_change
<LI><a href="#[105]">&gt;&gt;</a>&nbsp;&nbsp;&nbsp;flash_operation_success_run
</UL>

<P><STRONG><a name="[56]"></a>swap_erase_state_run</STRONG> (Thumb, 24 bytes, Stack size 8 bytes, pstorage.o(i.swap_erase_state_run))
<BR><BR>[Stack]<UL><LI>Max Depth = 16<LI>Call Chain = swap_erase_state_run &rArr; swap_sub_state_err_busy_process
</UL>
<BR>[Calls]<UL><LI><a href="#[f1]">&gt;&gt;</a>&nbsp;&nbsp;&nbsp;swap_sub_state_state_change
<LI><a href="#[f2]">&gt;&gt;</a>&nbsp;&nbsp;&nbsp;swap_sub_state_err_busy_process
</UL>
<BR>[Address Reference Count : 1]<UL><LI> pstorage.o(.constdata)
</UL>
<P><STRONG><a name="[f2]"></a>swap_sub_state_err_busy_process</STRONG> (Thumb, 20 bytes, Stack size 8 bytes, pstorage.o(i.swap_sub_state_err_busy_process))
<BR><BR>[Stack]<UL><LI>Max Depth = 8<LI>Call Chain = swap_sub_state_err_busy_process
</UL>
<BR>[Calls]<UL><LI><a href="#[f1]">&gt;&gt;</a>&nbsp;&nbsp;&nbsp;swap_sub_state_state_change
</UL>
<BR>[Called By]<UL><LI><a href="#[59]">&gt;&gt;</a>&nbsp;&nbsp;&nbsp;tail_restore_state_run
<LI><a href="#[56]">&gt;&gt;</a>&nbsp;&nbsp;&nbsp;swap_erase_state_run
<LI><a href="#[5a]">&gt;&gt;</a>&nbsp;&nbsp;&nbsp;head_restore_state_run
<LI><a href="#[57]">&gt;&gt;</a>&nbsp;&nbsp;&nbsp;data_to_swap_write_state_run
<LI><a href="#[58]">&gt;&gt;</a>&nbsp;&nbsp;&nbsp;data_page_erase_state_run
</UL>

<P><STRONG><a name="[f1]"></a>swap_sub_state_state_change</STRONG> (Thumb, 12 bytes, Stack size 0 bytes, pstorage.o(i.swap_sub_state_state_change))
<BR><BR>[Called By]<UL><LI><a href="#[11a]">&gt;&gt;</a>&nbsp;&nbsp;&nbsp;pstorage_sys_event_handler
<LI><a href="#[f2]">&gt;&gt;</a>&nbsp;&nbsp;&nbsp;swap_sub_state_err_busy_process
<LI><a href="#[56]">&gt;&gt;</a>&nbsp;&nbsp;&nbsp;swap_erase_state_run
<LI><a href="#[11d]">&gt;&gt;</a>&nbsp;&nbsp;&nbsp;state_data_erase_swap_entry_run
<LI><a href="#[5a]">&gt;&gt;</a>&nbsp;&nbsp;&nbsp;head_restore_state_run
<LI><a href="#[57]">&gt;&gt;</a>&nbsp;&nbsp;&nbsp;data_to_swap_write_state_run
<LI><a href="#[58]">&gt;&gt;</a>&nbsp;&nbsp;&nbsp;data_page_erase_state_run
</UL>

<P><STRONG><a name="[59]"></a>tail_restore_state_run</STRONG> (Thumb, 22 bytes, Stack size 8 bytes, pstorage.o(i.tail_restore_state_run))
<BR><BR>[Stack]<UL><LI>Max Depth = 88<LI>Call Chain = tail_restore_state_run &rArr; clear_post_processing_run &rArr; command_end_procedure_run &rArr; sm_state_change &rArr;  cmd_process (Cycle)
</UL>
<BR>[Calls]<UL><LI><a href="#[f2]">&gt;&gt;</a>&nbsp;&nbsp;&nbsp;swap_sub_state_err_busy_process
<LI><a href="#[e8]">&gt;&gt;</a>&nbsp;&nbsp;&nbsp;clear_post_processing_run
</UL>
<BR>[Address Reference Count : 1]<UL><LI> pstorage.o(.constdata)
</UL>
<P><STRONG><a name="[32]"></a>detection_delay_timeout_handler</STRONG> (Thumb, 90 bytes, Stack size 24 bytes, app_button.o(i.detection_delay_timeout_handler))
<BR><BR>[Stack]<UL><LI>Max Depth = 24<LI>Call Chain = detection_delay_timeout_handler
</UL>
<BR>[Calls]<UL><LI><a href="#[f3]">&gt;&gt;</a>&nbsp;&nbsp;&nbsp;nrf_drv_gpiote_in_is_set
</UL>
<BR>[Address Reference Count : 1]<UL><LI> app_button.o(i.app_button_init)
</UL>
<P><STRONG><a name="[31]"></a>gpiote_event_handler</STRONG> (Thumb, 72 bytes, Stack size 24 bytes, app_button.o(i.gpiote_event_handler))
<BR><BR>[Stack]<UL><LI>Max Depth = 56<LI>Call Chain = gpiote_event_handler &rArr; app_timer_start
</UL>
<BR>[Calls]<UL><LI><a href="#[b5]">&gt;&gt;</a>&nbsp;&nbsp;&nbsp;app_timer_stop
<LI><a href="#[b1]">&gt;&gt;</a>&nbsp;&nbsp;&nbsp;app_timer_start
<LI><a href="#[f3]">&gt;&gt;</a>&nbsp;&nbsp;&nbsp;nrf_drv_gpiote_in_is_set
</UL>
<BR>[Address Reference Count : 1]<UL><LI> app_button.o(i.app_button_init)
</UL>
<P><STRONG><a name="[b0]"></a>NVIC_SetPriority</STRONG> (Thumb, 60 bytes, Stack size 0 bytes, app_timer.o(i.NVIC_SetPriority))
<BR><BR>[Called By]<UL><LI><a href="#[ae]">&gt;&gt;</a>&nbsp;&nbsp;&nbsp;app_timer_init
</UL>

<P><STRONG><a name="[ed]"></a>compare_reg_update</STRONG> (Thumb, 142 bytes, Stack size 24 bytes, app_timer.o(i.compare_reg_update))
<BR><BR>[Stack]<UL><LI>Max Depth = 40<LI>Call Chain = compare_reg_update &rArr; rtc1_stop
</UL>
<BR>[Calls]<UL><LI><a href="#[af]">&gt;&gt;</a>&nbsp;&nbsp;&nbsp;rtc1_stop
<LI><a href="#[6b]">&gt;&gt;</a>&nbsp;&nbsp;&nbsp;__asm___11_app_timer_c_cd27f9c3__nrf_delay_us
</UL>
<BR>[Called By]<UL><LI><a href="#[89]">&gt;&gt;</a>&nbsp;&nbsp;&nbsp;timer_list_handler
</UL>

<P><STRONG><a name="[11f]"></a>elapsed_ticks_acquire</STRONG> (Thumb, 58 bytes, Stack size 8 bytes, app_timer.o(i.elapsed_ticks_acquire))
<BR><BR>[Stack]<UL><LI>Max Depth = 8<LI>Call Chain = elapsed_ticks_acquire
</UL>
<BR>[Called By]<UL><LI><a href="#[89]">&gt;&gt;</a>&nbsp;&nbsp;&nbsp;timer_list_handler
</UL>

<P><STRONG><a name="[120]"></a>list_deletions_handler</STRONG> (Thumb, 180 bytes, Stack size 24 bytes, app_timer.o(i.list_deletions_handler))
<BR><BR>[Stack]<UL><LI>Max Depth = 24<LI>Call Chain = list_deletions_handler
</UL>
<BR>[Called By]<UL><LI><a href="#[89]">&gt;&gt;</a>&nbsp;&nbsp;&nbsp;timer_list_handler
</UL>

<P><STRONG><a name="[10b]"></a>list_insertions_handler</STRONG> (Thumb, 202 bytes, Stack size 24 bytes, app_timer.o(i.list_insertions_handler))
<BR><BR>[Stack]<UL><LI>Max Depth = 32<LI>Call Chain = list_insertions_handler &rArr; timer_list_insert
</UL>
<BR>[Calls]<UL><LI><a href="#[10c]">&gt;&gt;</a>&nbsp;&nbsp;&nbsp;timer_list_insert
</UL>
<BR>[Called By]<UL><LI><a href="#[89]">&gt;&gt;</a>&nbsp;&nbsp;&nbsp;timer_list_handler
</UL>

<P><STRONG><a name="[af]"></a>rtc1_stop</STRONG> (Thumb, 50 bytes, Stack size 16 bytes, app_timer.o(i.rtc1_stop))
<BR><BR>[Stack]<UL><LI>Max Depth = 16<LI>Call Chain = rtc1_stop
</UL>
<BR>[Calls]<UL><LI><a href="#[6b]">&gt;&gt;</a>&nbsp;&nbsp;&nbsp;__asm___11_app_timer_c_cd27f9c3__nrf_delay_us
</UL>
<BR>[Called By]<UL><LI><a href="#[ae]">&gt;&gt;</a>&nbsp;&nbsp;&nbsp;app_timer_init
<LI><a href="#[ed]">&gt;&gt;</a>&nbsp;&nbsp;&nbsp;compare_reg_update
</UL>

<P><STRONG><a name="[89]"></a>timer_list_handler</STRONG> (Thumb, 128 bytes, Stack size 32 bytes, app_timer.o(i.timer_list_handler))
<BR><BR>[Stack]<UL><LI>Max Depth = 72<LI>Call Chain = timer_list_handler &rArr; compare_reg_update &rArr; rtc1_stop
</UL>
<BR>[Calls]<UL><LI><a href="#[10b]">&gt;&gt;</a>&nbsp;&nbsp;&nbsp;list_insertions_handler
<LI><a href="#[120]">&gt;&gt;</a>&nbsp;&nbsp;&nbsp;list_deletions_handler
<LI><a href="#[11f]">&gt;&gt;</a>&nbsp;&nbsp;&nbsp;elapsed_ticks_acquire
<LI><a href="#[ed]">&gt;&gt;</a>&nbsp;&nbsp;&nbsp;compare_reg_update
</UL>
<BR>[Called By]<UL><LI><a href="#[28]">&gt;&gt;</a>&nbsp;&nbsp;&nbsp;SWI0_IRQHandler
</UL>

<P><STRONG><a name="[b4]"></a>timer_list_handler_sched</STRONG> (Thumb, 10 bytes, Stack size 0 bytes, app_timer.o(i.timer_list_handler_sched))
<BR><BR>[Called By]<UL><LI><a href="#[b5]">&gt;&gt;</a>&nbsp;&nbsp;&nbsp;app_timer_stop
<LI><a href="#[b1]">&gt;&gt;</a>&nbsp;&nbsp;&nbsp;app_timer_start
<LI><a href="#[79]">&gt;&gt;</a>&nbsp;&nbsp;&nbsp;timer_timeouts_check
</UL>

<P><STRONG><a name="[10c]"></a>timer_list_insert</STRONG> (Thumb, 60 bytes, Stack size 8 bytes, app_timer.o(i.timer_list_insert))
<BR><BR>[Stack]<UL><LI>Max Depth = 8<LI>Call Chain = timer_list_insert
</UL>
<BR>[Called By]<UL><LI><a href="#[10b]">&gt;&gt;</a>&nbsp;&nbsp;&nbsp;list_insertions_handler
</UL>

<P><STRONG><a name="[79]"></a>timer_timeouts_check</STRONG> (Thumb, 124 bytes, Stack size 24 bytes, app_timer.o(i.timer_timeouts_check))
<BR><BR>[Stack]<UL><LI>Max Depth = 128<LI>Call Chain = timer_timeouts_check &rArr; app_error_handler &rArr; app_error_fault_handler &rArr; bsp_indication_set &rArr; bsp_led_indication &rArr; app_timer_start
</UL>
<BR>[Calls]<UL><LI><a href="#[8a]">&gt;&gt;</a>&nbsp;&nbsp;&nbsp;app_error_handler
<LI><a href="#[b4]">&gt;&gt;</a>&nbsp;&nbsp;&nbsp;timer_list_handler_sched
</UL>
<BR>[Called By]<UL><LI><a href="#[25]">&gt;&gt;</a>&nbsp;&nbsp;&nbsp;RTC1_IRQHandler
</UL>

<P><STRONG><a name="[b2]"></a>user_id_get</STRONG> (Thumb, 76 bytes, Stack size 0 bytes, app_timer.o(i.user_id_get))
<BR><BR>[Called By]<UL><LI><a href="#[b5]">&gt;&gt;</a>&nbsp;&nbsp;&nbsp;app_timer_stop
<LI><a href="#[b1]">&gt;&gt;</a>&nbsp;&nbsp;&nbsp;app_timer_start
</UL>

<P><STRONG><a name="[b3]"></a>user_op_alloc</STRONG> (Thumb, 38 bytes, Stack size 0 bytes, app_timer.o(i.user_op_alloc))
<BR><BR>[Called By]<UL><LI><a href="#[b5]">&gt;&gt;</a>&nbsp;&nbsp;&nbsp;app_timer_stop
<LI><a href="#[b1]">&gt;&gt;</a>&nbsp;&nbsp;&nbsp;app_timer_start
</UL>

<P><STRONG><a name="[7b]"></a>_DoInit</STRONG> (Thumb, 74 bytes, Stack size 8 bytes, segger_rtt.o(i._DoInit))
<BR><BR>[Stack]<UL><LI>Max Depth = 24<LI>Call Chain = _DoInit &rArr; strcpy
</UL>
<BR>[Calls]<UL><LI><a href="#[8e]">&gt;&gt;</a>&nbsp;&nbsp;&nbsp;strcpy
</UL>
<BR>[Called By]<UL><LI><a href="#[7d]">&gt;&gt;</a>&nbsp;&nbsp;&nbsp;SEGGER_RTT_Write
<LI><a href="#[7c]">&gt;&gt;</a>&nbsp;&nbsp;&nbsp;SEGGER_RTT_ConfigUpBuffer
<LI><a href="#[7a]">&gt;&gt;</a>&nbsp;&nbsp;&nbsp;SEGGER_RTT_ConfigDownBuffer
</UL>

<P><STRONG><a name="[7f]"></a>_GetAvailWriteSpace</STRONG> (Thumb, 22 bytes, Stack size 0 bytes, segger_rtt.o(i._GetAvailWriteSpace))
<BR><BR>[Called By]<UL><LI><a href="#[7e]">&gt;&gt;</a>&nbsp;&nbsp;&nbsp;SEGGER_RTT_WriteNoLock
</UL>

<P><STRONG><a name="[81]"></a>_WriteBlocking</STRONG> (Thumb, 96 bytes, Stack size 40 bytes, segger_rtt.o(i._WriteBlocking))
<BR><BR>[Stack]<UL><LI>Max Depth = 64<LI>Call Chain = _WriteBlocking &rArr; __aeabi_memcpy
</UL>
<BR>[Calls]<UL><LI><a href="#[6c]">&gt;&gt;</a>&nbsp;&nbsp;&nbsp;__aeabi_memcpy
</UL>
<BR>[Called By]<UL><LI><a href="#[7e]">&gt;&gt;</a>&nbsp;&nbsp;&nbsp;SEGGER_RTT_WriteNoLock
</UL>

<P><STRONG><a name="[80]"></a>_WriteNoCheck</STRONG> (Thumb, 60 bytes, Stack size 32 bytes, segger_rtt.o(i._WriteNoCheck))
<BR><BR>[Stack]<UL><LI>Max Depth = 56<LI>Call Chain = _WriteNoCheck &rArr; __aeabi_memcpy
</UL>
<BR>[Calls]<UL><LI><a href="#[6c]">&gt;&gt;</a>&nbsp;&nbsp;&nbsp;__aeabi_memcpy
</UL>
<BR>[Called By]<UL><LI><a href="#[7e]">&gt;&gt;</a>&nbsp;&nbsp;&nbsp;SEGGER_RTT_WriteNoLock
</UL>

<P><STRONG><a name="[87]"></a>_PrintInt</STRONG> (Thumb, 200 bytes, Stack size 48 bytes, segger_rtt_printf.o(i._PrintInt))
<BR><BR>[Stack]<UL><LI>Max Depth = 192<LI>Call Chain = _PrintInt &rArr; _PrintUnsigned &rArr; _StoreChar &rArr; SEGGER_RTT_Write &rArr; SEGGER_RTT_WriteNoLock &rArr; _WriteBlocking &rArr; __aeabi_memcpy
</UL>
<BR>[Calls]<UL><LI><a href="#[86]">&gt;&gt;</a>&nbsp;&nbsp;&nbsp;_StoreChar
<LI><a href="#[88]">&gt;&gt;</a>&nbsp;&nbsp;&nbsp;_PrintUnsigned
<LI><a href="#[8f]">&gt;&gt;</a>&nbsp;&nbsp;&nbsp;__aeabi_idivmod
</UL>
<BR>[Called By]<UL><LI><a href="#[85]">&gt;&gt;</a>&nbsp;&nbsp;&nbsp;SEGGER_RTT_vprintf
</UL>

<P><STRONG><a name="[88]"></a>_PrintUnsigned</STRONG> (Thumb, 210 bytes, Stack size 40 bytes, segger_rtt_printf.o(i._PrintUnsigned))
<BR><BR>[Stack]<UL><LI>Max Depth = 144<LI>Call Chain = _PrintUnsigned &rArr; _StoreChar &rArr; SEGGER_RTT_Write &rArr; SEGGER_RTT_WriteNoLock &rArr; _WriteBlocking &rArr; __aeabi_memcpy
</UL>
<BR>[Calls]<UL><LI><a href="#[86]">&gt;&gt;</a>&nbsp;&nbsp;&nbsp;_StoreChar
<LI><a href="#[90]">&gt;&gt;</a>&nbsp;&nbsp;&nbsp;__aeabi_uidivmod
</UL>
<BR>[Called By]<UL><LI><a href="#[87]">&gt;&gt;</a>&nbsp;&nbsp;&nbsp;_PrintInt
<LI><a href="#[85]">&gt;&gt;</a>&nbsp;&nbsp;&nbsp;SEGGER_RTT_vprintf
</UL>

<P><STRONG><a name="[86]"></a>_StoreChar</STRONG> (Thumb, 62 bytes, Stack size 8 bytes, segger_rtt_printf.o(i._StoreChar))
<BR><BR>[Stack]<UL><LI>Max Depth = 104<LI>Call Chain = _StoreChar &rArr; SEGGER_RTT_Write &rArr; SEGGER_RTT_WriteNoLock &rArr; _WriteBlocking &rArr; __aeabi_memcpy
</UL>
<BR>[Calls]<UL><LI><a href="#[7d]">&gt;&gt;</a>&nbsp;&nbsp;&nbsp;SEGGER_RTT_Write
</UL>
<BR>[Called By]<UL><LI><a href="#[88]">&gt;&gt;</a>&nbsp;&nbsp;&nbsp;_PrintUnsigned
<LI><a href="#[87]">&gt;&gt;</a>&nbsp;&nbsp;&nbsp;_PrintInt
<LI><a href="#[85]">&gt;&gt;</a>&nbsp;&nbsp;&nbsp;SEGGER_RTT_vprintf
</UL>

<P><STRONG><a name="[11b]"></a>ram_end_address_get</STRONG> (Thumb, 16 bytes, Stack size 0 bytes, softdevice_handler.o(i.ram_end_address_get))
<BR><BR>[Called By]<UL><LI><a href="#[d6]">&gt;&gt;</a>&nbsp;&nbsp;&nbsp;softdevice_enable
<LI><a href="#[d5]">&gt;&gt;</a>&nbsp;&nbsp;&nbsp;sd_check_ram_start
</UL>

<P><STRONG><a name="[11e]"></a>sd_nvic_EnableIRQ</STRONG> (Thumb, 116 bytes, Stack size 8 bytes, softdevice_handler.o(i.sd_nvic_EnableIRQ))
<BR><BR>[Stack]<UL><LI>Max Depth = 8<LI>Call Chain = sd_nvic_EnableIRQ
</UL>
<BR>[Called By]<UL><LI><a href="#[d3]">&gt;&gt;</a>&nbsp;&nbsp;&nbsp;softdevice_handler_init
</UL>

<P><STRONG><a name="[8c]"></a>is_manual_peripheral_setup_needed</STRONG> (Thumb, 66 bytes, Stack size 0 bytes, system_nrf51.o(i.is_manual_peripheral_setup_needed))
<BR><BR>[Called By]<UL><LI><a href="#[2e]">&gt;&gt;</a>&nbsp;&nbsp;&nbsp;SystemInit
</UL>
<P>
<H3>
Undefined Global Symbols
</H3>
<P><STRONG><a name="[74]"></a>_call_atexit_fns</STRONG> (ARM, 0 bytes, Stack size 0 bytes, UNDEFINED)
<BR><BR>[Called By]<UL><LI><a href="#[65]">&gt;&gt;</a>&nbsp;&nbsp;&nbsp;exit
</UL>
<HR></body></html>
