Component: ARM Compiler 5.06 update 1 (build 61) Tool: armlink [4d35a8]

==============================================================================

Section Cross References

    main.o(i.advertising_init) refers to rt_memclr.o(.text) for __aeabi_memclr4
    main.o(i.advertising_init) refers to ble_advertising.o(i.ble_advertising_init) for ble_advertising_init
    main.o(i.advertising_init) refers to app_error.o(i.app_error_handler) for app_error_handler
    main.o(i.advertising_init) refers to main.o(.data) for .data
    main.o(i.advertising_init) refers to main.o(i.on_adv_evt) for on_adv_evt
    main.o(i.alert_signal) refers to segger_rtt.o(i.SEGGER_RTT_WriteString) for SEGGER_RTT_WriteString
    main.o(i.alert_signal) refers to bsp.o(i.bsp_indication_set) for bsp_indication_set
    main.o(i.alert_signal) refers to app_error.o(i.app_error_handler) for app_error_handler
    main.o(i.alert_signal) refers to main.o(i.main) for i.main
    main.o(i.assert_nrf_callback) refers to app_error.o(i.app_error_handler) for app_error_handler
    main.o(i.ble_evt_dispatch) refers to segger_rtt.o(i.SEGGER_RTT_WriteString) for SEGGER_RTT_WriteString
    main.o(i.ble_evt_dispatch) refers to main.o(i.on_ble_evt) for on_ble_evt
    main.o(i.ble_evt_dispatch) refers to ble_conn_params.o(i.ble_conn_params_on_ble_evt) for ble_conn_params_on_ble_evt
    main.o(i.ble_evt_dispatch) refers to ble_advertising.o(i.ble_advertising_on_ble_evt) for ble_advertising_on_ble_evt
    main.o(i.ble_evt_dispatch) refers to bsp_btn_ble.o(i.bsp_btn_ble_on_ble_evt) for bsp_btn_ble_on_ble_evt
    main.o(i.ble_evt_dispatch) refers to ble_tps.o(i.ble_tps_on_ble_evt) for ble_tps_on_ble_evt
    main.o(i.ble_evt_dispatch) refers to ble_ias.o(i.ble_ias_on_ble_evt) for ble_ias_on_ble_evt
    main.o(i.ble_evt_dispatch) refers to ble_nus.o(i.ble_nus_on_ble_evt) for ble_nus_on_ble_evt
    main.o(i.ble_evt_dispatch) refers to device_manager_peripheral.o(i.dm_ble_evt_handler) for dm_ble_evt_handler
    main.o(i.ble_evt_dispatch) refers to main.o(.bss) for .bss
    main.o(i.ble_stack_init) refers to softdevice_handler.o(i.softdevice_handler_init) for softdevice_handler_init
    main.o(i.ble_stack_init) refers to app_error.o(i.app_error_handler) for app_error_handler
    main.o(i.ble_stack_init) refers to softdevice_handler.o(i.softdevice_enable_get_default_config) for softdevice_enable_get_default_config
    main.o(i.ble_stack_init) refers to softdevice_handler.o(i.sd_check_ram_start) for sd_check_ram_start
    main.o(i.ble_stack_init) refers to softdevice_handler.o(i.softdevice_enable) for softdevice_enable
    main.o(i.ble_stack_init) refers to softdevice_handler.o(i.softdevice_ble_evt_handler_set) for softdevice_ble_evt_handler_set
    main.o(i.ble_stack_init) refers to softdevice_handler.o(i.softdevice_sys_evt_handler_set) for softdevice_sys_evt_handler_set
    main.o(i.ble_stack_init) refers to main.o(.constdata) for .constdata
    main.o(i.ble_stack_init) refers to main.o(.bss) for .bss
    main.o(i.ble_stack_init) refers to main.o(i.ble_evt_dispatch) for ble_evt_dispatch
    main.o(i.ble_stack_init) refers to main.o(i.sys_evt_dispatch) for sys_evt_dispatch
    main.o(i.bsp_event_handler) refers to segger_rtt_printf.o(i.SEGGER_RTT_printf) for SEGGER_RTT_printf
    main.o(i.bsp_event_handler) refers to ble_advertising.o(i.ble_advertising_restart_without_whitelist) for ble_advertising_restart_without_whitelist
    main.o(i.bsp_event_handler) refers to app_error.o(i.app_error_handler) for app_error_handler
    main.o(i.bsp_event_handler) refers to main.o(i.sleep_mode_enter) for sleep_mode_enter
    main.o(i.bsp_event_handler) refers to main.o(.data) for .data
    main.o(i.conn_params_error_handler) refers to app_error.o(i.app_error_handler) for app_error_handler
    main.o(i.device_manager_evt_handler) refers to app_error.o(i.app_error_handler) for app_error_handler
    main.o(i.device_manager_evt_handler) refers to segger_rtt_printf.o(i.SEGGER_RTT_printf) for SEGGER_RTT_printf
    main.o(i.device_manager_init) refers to pstorage.o(i.pstorage_init) for pstorage_init
    main.o(i.device_manager_init) refers to app_error.o(i.app_error_handler) for app_error_handler
    main.o(i.device_manager_init) refers to device_manager_peripheral.o(i.dm_init) for dm_init
    main.o(i.device_manager_init) refers to rt_memclr.o(.text) for __aeabi_memclr
    main.o(i.device_manager_init) refers to device_manager_peripheral.o(i.dm_register) for dm_register
    main.o(i.device_manager_init) refers to main.o(i.main) for i.main
    main.o(i.device_manager_init) refers to main.o(i.device_manager_evt_handler) for device_manager_evt_handler
    main.o(i.device_manager_init) refers to main.o(.data) for .data
    main.o(i.gap_params_init) refers to app_error.o(i.app_error_handler) for app_error_handler
    main.o(i.gap_params_init) refers to main.o(i.main) for i.main
    main.o(i.main) refers to segger_rtt.o(i.SEGGER_RTT_WriteString) for SEGGER_RTT_WriteString
[...]
    nrf_uart_int_enable_check                0x0001f14b   Thumb Code    16  nrf_drv_uart.o(i.nrf_uart_int_enable_check)
    i.nus_data_handler                       0x0001f15c   Section        0  main.o(i.nus_data_handler)
    nus_data_handler                         0x0001f15d   Thumb Code   112  main.o(i.nus_data_handler)
    i.on_adv_evt                             0x0001f204   Section        0  main.o(i.on_adv_evt)
    on_adv_evt                               0x0001f205   Thumb Code    46  main.o(i.on_adv_evt)
    i.on_ble_evt                             0x0001f254   Section        0  main.o(i.on_ble_evt)
    on_ble_evt                               0x0001f255   Thumb Code    96  main.o(i.on_ble_evt)
    i.on_conn_params_evt                     0x0001f2d4   Section        0  main.o(i.on_conn_params_evt)
    on_conn_params_evt                       0x0001f2d5   Thumb Code    32  main.o(i.on_conn_params_evt)
    i.on_ias_evt                             0x0001f308   Section        0  main.o(i.on_ias_evt)
    on_ias_evt                               0x0001f309   Thumb Code    34  main.o(i.on_ias_evt)
    i.peer_address_exists                    0x0001f35c   Section        0  ble_advertising.o(i.peer_address_exists)
    peer_address_exists                      0x0001f35d   Thumb Code    22  ble_advertising.o(i.peer_address_exists)
    i.peer_instance_init                     0x0001f374   Section        0  device_manager_peripheral.o(i.peer_instance_init)
    peer_instance_init                       0x0001f375   Thumb Code    60  device_manager_peripheral.o(i.peer_instance_init)
    i.pin_in_use_by_port                     0x0001f3b4   Section        0  nrf_drv_gpiote.o(i.pin_in_use_by_port)
    pin_in_use_by_port                       0x0001f3b5   Thumb Code    20  nrf_drv_gpiote.o(i.pin_in_use_by_port)
    i.pin_in_use_by_te                       0x0001f3cc   Section        0  nrf_drv_gpiote.o(i.pin_in_use_by_te)
    pin_in_use_by_te                         0x0001f3cd   Thumb Code    20  nrf_drv_gpiote.o(i.pin_in_use_by_te)
    i.pnp_id_encode                          0x0001f3e4   Section        0  ble_dis.o(i.pnp_id_encode)
    pnp_id_encode                            0x0001f3e5   Thumb Code    62  ble_dis.o(i.pnp_id_encode)
    i.pstorage_access_status_get             0x0001f464   Section        0  pstorage.o(i.pstorage_access_status_get)
    i.pstorage_block_identifier_get          0x0001f48c   Section        0  pstorage.o(i.pstorage_block_identifier_get)
    i.pstorage_clear                         0x0001f4e4   Section        0  pstorage.o(i.pstorage_clear)
    i.pstorage_flash_page_end                0x0001f58c   Section        0  pstorage.o(i.pstorage_flash_page_end)
    pstorage_flash_page_end                  0x0001f58d   Thumb Code    32  pstorage.o(i.pstorage_flash_page_end)
    i.pstorage_flash_page_size               0x0001f5b0   Section        0  pstorage.o(i.pstorage_flash_page_size)
    pstorage_flash_page_size                 0x0001f5b1   Thumb Code    10  pstorage.o(i.pstorage_flash_page_size)
    i.pstorage_init                          0x0001f5bc   Section        0  pstorage.o(i.pstorage_init)
    i.pstorage_load                          0x0001f618   Section        0  pstorage.o(i.pstorage_load)
    i.pstorage_register                      0x0001f6c4   Section        0  pstorage.o(i.pstorage_register)
    i.pstorage_store                         0x0001f780   Section        0  pstorage.o(i.pstorage_store)
    i.pstorage_sys_event_handler             0x0001f814   Section        0  pstorage.o(i.pstorage_sys_event_handler)
    i.pstorage_update                        0x0001f860   Section        0  pstorage.o(i.pstorage_update)
    i.ram_end_address_get                    0x0001f8f4   Section        0  softdevice_handler.o(i.ram_end_address_get)
    ram_end_address_get                      0x0001f8f5   Thumb Code    16  softdevice_handler.o(i.ram_end_address_get)
    i.rtc1_stop                              0x0001f904   Section        0  app_timer.o(i.rtc1_stop)
    rtc1_stop                                0x0001f905   Thumb Code    50  app_timer.o(i.rtc1_stop)
    i.rx_byte                                0x0001f948   Section        0  nrf_drv_uart.o(i.rx_byte)
    rx_byte                                  0x0001f949   Thumb Code    42  nrf_drv_uart.o(i.rx_byte)
    i.rx_char_add                            0x0001f980   Section        0  ble_nus.o(i.rx_char_add)
    rx_char_add                              0x0001f981   Thumb Code   158  ble_nus.o(i.rx_char_add)
    i.rx_done_event                          0x0001fa20   Section        0  nrf_drv_uart.o(i.rx_done_event)
    rx_done_event                            0x0001fa21   Thumb Code    22  nrf_drv_uart.o(i.rx_done_event)
    i.sd_check_ram_start                     0x0001fa3c   Section        0  softdevice_handler.o(i.sd_check_ram_start)
    i.sd_nvic_EnableIRQ                      0x0001fac8   Section        0  softdevice_handler.o(i.sd_nvic_EnableIRQ)
    sd_nvic_EnableIRQ                        0x0001fac9   Thumb Code   116  softdevice_handler.o(i.sd_nvic_EnableIRQ)
    i.service_data_encode                    0x0001fb54   Section        0  ble_advdata.o(i.service_data_encode)
    service_data_encode                      0x0001fb55   Thumb Code   142  ble_advdata.o(i.service_data_encode)
    i.service_dis_init                       0x0001fbe4   Section        0  main.o(i.service_dis_init)
    service_dis_init                         0x0001fbe5   Thumb Code    80  main.o(i.service_dis_init)
    i.services_init                          0x0001fc68   Section        0  main.o(i.services_init)
    services_init                            0x0001fc69   Thumb Code   128  main.o(i.services_init)
    i.sleep_mode_enter                       0x0001fd04   Section        0  main.o(i.sleep_mode_enter)
    sleep_mode_enter                         0x0001fd05   Thumb Code    58  main.o(i.sleep_mode_enter)
    i.sm_state_change                        0x0001fd50   Section        0  pstorage.o(i.sm_state_change)
    sm_state_change                          0x0001fd51   Thumb Code    62  pstorage.o(i.sm_state_change)
    i.softdevice_ble_evt_handler_set         0x0001fd98   Section        0  softdevice_handler.o(i.softdevice_ble_evt_handler_set)
    i.softdevice_enable                      0x0001fdac   Section        0  softdevice_handler.o(i.softdevice_enable)
    i.softdevice_enable_get_default_config   0x0001feac   Section        0  softdevice_handler.o(i.softdevice_enable_get_default_config)
    i.softdevice_fault_handler               0x0001fed4   Section        0  softdevice_handler.o(i.softdevice_fault_handler)
    i.softdevice_handler_init                0x0001fedc   Section        0  softdevice_handler.o(i.softdevice_handler_init)
    i.softdevice_sys_evt_handler_set         0x0001ff20   Section        0  softdevice_handler.o(i.softdevice_sys_evt_handler_set)
    i.state_data_erase_swap_entry_run        0x0001ff34   Section        0  pstorage.o(i.state_data_erase_swap_entry_run)
    state_data_erase_swap_entry_run          0x0001ff35   Thumb Code    92  pstorage.o(i.state_data_erase_swap_entry_run)
    i.state_erase_data_page_entry_run        0x0001ff98   Section        0  pstorage.o(i.state_erase_data_page_entry_run)
    state_erase_data_page_entry_run          0x0001ff99   Thumb Code    12  pstorage.o(i.state_erase_data_page_entry_run)
    i.state_restore_head_entry_run           0x0001ffa8   Section        0  pstorage.o(i.state_restore_head_entry_run)
    state_restore_head_entry_run             0x0001ffa9   Thumb Code    36  pstorage.o(i.state_restore_head_entry_run)
    i.state_restore_tail_entry_run           0x0001ffd0   Section        0  pstorage.o(i.state_restore_tail_entry_run)
    state_restore_tail_entry_run             0x0001ffd1   Thumb Code    66  pstorage.o(i.state_restore_tail_entry_run)
    i.state_swap_erase_entry_run             0x0002001c   Section        0  pstorage.o(i.state_swap_erase_entry_run)
    state_swap_erase_entry_run               0x0002001d   Thumb Code    32  pstorage.o(i.state_swap_erase_entry_run)
    i.state_write_data_swap_entry_run        0x0002003c   Section        0  pstorage.o(i.state_write_data_swap_entry_run)
    state_write_data_swap_entry_run          0x0002003d   Thumb Code    42  pstorage.o(i.state_write_data_swap_entry_run)
    i.storage_operation_dummy_handler        0x0002006c   Section        0  device_manager_peripheral.o(i.storage_operation_dummy_handler)
    storage_operation_dummy_handler          0x0002006d   Thumb Code     4  device_manager_peripheral.o(i.storage_operation_dummy_handler)
    i.store_cmd_flash_write_execute          0x00020070   Section        0  pstorage.o(i.store_cmd_flash_write_execute)
    store_cmd_flash_write_execute            0x00020071   Thumb Code    82  pstorage.o(i.store_cmd_flash_write_execute)
    i.swap_erase_state_run                   0x000200cc   Section        0  pstorage.o(i.swap_erase_state_run)
    swap_erase_state_run                     0x000200cd   Thumb Code    24  pstorage.o(i.swap_erase_state_run)
    i.swap_sub_state_err_busy_process        0x000200e8   Section        0  pstorage.o(i.swap_sub_state_err_busy_process)
    swap_sub_state_err_busy_process          0x000200e9   Thumb Code    20  pstorage.o(i.swap_sub_state_err_busy_process)
    i.swap_sub_state_state_change            0x00020100   Section        0  pstorage.o(i.swap_sub_state_state_change)
    swap_sub_state_state_change              0x00020101   Thumb Code    12  pstorage.o(i.swap_sub_state_state_change)
    i.sys_evt_dispatch                       0x00020114   Section        0  main.o(i.sys_evt_dispatch)
    sys_evt_dispatch                         0x00020115   Thumb Code    16  main.o(i.sys_evt_dispatch)
    i.sys_id_encode                          0x00020124   Section        0  ble_dis.o(i.sys_id_encode)
    sys_id_encode                            0x00020125   Thumb Code    86  ble_dis.o(i.sys_id_encode)
    i.tail_restore_state_run                 0x000201bc   Section        0  pstorage.o(i.tail_restore_state_run)
    tail_restore_state_run                   0x000201bd   Thumb Code    22  pstorage.o(i.tail_restore_state_run)
    i.timer_list_handler                     0x000201d8   Section        0  app_timer.o(i.timer_list_handler)
    timer_list_handler                       0x000201d9   Thumb Code   128  app_timer.o(i.timer_list_handler)
    i.timer_list_handler_sched               0x0002025c   Section        0  app_timer.o(i.timer_list_handler_sched)
    timer_list_handler_sched                 0x0002025d   Thumb Code    10  app_timer.o(i.timer_list_handler_sched)
    i.timer_list_insert                      0x0002026c   Section        0  app_timer.o(i.timer_list_insert)
    timer_list_insert                        0x0002026d   Thumb Code    60  app_timer.o(i.timer_list_insert)
    i.timer_timeouts_check                   0x000202ac   Section        0  app_timer.o(i.timer_timeouts_check)
    timer_timeouts_check                     0x000202ad   Thumb Code   124  app_timer.o(i.timer_timeouts_check)
    i.tx_byte                                0x0002036c   Section        0  nrf_drv_uart.o(i.tx_byte)
    tx_byte                                  0x0002036d   Thumb Code    30  nrf_drv_uart.o(i.tx_byte)
    i.tx_char_add                            0x00020398   Section        0  ble_nus.o(i.tx_char_add)
    tx_char_add                              0x00020399   Thumb Code   128  ble_nus.o(i.tx_char_add)
    i.tx_done_event                          0x00020418   Section        0  nrf_drv_uart.o(i.tx_done_event)
    tx_done_event                            0x00020419   Thumb Code    26  nrf_drv_uart.o(i.tx_done_event)
    i.tx_power_level_char_add                0x00020438   Section        0  ble_tps.o(i.tx_power_level_char_add)
    tx_power_level_char_add                  0x00020439   Thumb Code   134  ble_tps.o(i.tx_power_level_char_add)
    i.uart_irq_handler                       0x000204c4   Section        0  nrf_drv_uart.o(i.uart_irq_handler)
    uart_irq_handler                         0x000204c5   Thumb Code   278  nrf_drv_uart.o(i.uart_irq_handler)
    i.uint16_encode                          0x000205ec   Section        0  ble_advdata.o(i.uint16_encode)
    uint16_encode                            0x000205ed   Thumb Code    10  ble_advdata.o(i.uint16_encode)
    i.update_status_bit_reset                0x000205f8   Section        0  device_manager_peripheral.o(i.update_status_bit_reset)
    update_status_bit_reset                  0x000205f9   Thumb Code    14  device_manager_peripheral.o(i.update_status_bit_reset)
    i.update_timeout_handler                 0x0002060c   Section        0  ble_conn_params.o(i.update_timeout_handler)
    update_timeout_handler                   0x0002060d   Thumb Code    86  ble_conn_params.o(i.update_timeout_handler)
    i.user_id_get                            0x00020670   Section        0  app_timer.o(i.user_id_get)
    user_id_get                              0x00020671   Thumb Code    76  app_timer.o(i.user_id_get)
    i.user_op_alloc                          0x000206c4   Section        0  app_timer.o(i.user_op_alloc)
    user_op_alloc                            0x000206c5   Thumb Code    38  app_timer.o(i.user_op_alloc)
    i.uuid_list_encode                       0x000206ea   Section        0  ble_advdata.o(i.uuid_list_encode)
    uuid_list_encode                         0x000206eb   Thumb Code    48  ble_advdata.o(i.uuid_list_encode)
    i.uuid_list_sized_encode                 0x0002071a   Section        0  ble_advdata.o(i.uuid_list_sized_encode)
    uuid_list_sized_encode                   0x0002071b   Thumb Code   174  ble_advdata.o(i.uuid_list_sized_encode)
    i.whitelist_has_entries                  0x000207c8   Section        0  ble_advertising.o(i.whitelist_has_entries)
    whitelist_has_entries                    0x000207c9   Thumb Code    16  ble_advertising.o(i.whitelist_has_entries)
    .constdata                               0x000207d8   Section        4  main.o(.constdata)
    .constdata                               0x000207dc   Section       60  bsp.o(.constdata)
    m_leds_timer_id                          0x000207dc   Data           4  bsp.o(.constdata)
    m_alert_timer_id                         0x000207e0   Data           4  bsp.o(.constdata)
    m_button_timer_id                        0x000207e4   Data           4  bsp.o(.constdata)
    m_buttons_list                           0x000207e8   Data          16  bsp.o(.constdata)
    app_buttons                              0x000207f8   Data          32  bsp.o(.constdata)
    .constdata                               0x00020818   Section        4  ble_conn_params.o(.constdata)
    m_conn_params_timer_id                   0x00020818   Data           4  ble_conn_params.o(.constdata)
    .constdata                               0x0002081c   Section       52  device_manager_peripheral.o(.constdata)
    .constdata                               0x00020850   Section       16  ble_nus.o(.constdata)
    .constdata                               0x00020860   Section       40  pstorage.o(.constdata)
    swap_sub_state_sm_lut                    0x00020860   Data          20  pstorage.o(.constdata)
    swap_sub_state_sm_lut                    0x00020874   Data          20  pstorage.o(.constdata)
    .constdata                               0x00020888   Section        8  app_button.o(.constdata)
    m_detection_delay_timer_id               0x00020888   Data           4  app_button.o(.constdata)
    .constdata                               0x00020890   Section       16  segger_rtt_printf.o(.constdata)
    _aV2C                                    0x00020890   Data          16  segger_rtt_printf.o(.constdata)
    .conststring                             0x000208a0   Section       76  device_manager_peripheral.o(.conststring)
    .conststring                             0x000208ec   Section       87  softdevice_handler.o(.conststring)
    .data                                    0x20002080   Section       20  main.o(.data)
    m_app_handle                             0x20002080   Data           1  main.o(.data)
    m_conn_handle                            0x20002082   Data           2  main.o(.data)
    a_adv_nus_uuids                          0x20002084   Data           4  main.o(.data)
    m_adv_uuids                              0x20002088   Data          12  main.o(.data)
    .data                                    0x20002094   Section       24  bsp.o(.data)
    m_stable_state                           0x20002094   Data           1  bsp.o(.data)
    current_long_push_pin_no                 0x20002095   Data           1  bsp.o(.data)
    m_app_ticks_per_100ms                    0x20002098   Data           4  bsp.o(.data)
    m_indication_type                        0x2000209c   Data           4  bsp.o(.data)
    m_alert_mask                             0x200020a0   Data           4  bsp.o(.data)
    m_registered_callback                    0x200020a4   Data           4  bsp.o(.data)
    release_event_at_push                    0x200020a8   Data           4  bsp.o(.data)
    .data                                    0x200020ac   Section        8  bsp_btn_ble.o(.data)
    m_error_handler                          0x200020ac   Data           4  bsp_btn_ble.o(.data)
    m_num_connections                        0x200020b0   Data           4  bsp_btn_ble.o(.data)
    .data                                    0x200020b4   Section       31  ble_advertising.o(.data)
    m_advertising_start_pending              0x200020b4   Data           1  ble_advertising.o(.data)
    m_whitelist_temporarily_disabled         0x200020b5   Data           1  ble_advertising.o(.data)
    m_whitelist_reply_expected               0x200020b6   Data           1  ble_advertising.o(.data)
    m_peer_addr_reply_expected               0x200020b7   Data           1  ble_advertising.o(.data)
    m_adv_evt                                0x200020b8   Data           1  ble_advertising.o(.data)
    m_adv_mode_current                       0x200020b9   Data           1  ble_advertising.o(.data)
    m_tx_power_level                         0x200020ba   Data           1  ble_advertising.o(.data)
    current_slave_link_conn_handle           0x200020bc   Data           2  ble_advertising.o(.data)
    m_evt_handler                            0x200020c0   Data           4  ble_advertising.o(.data)
    m_error_handler                          0x200020c4   Data           4  ble_advertising.o(.data)
    m_slave_conn_int                         0x200020c8   Data           4  ble_advertising.o(.data)
    m_peer_address                           0x200020cc   Data           7  ble_advertising.o(.data)
    .data                                    0x200020d4   Section       20  ble_conn_params.o(.data)
    m_change_param                           0x200020d4   Data           1  ble_conn_params.o(.data)
    m_update_count                           0x200020d5   Data           1  ble_conn_params.o(.data)
    m_conn_handle                            0x200020d6   Data           2  ble_conn_params.o(.data)
    m_preferred_conn_params                  0x200020d8   Data           8  ble_conn_params.o(.data)
    m_current_conn_params                    0x200020e0   Data           8  ble_conn_params.o(.data)
    .data                                    0x200020e8   Section       74  ble_dis.o(.data)
    service_handle                           0x200020e8   Data           2  ble_dis.o(.data)
    manufact_name_handles                    0x200020ea   Data           8  ble_dis.o(.data)
    model_num_handles                        0x200020f2   Data           8  ble_dis.o(.data)
    serial_num_handles                       0x200020fa   Data           8  ble_dis.o(.data)
    hw_rev_handles                           0x20002102   Data           8  ble_dis.o(.data)
    fw_rev_handles                           0x2000210a   Data           8  ble_dis.o(.data)
    sw_rev_handles                           0x20002112   Data           8  ble_dis.o(.data)
    sys_id_handles                           0x2000211a   Data           8  ble_dis.o(.data)
    reg_cert_data_list_handles               0x20002122   Data           8  ble_dis.o(.data)
    pnp_id_handles                           0x2000212a   Data           8  ble_dis.o(.data)
    .data                                    0x20002134   Section       24  device_manager_peripheral.o(.data)
    m_module_initialized                     0x20002134   Data           1  device_manager_peripheral.o(.data)
    m_peer_addr_update                       0x20002138   Data           4  device_manager_peripheral.o(.data)
    m_irk_index_table                        0x2000213c   Data           7  device_manager_peripheral.o(.data)
    m_storage_handle                         0x20002144   Data           8  device_manager_peripheral.o(.data)
    .data                                    0x2000214c   Section       36  pstorage.o(.data)
    m_state                                  0x2000214c   Data           1  pstorage.o(.data)
    m_swap_sub_state                         0x2000214d   Data           1  pstorage.o(.data)
    m_next_app_instance                      0x2000214e   Data           2  pstorage.o(.data)
    m_flags                                  0x20002150   Data           4  pstorage.o(.data)
    m_next_page_addr                         0x20002154   Data           4  pstorage.o(.data)
    m_head_word_size                         0x20002158   Data           4  pstorage.o(.data)
    m_tail_word_size                         0x2000215c   Data           4  pstorage.o(.data)
    m_current_page_id                        0x20002160   Data           4  pstorage.o(.data)
    m_num_of_command_retries                 0x20002164   Data           4  pstorage.o(.data)
    m_num_of_bytes_written                   0x20002168   Data           4  pstorage.o(.data)
    m_app_data_size                          0x2000216c   Data           4  pstorage.o(.data)
    .data                                    0x20002170   Section       20  app_button.o(.data)
    m_button_count                           0x20002170   Data           1  app_button.o(.data)
    mp_buttons                               0x20002174   Data           4  app_button.o(.data)
    m_detection_delay                        0x20002178   Data           4  app_button.o(.data)
    m_pin_state                              0x2000217c   Data           4  app_button.o(.data)
    m_pin_transition                         0x20002180   Data           4  app_button.o(.data)
    .data                                    0x20002184   Section       32  app_timer.o(.data)
    m_user_array_size                        0x20002184   Data           1  app_timer.o(.data)
    m_ticks_elapsed_q_read_ind               0x20002185   Data           1  app_timer.o(.data)
    m_ticks_elapsed_q_write_ind              0x20002186   Data           1  app_timer.o(.data)
    m_rtc1_running                           0x20002187   Data           1  app_timer.o(.data)
    m_rtc1_reset                             0x20002188   Data           1  app_timer.o(.data)
    mp_users                                 0x2000218c   Data           4  app_timer.o(.data)
    mp_timer_id_head                         0x20002190   Data           4  app_timer.o(.data)
    m_ticks_latest                           0x20002194   Data           4  app_timer.o(.data)
    m_evt_schedule_func                      0x20002198   Data           4  app_timer.o(.data)
    m_ticks_elapsed                          0x2000219c   Data           8  app_timer.o(.data)
    .data                                    0x200021a4   Section        4  nrf_log.o(.data)
    initialized                              0x200021a4   Data           1  nrf_log.o(.data)
    hex_string                               0x200021a5   Data           3  nrf_log.o(.data)
    .data                                    0x200021a8   Section       28  softdevice_handler.o(.data)
    m_softdevice_enabled                     0x200021a8   Data           1  softdevice_handler.o(.data)
    m_ble_evt_buffer_size                    0x200021aa   Data           2  softdevice_handler.o(.data)
    m_evt_schedule_func                      0x200021ac   Data           4  softdevice_handler.o(.data)
    mp_ble_evt_buffer                        0x200021b0   Data           4  softdevice_handler.o(.data)
    m_ble_evt_handler                        0x200021b4   Data           4  softdevice_handler.o(.data)
    m_sys_evt_handler                        0x200021b8   Data           4  softdevice_handler.o(.data)
    .data                                    0x200021c4   Section        4  system_nrf51.o(.data)
    __tagsym$$used                           0x200021c4   Number         0  system_nrf51.o(.data)
    .bss                                     0x200021c8   Section      584  main.o(.bss)
    APP_TIMER_BUF                            0x200021c8   Data         456  main.o(.bss)
    BLE_EVT_BUFFER                           0x20002390   Data          72  main.o(.bss)
    m_tps                                    0x200023d8   Data          12  main.o(.bss)
    m_ias                                    0x200023e4   Data          16  main.o(.bss)
    m_nus                                    0x200023f4   Data          28  main.o(.bss)
    .bss                                     0x20002410   Section       32  bsp.o(.bss)
    m_leds_timer_id_data                     0x20002410   Data          32  bsp.o(.bss)
    .bss                                     0x20002430   Section       32  bsp.o(.bss)
    m_alert_timer_id_data                    0x20002430   Data          32  bsp.o(.bss)
    .bss                                     0x20002450   Section       12  bsp.o(.bss)
    m_events_list                            0x20002450   Data          12  bsp.o(.bss)
    .bss                                     0x2000245c   Section       32  bsp.o(.bss)
    m_button_timer_id_data                   0x2000245c   Data          32  bsp.o(.bss)
    .bss                                     0x2000247c   Section      259  ble_advertising.o(.bss)
    m_advdata                                0x2000247c   Data          56  ble_advertising.o(.bss)
    m_adv_modes_config                       0x200024b4   Data          36  ble_advertising.o(.bss)
    m_whitelist                              0x200024d8   Data          16  ble_advertising.o(.bss)
    mp_whitelist_addr                        0x200024e8   Data          32  ble_advertising.o(.bss)
    mp_whitelist_irk                         0x20002508   Data          32  ble_advertising.o(.bss)
    m_manuf_specific_data                    0x20002528   Data          12  ble_advertising.o(.bss)
    m_manuf_data_array                       0x20002534   Data          31  ble_advertising.o(.bss)
    m_service_data                           0x20002554   Data          12  ble_advertising.o(.bss)
    m_service_data_array                     0x20002560   Data          31  ble_advertising.o(.bss)
    .bss                                     0x20002580   Section       32  ble_conn_params.o(.bss)
    m_conn_params_timer_id_data              0x20002580   Data          32  ble_conn_params.o(.bss)
    .bss                                     0x200025a0   Section       28  ble_conn_params.o(.bss)
    m_conn_params_config                     0x200025a0   Data          28  ble_conn_params.o(.bss)
    .bss                                     0x200025bc   Section      335  device_manager_peripheral.o(.bss)
    m_app_context_table                      0x200025bc   Data          28  device_manager_peripheral.o(.bss)
    m_peer_table                             0x200025d8   Data         196  device_manager_peripheral.o(.bss)
    m_bond_table                             0x2000269c   Data          28  device_manager_peripheral.o(.bss)
    m_gatts_table                            0x200026b8   Data          36  device_manager_peripheral.o(.bss)
    m_connection_table                       0x200026dc   Data          12  device_manager_peripheral.o(.bss)
    m_application_table                      0x200026e8   Data          12  device_manager_peripheral.o(.bss)
    m_local_id_info                          0x200026f4   Data          23  device_manager_peripheral.o(.bss)
    .bss                                     0x2000270c   Section       72  nrf_drv_gpiote.o(.bss)
    m_cb                                     0x2000270c   Data          72  nrf_drv_gpiote.o(.bss)
    .bss                                     0x20002754   Section       28  nrf_drv_uart.o(.bss)
    m_cb                                     0x20002754   Data          28  nrf_drv_uart.o(.bss)
    .bss                                     0x20002770   Section      628  pstorage.o(.bss)
    m_cmd_queue                              0x20002770   Data         604  pstorage.o(.bss)
    m_app_table                              0x200029cc   Data          24  pstorage.o(.bss)
    .bss                                     0x200029e4   Section       32  app_button.o(.bss)
    m_detection_delay_timer_id_data          0x200029e4   Data          32  app_button.o(.bss)
    .bss                                     0x20002a04   Section       32  app_error.o(.bss)
    m_error_data                             0x20002a04   Data          32  app_error.o(.bss)
    .bss                                     0x20002a24   Section       88  fstorage.o(.bss)
    m_queue                                  0x20002a24   Data          88  fstorage.o(.bss)
    .bss                                     0x20002a7c   Section     1051  nrf_log.o(.bss)
    hex_string                               0x20002a7c   Data          11  nrf_log.o(.bss)
    buf_normal_up                            0x20002a87   Data        1024  nrf_log.o(.bss)
    buf_down                                 0x20002e87   Data          16  nrf_log.o(.bss)
    .bss                                     0x20002e98   Section     1160  segger_rtt.o(.bss)
    _acUpBuffer                              0x20002e98   Data        1024  segger_rtt.o(.bss)
    _acDownBuffer                            0x20003298   Data          16  segger_rtt.o(.bss)
    .bss                                     0x20003320   Section       96  libspace.o(.bss)
    HEAP                                     0x20003380   Section     2048  arm_startup_nrf51.o(HEAP)
    Heap_Mem                                 0x20003380   Data        2048  arm_startup_nrf51.o(HEAP)
    STACK                                    0x20003b80   Section     2048  arm_startup_nrf51.o(STACK)
    Stack_Mem                                0x20003b80   Data        2048  arm_startup_nrf51.o(STACK)
    __initial_sp                             0x20004380   Data           0  arm_startup_nrf51.o(STACK)

    Global Symbols

    Symbol Name                              Value     Ov Type        Size  Object(Section)

    BuildAttributes$$THM_ISAv3M$S$PE$A:L22$X:L11$S22$IEEE1$IW$USESV6$~STKCKD$USESV7$~SHL$OTIME$ROPI$EBA8$UX$STANDARDLIB$REQ8$PRES8$EABIv2 0x00000000   Number         0  anon$$obj.o ABSOLUTE
    __ARM_use_no_argv                        0x00000000   Number         0  main.o ABSOLUTE
    __ARM_exceptions_init                     - Undefined Weak Reference
    __alloca_initialize                       - Undefined Weak Reference
    __arm_preinit_                            - Undefined Weak Reference
    __cpp_initialize__aeabi_                  - Undefined Weak Reference
    __cxa_finalize                            - Undefined Weak Reference
    __rt_locale                               - Undefined Weak Reference
    __sigvec_lookup                           - Undefined Weak Reference
    __user_heap_extent                        - Undefined Weak Reference
    _atexit_init                              - Undefined Weak Reference
    _call_atexit_fns                          - Undefined Weak Reference
    _clock_init                               - Undefined Weak Reference
    _fp_trap_init                             - Undefined Weak Reference
    _fp_trap_shutdown                         - Undefined Weak Reference
    _get_lc_collate                           - Undefined Weak Reference
    _get_lc_ctype                             - Undefined Weak Reference
    _get_lc_monetary                          - Undefined Weak Reference
    _get_lc_numeric                           - Undefined Weak Reference
    _get_lc_time                              - Undefined Weak Reference
    _getenv_init                              - Undefined Weak Reference
    _handle_redirection                       - Undefined Weak Reference
    _mutex_acquire                            - Undefined Weak Reference
    _mutex_free                               - Undefined Weak Reference
    _mutex_release                            - Undefined Weak Reference
    _rand_init                                - Undefined Weak Reference
    _signal_finish                            - Undefined Weak Reference
    _signal_init                              - Undefined Weak Reference
    fs_data$$Base                             - Undefined Reference
    fs_data$$Limit                            - Undefined Reference
    __Vectors_Size                           0x000000c0   Number         0  arm_startup_nrf51.o ABSOLUTE
    __Vectors                                0x0001b000   Data           4  arm_startup_nrf51.o(RESET)
    __Vectors_End                            0x0001b0c0   Data           0  arm_startup_nrf51.o(RESET)
    __main                                   0x0001b0c1   Thumb Code     8  __main.o(!!!main)
    __scatterload                            0x0001b0c9   Thumb Code     0  __scatter.o(!!!scatter)
    __scatterload_rt2                        0x0001b0c9   Thumb Code    52  __scatter.o(!!!scatter)
    __scatterload_rt2_thumb_only             0x0001b0c9   Thumb Code     0  __scatter.o(!!!scatter)
    __scatterload_null                       0x0001b0d9   Thumb Code     0  __scatter.o(!!!scatter)
    __scatterload_zeroinit                   0x0001b105   Thumb Code    28  __scatter_zi.o(!!handler_zi)
    __rt_lib_init                            0x0001b121   Thumb Code     0  libinit.o(.ARM.Collect$$libinit$$00000000)
    __rt_lib_init_alloca_1                   0x0001b123   Thumb Code     0  libinit2.o(.ARM.Collect$$libinit$$0000002E)
    __rt_lib_init_argv_1                     0x0001b123   Thumb Code     0  libinit2.o(.ARM.Collect$$libinit$$0000002C)
    __rt_lib_init_atexit_1                   0x0001b123   Thumb Code     0  libinit2.o(.ARM.Collect$$libinit$$0000001B)
    __rt_lib_init_clock_1                    0x0001b123   Thumb Code     0  libinit2.o(.ARM.Collect$$libinit$$00000021)
    __rt_lib_init_cpp_1                      0x0001b123   Thumb Code     0  libinit2.o(.ARM.Collect$$libinit$$00000032)
    __rt_lib_init_exceptions_1               0x0001b123   Thumb Code     0  libinit2.o(.ARM.Collect$$libinit$$00000030)
    __rt_lib_init_fp_1                       0x0001b123   Thumb Code     0  libinit2.o(.ARM.Collect$$libinit$$00000002)
    __rt_lib_init_fp_trap_1                  0x0001b123   Thumb Code     0  libinit2.o(.ARM.Collect$$libinit$$0000001F)
    __rt_lib_init_getenv_1                   0x0001b123   Thumb Code     0  libinit2.o(.ARM.Collect$$libinit$$00000023)
    __rt_lib_init_heap_1                     0x0001b123   Thumb Code     0  libinit2.o(.ARM.Collect$$libinit$$0000000A)
    __rt_lib_init_lc_collate_1               0x0001b123   Thumb Code     0  libinit2.o(.ARM.Collect$$libinit$$00000011)
    __rt_lib_init_lc_ctype_1                 0x0001b123   Thumb Code     0  libinit2.o(.ARM.Collect$$libinit$$00000013)
    __rt_lib_init_lc_monetary_1              0x0001b123   Thumb Code     0  libinit2.o(.ARM.Collect$$libinit$$00000015)
    __rt_lib_init_lc_numeric_1               0x0001b123   Thumb Code     0  libinit2.o(.ARM.Collect$$libinit$$00000017)
    __rt_lib_init_lc_time_1                  0x0001b123   Thumb Code     0  libinit2.o(.ARM.Collect$$libinit$$00000019)
    __rt_lib_init_preinit_1                  0x0001b123   Thumb Code     0  libinit2.o(.ARM.Collect$$libinit$$00000004)
    __rt_lib_init_rand_1                     0x0001b123   Thumb Code     0  libinit2.o(.ARM.Collect$$libinit$$0000000E)
    __rt_lib_init_return                     0x0001b123   Thumb Code     0  libinit2.o(.ARM.Collect$$libinit$$00000033)
    __rt_lib_init_signal_1                   0x0001b123   Thumb Code     0  libinit2.o(.ARM.Collect$$libinit$$0000001D)
    __rt_lib_init_stdio_1                    0x0001b123   Thumb Code     0  libinit2.o(.ARM.Collect$$libinit$$00000025)
    __rt_lib_init_user_alloc_1               0x0001b123   Thumb Code     0  libinit2.o(.ARM.Collect$$libinit$$0000000C)
    __rt_lib_shutdown                        0x0001b125   Thumb Code     0  libshutdown.o(.ARM.Collect$$libshutdown$$00000000)
    __rt_lib_shutdown_cpp_1                  0x0001b127   Thumb Code     0  libshutdown2.o(.ARM.Collect$$libshutdown$$00000002)
    __rt_lib_shutdown_fp_trap_1              0x0001b127   Thumb Code     0  libshutdown2.o(.ARM.Collect$$libshutdown$$00000007)
    __rt_lib_shutdown_heap_1                 0x0001b127   Thumb Code     0  libshutdown2.o(.ARM.Collect$$libshutdown$$0000000F)
    __rt_lib_shutdown_return                 0x0001b127   Thumb Code     0  libshutdown2.o(.ARM.Collect$$libshutdown$$00000010)
    __rt_lib_shutdown_signal_1               0x0001b127   Thumb Code     0  libshutdown2.o(.ARM.Collect$$libshutdown$$0000000A)
    __rt_lib_shutdown_stdio_1                0x0001b127   Thumb Code     0  libshutdown2.o(.ARM.Collect$$libshutdown$$00000004)
    __rt_lib_shutdown_user_alloc_1           0x0001b127   Thumb Code     0  libshutdown2.o(.ARM.Collect$$libshutdown$$0000000C)
    __rt_entry                               0x0001b129   Thumb Code     0  __rtentry.o(.ARM.Collect$$rtentry$$00000000)
    __rt_entry_presh_1                       0x0001b129   Thumb Code     0  __rtentry2.o(.ARM.Collect$$rtentry$$00000002)
    __rt_entry_sh                            0x0001b129   Thumb Code     0  __rtentry4.o(.ARM.Collect$$rtentry$$00000004)
    __rt_entry_li                            0x0001b12f   Thumb Code     0  __rtentry2.o(.ARM.Collect$$rtentry$$0000000A)
    __rt_entry_postsh_1                      0x0001b12f   Thumb Code     0  __rtentry2.o(.ARM.Collect$$rtentry$$00000009)
    __rt_entry_main                          0x0001b133   Thumb Code     0  __rtentry2.o(.ARM.Collect$$rtentry$$0000000D)
    __rt_entry_postli_1                      0x0001b133   Thumb Code     0  __rtentry2.o(.ARM.Collect$$rtentry$$0000000C)
    __rt_exit                                0x0001b13b   Thumb Code     0  rtexit.o(.ARM.Collect$$rtexit$$00000000)
    __rt_exit_ls                             0x0001b13d   Thumb Code     0  rtexit2.o(.ARM.Collect$$rtexit$$00000003)
    __rt_exit_prels_1                        0x0001b13d   Thumb Code     0  rtexit2.o(.ARM.Collect$$rtexit$$00000002)
    __rt_exit_exit                           0x0001b141   Thumb Code     0  rtexit2.o(.ARM.Collect$$rtexit$$00000004)
    __asm___11_nrf_delay_c_532987f3__nrf_delay_us 0x0001b149   Thumb Code    30  nrf_delay.o(.emb_text)
    __asm___11_app_timer_c_cd27f9c3__nrf_delay_us 0x0001b169   Thumb Code    30  app_timer.o(.emb_text)
    __aeabi_memcpy4                          0x0001b189   Thumb Code    56  rt_memcpy.o(.emb_text)
    __aeabi_memcpy8                          0x0001b189   Thumb Code     0  rt_memcpy.o(.emb_text)
    Reset_Handler                            0x0001b1c1   Thumb Code    26  arm_startup_nrf51.o(.text)
    NMI_Handler                              0x0001b1db   Thumb Code     2  arm_startup_nrf51.o(.text)
    HardFault_Handler                        0x0001b1dd   Thumb Code     2  arm_startup_nrf51.o(.text)
    SVC_Handler                              0x0001b1df   Thumb Code     2  arm_startup_nrf51.o(.text)
    PendSV_Handler                           0x0001b1e1   Thumb Code     2  arm_startup_nrf51.o(.text)
    SysTick_Handler                          0x0001b1e3   Thumb Code     2  arm_startup_nrf51.o(.text)
    ADC_IRQHandler                           0x0001b1e5   Thumb Code     0  arm_startup_nrf51.o(.text)
    CCM_AAR_IRQHandler                       0x0001b1e5   Thumb Code     0  arm_startup_nrf51.o(.text)
    ECB_IRQHandler                           0x0001b1e5   Thumb Code     0  arm_startup_nrf51.o(.text)
    LPCOMP_IRQHandler                        0x0001b1e5   Thumb Code     0  arm_startup_nrf51.o(.text)
    POWER_CLOCK_IRQHandler                   0x0001b1e5   Thumb Code     0  arm_startup_nrf51.o(.text)
    QDEC_IRQHandler                          0x0001b1e5   Thumb Code     0  arm_startup_nrf51.o(.text)
    RADIO_IRQHandler                         0x0001b1e5   Thumb Code     0  arm_startup_nrf51.o(.text)
    RNG_IRQHandler                           0x0001b1e5   Thumb Code     0  arm_startup_nrf51.o(.text)
    RTC0_IRQHandler                          0x0001b1e5   Thumb Code     0  arm_startup_nrf51.o(.text)
    SPI0_TWI0_IRQHandler                     0x0001b1e5   Thumb Code     0  arm_startup_nrf51.o(.text)
    SPI1_TWI1_IRQHandler                     0x0001b1e5   Thumb Code     0  arm_startup_nrf51.o(.text)
    SWI1_IRQHandler                          0x0001b1e5   Thumb Code     0  arm_startup_nrf51.o(.text)
    SWI3_IRQHandler                          0x0001b1e5   Thumb Code     0  arm_startup_nrf51.o(.text)
    SWI4_IRQHandler                          0x0001b1e5   Thumb Code     0  arm_startup_nrf51.o(.text)
    SWI5_IRQHandler                          0x0001b1e5   Thumb Code     0  arm_startup_nrf51.o(.text)
    TEMP_IRQHandler                          0x0001b1e5   Thumb Code     0  arm_startup_nrf51.o(.text)
    TIMER0_IRQHandler                        0x0001b1e5   Thumb Code     0  arm_startup_nrf51.o(.text)
    TIMER1_IRQHandler                        0x0001b1e5   Thumb Code     0  arm_startup_nrf51.o(.text)
    TIMER2_IRQHandler                        0x0001b1e5   Thumb Code     0  arm_startup_nrf51.o(.text)
    WDT_IRQHandler                           0x0001b1e5   Thumb Code     0  arm_startup_nrf51.o(.text)
    __user_initial_stackheap                 0x0001b1e9   Thumb Code    10  arm_startup_nrf51.o(.text)
    memcmp                                   0x0001b215   Thumb Code    90  memcmp.o(.text)
    strcpy                                   0x0001b271   Thumb Code    70  strcpy.o(.text)
    strlen                                   0x0001b2bd   Thumb Code    62  strlen.o(.text)
    __aeabi_memcpy                           0x0001b301   Thumb Code   130  rt_memcpy.o(.text)
    __rt_memcpy                              0x0001b301   Thumb Code     0  rt_memcpy.o(.text)
    _memset_w                                0x0001b383   Thumb Code    26  rt_memclr.o(.text)
    _memset                                  0x0001b39d   Thumb Code    30  rt_memclr.o(.text)
    __aeabi_memclr                           0x0001b3bb   Thumb Code     4  rt_memclr.o(.text)
    __rt_memclr                              0x0001b3bb   Thumb Code     0  rt_memclr.o(.text)
    __aeabi_memclr4                          0x0001b3bf   Thumb Code     0  rt_memclr.o(.text)
    __aeabi_memclr8                          0x0001b3bf   Thumb Code     0  rt_memclr.o(.text)
    __rt_memclr_w                            0x0001b3bf   Thumb Code     4  rt_memclr.o(.text)
    __aeabi_uidiv                            0x0001b3c3   Thumb Code     0  aeabi_sdiv.o(.text)
    __aeabi_uidivmod                         0x0001b3c3   Thumb Code    20  aeabi_sdiv.o(.text)
    __aeabi_idiv                             0x0001b3d7   Thumb Code     0  aeabi_sdiv.o(.text)
    __aeabi_idivmod                          0x0001b3d7   Thumb Code   326  aeabi_sdiv.o(.text)
    __use_two_region_memory                  0x0001b51d   Thumb Code     2  heapauxi.o(.text)
    __rt_heap_escrow                         0x0001b51f   Thumb Code     2  heapauxi.o(.text)
    __rt_heap_expand                         0x0001b521   Thumb Code     2  heapauxi.o(.text)
    __user_setup_stackheap                   0x0001b523   Thumb Code    62  sys_stackheap_outer.o(.text)
    exit                                     0x0001b561   Thumb Code    16  exit.o(.text)
    __user_libspace                          0x0001b571   Thumb Code     8  libspace.o(.text)
    __user_perproc_libspace                  0x0001b571   Thumb Code     0  libspace.o(.text)
    __user_perthread_libspace                0x0001b571   Thumb Code     0  libspace.o(.text)
    __decompress                             0x0001b579   Thumb Code     0  __dczerorl2.o(.text)
    __decompress1                            0x0001b579   Thumb Code    86  __dczerorl2.o(.text)
    GPIOTE_IRQHandler                        0x0001b5d1   Thumb Code   312  nrf_drv_gpiote.o(i.GPIOTE_IRQHandler)
    RTC1_IRQHandler                          0x0001b769   Thumb Code    28  app_timer.o(i.RTC1_IRQHandler)
    SEGGER_RTT_ConfigDownBuffer              0x0001b789   Thumb Code    70  segger_rtt.o(i.SEGGER_RTT_ConfigDownBuffer)
    SEGGER_RTT_ConfigUpBuffer                0x0001b7d5   Thumb Code    70  segger_rtt.o(i.SEGGER_RTT_ConfigUpBuffer)
    SEGGER_RTT_Write                         0x0001b821   Thumb Code    32  segger_rtt.o(i.SEGGER_RTT_Write)
    SEGGER_RTT_WriteNoLock                   0x0001b845   Thumb Code    86  segger_rtt.o(i.SEGGER_RTT_WriteNoLock)
    SEGGER_RTT_WriteString                   0x0001b8a1   Thumb Code    24  segger_rtt.o(i.SEGGER_RTT_WriteString)
    SEGGER_RTT_printf                        0x0001b8b9   Thumb Code    24  segger_rtt_printf.o(i.SEGGER_RTT_printf)
    SEGGER_RTT_vprintf                       0x0001b8d1   Thumb Code   404  segger_rtt_printf.o(i.SEGGER_RTT_vprintf)
    SWI0_IRQHandler                          0x0001ba65   Thumb Code     8  app_timer.o(i.SWI0_IRQHandler)
    SWI2_IRQHandler                          0x0001ba6d   Thumb Code    34  softdevice_handler.o(i.SWI2_IRQHandler)
    SystemInit                               0x0001ba99   Thumb Code   130  system_nrf51.o(i.SystemInit)
    UART0_IRQHandler                         0x0001bb39   Thumb Code     8  nrf_drv_uart.o(i.UART0_IRQHandler)
    __ARM_common_switch8                     0x0001be3f   Thumb Code    26  bsp.o(i.__ARM_common_switch8)
    _sys_exit                                0x0001be59   Thumb Code     2  rtt_syscalls_keil.o(i._sys_exit)
    adv_data_encode                          0x0001be5b   Thumb Code   534  ble_advdata.o(i.adv_data_encode)
    app_button_enable                        0x0001c259   Thumb Code    32  app_button.o(i.app_button_enable)
    app_button_init                          0x0001c27d   Thumb Code   100  app_button.o(i.app_button_init)
    app_error_fault_handler                  0x0001c2f1   Thumb Code    26  app_error_weak.o(i.app_error_fault_handler)
    app_error_handler                        0x0001c30d   Thumb Code    22  app_error.o(i.app_error_handler)
    app_error_save_and_stop                  0x0001c329   Thumb Code    90  app_error.o(i.app_error_save_and_stop)
    app_timer_create                         0x0001c3e5   Thumb Code    40  app_timer.o(i.app_timer_create)
    app_timer_init                           0x0001c411   Thumb Code   126  app_timer.o(i.app_timer_init)
    app_timer_start                          0x0001c4a1   Thumb Code   114  app_timer.o(i.app_timer_start)
    app_timer_stop                           0x0001c51d   Thumb Code    78  app_timer.o(i.app_timer_stop)
    ble_advdata_set                          0x0001c571   Thumb Code   104  ble_advdata.o(i.ble_advdata_set)
    ble_advertising_init                     0x0001c5d9   Thumb Code   284  ble_advertising.o(i.ble_advertising_init)
    ble_advertising_on_ble_evt               0x0001c6fd   Thumb Code   118  ble_advertising.o(i.ble_advertising_on_ble_evt)
    ble_advertising_on_sys_evt               0x0001c779   Thumb Code    42  ble_advertising.o(i.ble_advertising_on_sys_evt)
    ble_advertising_restart_without_whitelist 0x0001c7b9   Thumb Code    78  ble_advertising.o(i.ble_advertising_restart_without_whitelist)
    ble_advertising_start                    0x0001c811   Thumb Code   482  ble_advertising.o(i.ble_advertising_start)
    ble_conn_params_init                     0x0001c9fd   Thumb Code    68  ble_conn_params.o(i.ble_conn_params_init)
    ble_conn_params_on_ble_evt               0x0001ca51   Thumb Code   132  ble_conn_params.o(i.ble_conn_params_on_ble_evt)
    ble_dis_init                             0x0001cb41   Thumb Code   308  ble_dis.o(i.ble_dis_init)
    ble_ias_init                             0x0001cce1   Thumb Code    46  ble_ias.o(i.ble_ias_init)
    ble_ias_on_ble_evt                       0x0001cd15   Thumb Code    52  ble_ias.o(i.ble_ias_on_ble_evt)
    ble_nus_init                             0x0001cd49   Thumb Code    98  ble_nus.o(i.ble_nus_init)
    ble_nus_on_ble_evt                       0x0001cdb1   Thumb Code    88  ble_nus.o(i.ble_nus_on_ble_evt)
    ble_nus_string_send                      0x0001ce09   Thumb Code    78  ble_nus.o(i.ble_nus_string_send)
    ble_srv_ascii_to_utf8                    0x0001ce5d   Thumb Code    18  ble_srv_common.o(i.ble_srv_ascii_to_utf8)
    ble_tps_init                             0x0001cf29   Thumb Code    38  ble_tps.o(i.ble_tps_init)
    ble_tps_on_ble_evt                       0x0001cf55   Thumb Code    12  ble_tps.o(i.ble_tps_on_ble_evt)
    bond_data_load                           0x0001cf61   Thumb Code    58  device_manager_peripheral.o(i.bond_data_load)
    bsp_btn_ble_init                         0x0001cfa9   Thumb Code    80  bsp_btn_ble.o(i.bsp_btn_ble_init)
    bsp_btn_ble_on_ble_evt                   0x0001cffd   Thumb Code   114  bsp_btn_ble.o(i.bsp_btn_ble_on_ble_evt)
    bsp_btn_ble_sleep_mode_prepare           0x0001d075   Thumb Code    20  bsp_btn_ble.o(i.bsp_btn_ble_sleep_mode_prepare)
    bsp_button_is_pressed                    0x0001d129   Thumb Code    34  bsp.o(i.bsp_button_is_pressed)
    bsp_event_handler                        0x0001d155   Thumb Code    88  main.o(i.bsp_event_handler)
    bsp_event_to_button_action_assign        0x0001d1e1   Thumb Code    66  bsp.o(i.bsp_event_to_button_action_assign)
    bsp_indication_set                       0x0001d229   Thumb Code    22  bsp.o(i.bsp_indication_set)
    bsp_init                                 0x0001d245   Thumb Code   134  bsp.o(i.bsp_init)
    bsp_wakeup_buttons_set                   0x0001d4dd   Thumb Code    50  bsp.o(i.bsp_wakeup_buttons_set)
    dm_ble_evt_handler                       0x0001ddcd   Thumb Code   950  device_manager_peripheral.o(i.dm_ble_evt_handler)
    dm_handle_initialize                     0x0001e1a1   Thumb Code    22  device_manager_peripheral.o(i.dm_handle_initialize)
    dm_init                                  0x0001e1bd   Thumb Code   174  device_manager_peripheral.o(i.dm_init)
    dm_register                              0x0001e415   Thumb Code   104  device_manager_peripheral.o(i.dm_register)
    fs_queued_op_count_get                   0x0001e57d   Thumb Code    18  fstorage.o(i.fs_queued_op_count_get)
    intern_softdevice_events_execute         0x0001e885   Thumb Code   124  softdevice_handler.o(i.intern_softdevice_events_execute)
    log_rtt_init                             0x0001ebb9   Thumb Code    58  nrf_log.o(i.log_rtt_init)
    log_rtt_printf                           0x0001ec11   Thumb Code    24  nrf_log.o(i.log_rtt_printf)
    main                                     0x0001ec29   Thumb Code   258  main.o(i.main)
    nrf_delay_ms                             0x0001eeb1   Thumb Code    24  nrf_delay.o(i.nrf_delay_ms)
    nrf_drv_common_irq_enable                0x0001eecd   Thumb Code    78  nrf_drv_common.o(i.nrf_drv_common_irq_enable)
    nrf_drv_gpiote_in_event_enable           0x0001ef2d   Thumb Code   138  nrf_drv_gpiote.o(i.nrf_drv_gpiote_in_event_enable)
    nrf_drv_gpiote_in_init                   0x0001efcd   Thumb Code   146  nrf_drv_gpiote.o(i.nrf_drv_gpiote_in_init)
    nrf_drv_gpiote_in_is_set                 0x0001f071   Thumb Code    16  nrf_drv_gpiote.o(i.nrf_drv_gpiote_in_is_set)
    nrf_drv_gpiote_init                      0x0001f085   Thumb Code    76  nrf_drv_gpiote.o(i.nrf_drv_gpiote_init)
    nrf_drv_gpiote_is_init                   0x0001f0d9   Thumb Code    12  nrf_drv_gpiote.o(i.nrf_drv_gpiote_is_init)
    pstorage_access_status_get               0x0001f465   Thumb Code    30  pstorage.o(i.pstorage_access_status_get)
    pstorage_block_identifier_get            0x0001f48d   Thumb Code    78  pstorage.o(i.pstorage_block_identifier_get)
    pstorage_clear                           0x0001f4e5   Thumb Code   160  pstorage.o(i.pstorage_clear)
    pstorage_init                            0x0001f5bd   Thumb Code    80  pstorage.o(i.pstorage_init)
    pstorage_load                            0x0001f619   Thumb Code   162  pstorage.o(i.pstorage_load)
    pstorage_register                        0x0001f6c5   Thumb Code   180  pstorage.o(i.pstorage_register)
    pstorage_store                           0x0001f781   Thumb Code   138  pstorage.o(i.pstorage_store)
    pstorage_sys_event_handler               0x0001f815   Thumb Code    72  pstorage.o(i.pstorage_sys_event_handler)
    pstorage_update                          0x0001f861   Thumb Code   138  pstorage.o(i.pstorage_update)
    sd_check_ram_start                       0x0001fa3d   Thumb Code    44  softdevice_handler.o(i.sd_check_ram_start)
    softdevice_ble_evt_handler_set           0x0001fd99   Thumb Code    16  softdevice_handler.o(i.softdevice_ble_evt_handler_set)
    softdevice_enable                        0x0001fdad   Thumb Code    86  softdevice_handler.o(i.softdevice_enable)
    softdevice_enable_get_default_config     0x0001fead   Thumb Code    40  softdevice_handler.o(i.softdevice_enable_get_default_config)
    softdevice_fault_handler                 0x0001fed5   Thumb Code     8  softdevice_handler.o(i.softdevice_fault_handler)
    softdevice_handler_init                  0x0001fedd   Thumb Code    60  softdevice_handler.o(i.softdevice_handler_init)
    softdevice_sys_evt_handler_set           0x0001ff21   Thumb Code    16  softdevice_handler.o(i.softdevice_sys_evt_handler_set)
    m_context_init_len                       0x0002081c   Data           4  device_manager_peripheral.o(.constdata)
    m_service_context_store                  0x00020820   Data          16  device_manager_peripheral.o(.constdata)
    m_service_context_load                   0x00020830   Data          16  device_manager_peripheral.o(.constdata)
    m_service_context_apply                  0x00020840   Data          16  device_manager_peripheral.o(.constdata)
    Region$$Table$$Base                      0x00020944   Number         0  anon$$obj.o(Region$$Table)
    Region$$Table$$Limit                     0x00020964   Number         0  anon$$obj.o(Region$$Table)
    Image$$RW_IRAM1$$Base                    0x20002080   Number         0  anon$$obj.o ABSOLUTE
    nrf_nvic_state                           0x200021bc   Data           8  softdevice_handler.o(.data)
    SystemCoreClock                          0x200021c4   Data           4  system_nrf51.o(.data)
    _SEGGER_RTT                              0x200032a8   Data         120  segger_rtt.o(.bss)
    __libspace_start                         0x20003320   Data          96  libspace.o(.bss)
    __temporary_stack_top$libspace           0x20003380   Data           0  libspace.o(.bss)



==============================================================================

Memory Map of the image

  Image Entry point : 0x0001b0c1

  Load Region LR_IROM1 (Base: 0x0001b000, Size: 0x00005aac, Max: 0x00025000, ABSOLUTE, COMPRESSED[0x00005980])

    Execution Region ER_IROM1 (Base: 0x0001b000, Size: 0x00005964, Max: 0x00025000, ABSOLUTE)

    Base Addr    Size         Type   Attr      Idx    E Section Name        Object

    0x0001b000   0x000000c0   Data   RO         3052    RESET               arm_startup_nrf51.o
    0x0001b0c0   0x00000008   Code   RO         3132  * !!!main             c_p.l(__main.o)
    0x0001b0c8   0x0000003c   Code   RO         3444    !!!scatter          c_p.l(__scatter.o)
    0x0001b104   0x0000001c   Code   RO         3446    !!handler_zi        c_p.l(__scatter_zi.o)
    0x0001b120   0x00000002   Code   RO         3374    .ARM.Collect$$libinit$$00000000  c_p.l(libinit.o)
    0x0001b122   0x00000000   Code   RO         3256    .ARM.Collect$$libinit$$00000002  c_p.l(libinit2.o)
    0x0001b122   0x00000000   Code   RO         3258    .ARM.Collect$$libinit$$00000004  c_p.l(libinit2.o)
    0x0001b122   0x00000000   Code   RO         3261    .ARM.Collect$$libinit$$0000000A  c_p.l(libinit2.o)
    0x0001b122   0x00000000   Code   RO         3263    .ARM.Collect$$libinit$$0000000C  c_p.l(libinit2.o)
    0x0001b122   0x00000000   Code   RO         3265    .ARM.Collect$$libinit$$0000000E  c_p.l(libinit2.o)
    0x0001b122   0x00000000   Code   RO         3268    .ARM.Collect$$libinit$$00000011  c_p.l(libinit2.o)
    0x0001b122   0x00000000   Code   RO         3270    .ARM.Collect$$libinit$$00000013  c_p.l(libinit2.o)
    0x0001b122   0x00000000   Code   RO         3272    .ARM.Collect$$libinit$$00000015  c_p.l(libinit2.o)
    0x0001b122   0x00000000   Code   RO         3274    .ARM.Collect$$libinit$$00000017  c_p.l(libinit2.o)
    0x0001b122   0x00000000   Code   RO         3276    .ARM.Collect$$libinit$$00000019  c_p.l(libinit2.o)
    0x0001b122   0x00000000   Code   RO         3278    .ARM.Collect$$libinit$$0000001B  c_p.l(libinit2.o)
    0x0001b122   0x00000000   Code   RO         3280    .ARM.Collect$$libinit$$0000001D  c_p.l(libinit2.o)
    0x0001b122   0x00000000   Code   RO         3282    .ARM.Collect$$libinit$$0000001F  c_p.l(libinit2.o)
    0x0001b122   0x00000000   Code   RO         3284    .ARM.Collect$$libinit$$00000021  c_p.l(libinit2.o)
    0x0001b122   0x00000000   Code   RO         3286    .ARM.Collect$$libinit$$00000023  c_p.l(libinit2.o)
    0x0001b122   0x00000000   Code   RO         3288    .ARM.Collect$$libinit$$00000025  c_p.l(libinit2.o)
    0x0001b122   0x00000000   Code   RO         3292    .ARM.Collect$$libinit$$0000002C  c_p.l(libinit2.o)
    0x0001b122   0x00000000   Code   RO         3294    .ARM.Collect$$libinit$$0000002E  c_p.l(libinit2.o)
    0x0001b122   0x00000000   Code   RO         3296    .ARM.Collect$$libinit$$00000030  c_p.l(libinit2.o)
    0x0001b122   0x00000000   Code   RO         3298    .ARM.Collect$$libinit$$00000032  c_p.l(libinit2.o)
    0x0001b122   0x00000002   Code   RO         3299    .ARM.Collect$$libinit$$00000033  c_p.l(libinit2.o)
    0x0001b124   0x00000002   Code   RO         3439    .ARM.Collect$$libshutdown$$00000000  c_p.l(libshutdown.o)
    0x0001b126   0x00000000   Code   RO         3301    .ARM.Collect$$libshutdown$$00000002  c_p.l(libshutdown2.o)
    0x0001b126   0x00000000   Code   RO         3303    .ARM.Collect$$libshutdown$$00000004  c_p.l(libshutdown2.o)
    0x0001b126   0x00000000   Code   RO         3306    .ARM.Collect$$libshutdown$$00000007  c_p.l(libshutdown2.o)
    0x0001b126   0x00000000   Code   RO         3309    .ARM.Collect$$libshutdown$$0000000A  c_p.l(libshutdown2.o)
    0x0001b126   0x00000000   Code   RO         3311    .ARM.Collect$$libshutdown$$0000000C  c_p.l(libshutdown2.o)
    0x0001b126   0x00000000   Code   RO         3314    .ARM.Collect$$libshutdown$$0000000F  c_p.l(libshutdown2.o)
    0x0001b126   0x00000002   Code   RO         3315    .ARM.Collect$$libshutdown$$00000010  c_p.l(libshutdown2.o)
    0x0001b128   0x00000000   Code   RO         3134    .ARM.Collect$$rtentry$$00000000  c_p.l(__rtentry.o)
    0x0001b128   0x00000000   Code   RO         3155    .ARM.Collect$$rtentry$$00000002  c_p.l(__rtentry2.o)
    0x0001b128   0x00000006   Code   RO         3167    .ARM.Collect$$rtentry$$00000004  c_p.l(__rtentry4.o)
    0x0001b12e   0x00000000   Code   RO         3157    .ARM.Collect$$rtentry$$00000009  c_p.l(__rtentry2.o)
    0x0001b12e   0x00000004   Code   RO         3158    .ARM.Collect$$rtentry$$0000000A  c_p.l(__rtentry2.o)
    0x0001b132   0x00000000   Code   RO         3160    .ARM.Collect$$rtentry$$0000000C  c_p.l(__rtentry2.o)
    0x0001b132   0x00000008   Code   RO         3161    .ARM.Collect$$rtentry$$0000000D  c_p.l(__rtentry2.o)
    0x0001b13a   0x00000002   Code   RO         3381    .ARM.Collect$$rtexit$$00000000  c_p.l(rtexit.o)
    0x0001b13c   0x00000000   Code   RO         3409    .ARM.Collect$$rtexit$$00000002  c_p.l(rtexit2.o)
    0x0001b13c   0x00000004   Code   RO         3410    .ARM.Collect$$rtexit$$00000003  c_p.l(rtexit2.o)
    0x0001b140   0x00000006   Code   RO         3411    .ARM.Collect$$rtexit$$00000004  c_p.l(rtexit2.o)
    0x0001b146   0x00000002   PAD
    0x0001b148   0x0000001e   Code   RO         1441    .emb_text           nrf_delay.o
    0x0001b166   0x00000002   PAD
    0x0001b168   0x0000001e   Code   RO         2282    .emb_text           app_timer.o
    0x0001b186   0x00000002   PAD
    0x0001b188   0x00000038   Code   RO         3118    .emb_text           c_p.l(rt_memcpy.o)
    0x0001b1c0   0x00000054   Code   RO         3053    .text               arm_startup_nrf51.o
    0x0001b214   0x0000005a   Code   RO         3112    .text               c_p.l(memcmp.o)
    0x0001b26e   0x00000002   PAD
    0x0001b270   0x0000004c   Code   RO         3114    .text               c_p.l(strcpy.o)
    0x0001b2bc   0x00000044   Code   RO         3116    .text               c_p.l(strlen.o)
    0x0001b300   0x00000082   Code   RO         3119    .text               c_p.l(rt_memcpy.o)
    0x0001b382   0x00000040   Code   RO         3122    .text               c_p.l(rt_memclr.o)
    0x0001b3c2   0x0000015a   Code   RO         3126    .text               c_p.l(aeabi_sdiv.o)
    0x0001b51c   0x00000006   Code   RO         3130    .text               c_p.l(heapauxi.o)
    0x0001b522   0x0000003e   Code   RO         3316    .text               c_p.l(sys_stackheap_outer.o)
    0x0001b560   0x00000010   Code   RO         3355    .text               c_p.l(exit.o)
    0x0001b570   0x00000008   Code   RO         3377    .text               c_p.l(libspace.o)
    0x0001b578   0x00000056   Code   RO         3442    .text               c_p.l(__dczerorl2.o)
    0x0001b5ce   0x00000002   PAD
    0x0001b5d0   0x00000154   Code   RO         1502    i.GPIOTE_IRQHandler  nrf_drv_gpiote.o
    0x0001b724   0x00000044   Code   RO         2283    i.NVIC_SetPriority  app_timer.o
    0x0001b768   0x00000020   Code   RO         2284    i.RTC1_IRQHandler   app_timer.o
    0x0001b788   0x0000004c   Code   RO         2777    i.SEGGER_RTT_ConfigDownBuffer  segger_rtt.o
    0x0001b7d4   0x0000004c   Code   RO         2778    i.SEGGER_RTT_ConfigUpBuffer  segger_rtt.o
    0x0001b820   0x00000024   Code   RO         2790    i.SEGGER_RTT_Write  segger_rtt.o
    0x0001b844   0x0000005c   Code   RO         2791    i.SEGGER_RTT_WriteNoLock  segger_rtt.o
    0x0001b8a0   0x00000018   Code   RO         2793    i.SEGGER_RTT_WriteString  segger_rtt.o
    0x0001b8b8   0x00000018   Code   RO         2915    i.SEGGER_RTT_printf  segger_rtt_printf.o
    0x0001b8d0   0x00000194   Code   RO         2916    i.SEGGER_RTT_vprintf  segger_rtt_printf.o
    0x0001ba64   0x00000008   Code   RO         2285    i.SWI0_IRQHandler   app_timer.o
    0x0001ba6c   0x0000002c   Code   RO         2951    i.SWI2_IRQHandler   softdevice_handler.o
    0x0001ba98   0x000000a0   Code   RO         3060    i.SystemInit        system_nrf51.o
    0x0001bb38   0x00000008   Code   RO         1692    i.UART0_IRQHandler  nrf_drv_uart.o
    0x0001bb40   0x0000006c   Code   RO         2794    i._DoInit           segger_rtt.o
    0x0001bbac   0x00000016   Code   RO         2795    i._GetAvailWriteSpace  segger_rtt.o
    0x0001bbc2   0x000000c8   Code   RO         2917    i._PrintInt         segger_rtt_printf.o
    0x0001bc8a   0x00000002   PAD
    0x0001bc8c   0x000000d8   Code   RO         2918    i._PrintUnsigned    segger_rtt_printf.o
    0x0001bd64   0x0000003e   Code   RO         2919    i._StoreChar        segger_rtt_printf.o
    0x0001bda2   0x00000060   Code   RO         2797    i._WriteBlocking    segger_rtt.o
    0x0001be02   0x0000003c   Code   RO         2798    i._WriteNoCheck     segger_rtt.o
    0x0001be3e   0x0000001a   Code   RO          436    i.__ARM_common_switch8  bsp.o
    0x0001be58   0x00000002   Code   RO         2692    i._sys_exit         rtt_syscalls_keil.o
    0x0001be5a   0x00000216   Code   RO          496    i.adv_data_encode   ble_advdata.o
    0x0001c070   0x0000003c   Code   RO          457    i.advertising_buttons_configure  bsp_btn_ble.o
    0x0001c0ac   0x00000084   Code   RO            4    i.advertising_init  main.o
    0x0001c130   0x00000084   Code   RO         1170    i.alert_level_char_add  ble_ias.o
    0x0001c1b4   0x0000008c   Code   RO            5    i.alert_signal      main.o
    0x0001c240   0x00000018   Code   RO          342    i.alert_timer_handler  bsp.o
    0x0001c258   0x00000024   Code   RO         2103    i.app_button_enable  app_button.o
    0x0001c27c   0x00000074   Code   RO         2104    i.app_button_init   app_button.o
    0x0001c2f0   0x0000001a   Code   RO         2196    i.app_error_fault_handler  app_error_weak.o
    0x0001c30a   0x00000002   PAD
    0x0001c30c   0x0000001c   Code   RO         2160    i.app_error_handler  app_error.o
    0x0001c328   0x00000064   Code   RO         2162    i.app_error_save_and_stop  app_error.o
    0x0001c38c   0x0000000c   Code   RO          811    i.app_evt_notify    device_manager_peripheral.o
    0x0001c398   0x0000002c   Code   RO         1860    i.app_notify        pstorage.o
    0x0001c3c4   0x00000020   Code   RO         1861    i.app_notify_error_state_transit  pstorage.o
    0x0001c3e4   0x0000002c   Code   RO         2288    i.app_timer_create  app_timer.o
    0x0001c410   0x00000090   Code   RO         2289    i.app_timer_init    app_timer.o
    0x0001c4a0   0x0000007c   Code   RO         2290    i.app_timer_start   app_timer.o
    0x0001c51c   0x00000054   Code   RO         2291    i.app_timer_stop    app_timer.o
    0x0001c570   0x00000068   Code   RO          497    i.ble_advdata_set   ble_advdata.o
    0x0001c5d8   0x00000124   Code   RO          577    i.ble_advertising_init  ble_advertising.o
    0x0001c6fc   0x0000007c   Code   RO          578    i.ble_advertising_on_ble_evt  ble_advertising.o
    0x0001c778   0x00000030   Code   RO          579    i.ble_advertising_on_sys_evt  ble_advertising.o
    0x0001c7a8   0x00000010   Code   RO          581    i.ble_advertising_peer_address_clear  ble_advertising.o
    0x0001c7b8   0x00000058   Code   RO          582    i.ble_advertising_restart_without_whitelist  ble_advertising.o
    0x0001c810   0x000001ec   Code   RO          583    i.ble_advertising_start  ble_advertising.o
    0x0001c9fc   0x00000054   Code   RO          658    i.ble_conn_params_init  ble_conn_params.o
    0x0001ca50   0x00000090   Code   RO          659    i.ble_conn_params_on_ble_evt  ble_conn_params.o
    0x0001cae0   0x0000005e   Code   RO          498    i.ble_device_addr_encode  ble_advdata.o
    0x0001cb3e   0x00000002   PAD
    0x0001cb40   0x00000140   Code   RO          728    i.ble_dis_init      ble_dis.o
    0x0001cc80   0x00000060   Code   RO            7    i.ble_evt_dispatch  main.o
    0x0001cce0   0x00000034   Code   RO         1172    i.ble_ias_init      ble_ias.o
    0x0001cd14   0x00000034   Code   RO         1173    i.ble_ias_on_ble_evt  ble_ias.o
    0x0001cd48   0x00000068   Code   RO         1308    i.ble_nus_init      ble_nus.o
    0x0001cdb0   0x00000058   Code   RO         1309    i.ble_nus_on_ble_evt  ble_nus.o
    0x0001ce08   0x00000054   Code   RO         1310    i.ble_nus_string_send  ble_nus.o
    0x0001ce5c   0x00000012   Code   RO          768    i.ble_srv_ascii_to_utf8  ble_srv_common.o
    0x0001ce6e   0x00000002   PAD
    0x0001ce70   0x000000b8   Code   RO            8    i.ble_stack_init    main.o
    0x0001cf28   0x0000002c   Code   RO         1081    i.ble_tps_init      ble_tps.o
    0x0001cf54   0x0000000c   Code   RO         1082    i.ble_tps_on_ble_evt  ble_tps.o
    0x0001cf60   0x00000048   Code   RO          812    i.bond_data_load    device_manager_peripheral.o
    0x0001cfa8   0x00000054   Code   RO          458    i.bsp_btn_ble_init  bsp_btn_ble.o
    0x0001cffc   0x00000078   Code   RO          459    i.bsp_btn_ble_on_ble_evt  bsp_btn_ble.o
    0x0001d074   0x00000014   Code   RO          460    i.bsp_btn_ble_sleep_mode_prepare  bsp_btn_ble.o
    0x0001d088   0x000000a0   Code   RO          343    i.bsp_button_event_handler  bsp.o
    0x0001d128   0x0000002c   Code   RO          344    i.bsp_button_is_pressed  bsp.o
    0x0001d154   0x0000008c   Code   RO            9    i.bsp_event_handler  main.o
    0x0001d1e0   0x00000048   Code   RO          348    i.bsp_event_to_button_action_assign  bsp.o
    0x0001d228   0x0000001c   Code   RO          349    i.bsp_indication_set  bsp.o
    0x0001d244   0x000000a0   Code   RO          351    i.bsp_init          bsp.o
    0x0001d2e4   0x000001f8   Code   RO          352    i.bsp_led_indication  bsp.o
    0x0001d4dc   0x0000003c   Code   RO          353    i.bsp_wakeup_buttons_set  bsp.o
    0x0001d518   0x0000000c   Code   RO          354    i.button_timer_handler  bsp.o
    0x0001d524   0x0000001c   Code   RO         1503    i.channel_free      nrf_drv_gpiote.o
    0x0001d540   0x00000048   Code   RO         1504    i.channel_port_alloc  nrf_drv_gpiote.o
    0x0001d588   0x00000010   Code   RO         1505    i.channel_port_get  nrf_drv_gpiote.o
    0x0001d598   0x000000e0   Code   RO          729    i.char_add          ble_dis.o
    0x0001d678   0x00000108   Code   RO         1862    i.clear_operation_execute  pstorage.o
    0x0001d780   0x00000024   Code   RO         1863    i.clear_post_processing_run  pstorage.o
    0x0001d7a4   0x00000038   Code   RO         1864    i.cmd_process       pstorage.o
    0x0001d7dc   0x00000020   Code   RO         1865    i.cmd_queue_element_init  pstorage.o
    0x0001d7fc   0x0000004c   Code   RO         1866    i.cmd_queue_enqueue  pstorage.o
    0x0001d848   0x0000003c   Code   RO         1867    i.command_end_procedure_run  pstorage.o
    0x0001d884   0x000000a8   Code   RO         2293    i.compare_reg_update  app_timer.o
    0x0001d92c   0x00000088   Code   RO          499    i.conn_int_encode   ble_advdata.o
    0x0001d9b4   0x00000020   Code   RO           10    i.conn_params_error_handler  main.o
    0x0001d9d4   0x00000068   Code   RO          661    i.conn_params_negotiation  ble_conn_params.o
    0x0001da3c   0x00000030   Code   RO          813    i.connection_instance_find  device_manager_peripheral.o
    0x0001da6c   0x00000024   Code   RO          814    i.connection_instance_init  device_manager_peripheral.o
    0x0001da90   0x00000054   Code   RO         1868    i.data_page_erase_state_run  pstorage.o
    0x0001dae4   0x00000028   Code   RO         1869    i.data_to_swap_write_state_run  pstorage.o
    0x0001db0c   0x00000060   Code   RO         2106    i.detection_delay_timeout_handler  app_button.o
    0x0001db6c   0x000000b4   Code   RO          815    i.device_context_store  device_manager_peripheral.o
    0x0001dc20   0x00000054   Code   RO          816    i.device_instance_allocate  device_manager_peripheral.o
    0x0001dc74   0x00000048   Code   RO          817    i.device_instance_find  device_manager_peripheral.o
    0x0001dcbc   0x0000002c   Code   RO          818    i.device_instance_free  device_manager_peripheral.o
    0x0001dce8   0x00000064   Code   RO           11    i.device_manager_evt_handler  main.o
    0x0001dd4c   0x00000080   Code   RO           12    i.device_manager_init  main.o
    0x0001ddcc   0x000003d4   Code   RO          823    i.dm_ble_evt_handler  device_manager_peripheral.o
    0x0001e1a0   0x0000001c   Code   RO          829    i.dm_handle_initialize  device_manager_peripheral.o
    0x0001e1bc   0x000000c4   Code   RO          830    i.dm_init           device_manager_peripheral.o
    0x0001e280   0x00000194   Code   RO          833    i.dm_pstorage_cb_handler  device_manager_peripheral.o
    0x0001e414   0x00000074   Code   RO          834    i.dm_register       device_manager_peripheral.o
    0x0001e488   0x00000040   Code   RO         2294    i.elapsed_ticks_acquire  app_timer.o
    0x0001e4c8   0x00000020   Code   RO         1870    i.flash_api_err_code_process  pstorage.o
    0x0001e4e8   0x00000080   Code   RO         1871    i.flash_operation_success_run  pstorage.o
    0x0001e568   0x0000000a   Code   RO         1872    i.flash_page_erase  pstorage.o
    0x0001e572   0x0000000a   Code   RO         1873    i.flash_write       pstorage.o
    0x0001e57c   0x00000018   Code   RO         2481    i.fs_queued_op_count_get  fstorage.o
    0x0001e594   0x00000078   Code   RO           13    i.gap_params_init   main.o
    0x0001e60c   0x00000004   Code   RO          841    i.gattc_context_apply  device_manager_peripheral.o
    0x0001e610   0x00000004   Code   RO          842    i.gattc_context_load  device_manager_peripheral.o
    0x0001e614   0x00000004   Code   RO          843    i.gattc_context_store  device_manager_peripheral.o
    0x0001e618   0x000000b0   Code   RO          844    i.gatts_context_apply  device_manager_peripheral.o
    0x0001e6c8   0x00000030   Code   RO          845    i.gatts_context_load  device_manager_peripheral.o
    0x0001e6f8   0x000000ac   Code   RO          846    i.gatts_context_store  device_manager_peripheral.o
    0x0001e7a4   0x00000008   Code   RO          847    i.gattsc_context_apply  device_manager_peripheral.o
    0x0001e7ac   0x00000008   Code   RO          848    i.gattsc_context_load  device_manager_peripheral.o
    0x0001e7b4   0x00000008   Code   RO          849    i.gattsc_context_store  device_manager_peripheral.o
    0x0001e7bc   0x00000050   Code   RO         2107    i.gpiote_event_handler  app_button.o
    0x0001e80c   0x00000078   Code   RO         1874    i.head_restore_state_run  pstorage.o
    0x0001e884   0x00000084   Code   RO         2952    i.intern_softdevice_events_execute  softdevice_handler.o
    0x0001e908   0x0000001c   Code   RO          662    i.is_conn_params_ok  ble_conn_params.o
    0x0001e924   0x00000048   Code   RO         3061    i.is_manual_peripheral_setup_needed  system_nrf51.o
    0x0001e96c   0x00000044   Code   RO         1875    i.is_page_erase_required  pstorage.o
    0x0001e9b0   0x0000000c   Code   RO         1876    i.is_word_aligned   pstorage.o
    0x0001e9bc   0x00000054   Code   RO          500    i.le_role_encode    ble_advdata.o
    0x0001ea10   0x00000018   Code   RO          355    i.leds_timer_handler  bsp.o
    0x0001ea28   0x000000bc   Code   RO         2295    i.list_deletions_handler  app_timer.o
    0x0001eae4   0x000000d4   Code   RO         2296    i.list_insertions_handler  app_timer.o
    0x0001ebb8   0x00000058   Code   RO         2615    i.log_rtt_init      nrf_log.o
    0x0001ec10   0x00000018   Code   RO         2616    i.log_rtt_printf    nrf_log.o
    0x0001ec28   0x0000015c   Code   RO           14    i.main              main.o
    0x0001ed84   0x00000018   Code   RO         1877    i.main_state_err_busy_process  pstorage.o
    0x0001ed9c   0x00000068   Code   RO          501    i.manuf_specific_data_encode  ble_advdata.o
    0x0001ee04   0x0000009e   Code   RO          502    i.name_encode       ble_advdata.o
    0x0001eea2   0x00000004   Code   RO          850    i.no_service_context_apply  device_manager_peripheral.o
    0x0001eea6   0x00000004   Code   RO          851    i.no_service_context_load  device_manager_peripheral.o
    0x0001eeaa   0x00000004   Code   RO          852    i.no_service_context_store  device_manager_peripheral.o
    0x0001eeae   0x00000002   PAD
    0x0001eeb0   0x0000001c   Code   RO         1442    i.nrf_delay_ms      nrf_delay.o
    0x0001eecc   0x00000060   Code   RO         1469    i.nrf_drv_common_irq_enable  nrf_drv_common.o
    0x0001ef2c   0x000000a0   Code   RO         1508    i.nrf_drv_gpiote_in_event_enable  nrf_drv_gpiote.o
    0x0001efcc   0x000000a4   Code   RO         1509    i.nrf_drv_gpiote_in_init  nrf_drv_gpiote.o
    0x0001f070   0x00000014   Code   RO         1510    i.nrf_drv_gpiote_in_is_set  nrf_drv_gpiote.o
    0x0001f084   0x00000054   Code   RO         1512    i.nrf_drv_gpiote_init  nrf_drv_gpiote.o
    0x0001f0d8   0x00000010   Code   RO         1513    i.nrf_drv_gpiote_is_init  nrf_drv_gpiote.o
    0x0001f0e8   0x00000024   Code   RO         1525    i.nrf_gpio_cfg      nrf_drv_gpiote.o
    0x0001f10c   0x00000020   Code   RO         1527    i.nrf_gpio_cfg_sense_set  nrf_drv_gpiote.o
    0x0001f12c   0x00000014   Code   RO         1528    i.nrf_gpiote_event_is_set  nrf_drv_gpiote.o
    0x0001f140   0x0000000a   Code   RO         1709    i.nrf_uart_event_check  nrf_drv_uart.o
    0x0001f14a   0x00000010   Code   RO         1710    i.nrf_uart_int_enable_check  nrf_drv_uart.o
    0x0001f15a   0x00000002   PAD
    0x0001f15c   0x000000a8   Code   RO           15    i.nus_data_handler  main.o
    0x0001f204   0x00000050   Code   RO           16    i.on_adv_evt        main.o
    0x0001f254   0x00000080   Code   RO           17    i.on_ble_evt        main.o
    0x0001f2d4   0x00000034   Code   RO           18    i.on_conn_params_evt  main.o
    0x0001f308   0x00000054   Code   RO           19    i.on_ias_evt        main.o
    0x0001f35c   0x00000016   Code   RO          585    i.peer_address_exists  ble_advertising.o
    0x0001f372   0x00000002   PAD
    0x0001f374   0x00000040   Code   RO          853    i.peer_instance_init  device_manager_peripheral.o
    0x0001f3b4   0x00000018   Code   RO         1529    i.pin_in_use_by_port  nrf_drv_gpiote.o
    0x0001f3cc   0x00000018   Code   RO         1530    i.pin_in_use_by_te  nrf_drv_gpiote.o
    0x0001f3e4   0x00000080   Code   RO          730    i.pnp_id_encode     ble_dis.o
    0x0001f464   0x00000028   Code   RO         1878    i.pstorage_access_status_get  pstorage.o
    0x0001f48c   0x00000058   Code   RO         1879    i.pstorage_block_identifier_get  pstorage.o
    0x0001f4e4   0x000000a8   Code   RO         1880    i.pstorage_clear    pstorage.o
    0x0001f58c   0x00000024   Code   RO         1881    i.pstorage_flash_page_end  pstorage.o
    0x0001f5b0   0x0000000a   Code   RO         1882    i.pstorage_flash_page_size  pstorage.o
    0x0001f5ba   0x00000002   PAD
    0x0001f5bc   0x0000005c   Code   RO         1883    i.pstorage_init     pstorage.o
    0x0001f618   0x000000ac   Code   RO         1884    i.pstorage_load     pstorage.o
    0x0001f6c4   0x000000bc   Code   RO         1885    i.pstorage_register  pstorage.o
    0x0001f780   0x00000094   Code   RO         1886    i.pstorage_store    pstorage.o
    0x0001f814   0x0000004c   Code   RO         1887    i.pstorage_sys_event_handler  pstorage.o
    0x0001f860   0x00000094   Code   RO         1888    i.pstorage_update   pstorage.o
    0x0001f8f4   0x00000010   Code   RO         2953    i.ram_end_address_get  softdevice_handler.o
    0x0001f904   0x00000044   Code   RO         2297    i.rtc1_stop         app_timer.o
    0x0001f948   0x00000038   Code   RO         1711    i.rx_byte           nrf_drv_uart.o
    0x0001f980   0x0000009e   Code   RO         1311    i.rx_char_add       ble_nus.o
    0x0001fa1e   0x00000002   PAD
    0x0001fa20   0x0000001c   Code   RO         1712    i.rx_done_event     nrf_drv_uart.o
    0x0001fa3c   0x0000008c   Code   RO         2954    i.sd_check_ram_start  softdevice_handler.o
    0x0001fac8   0x0000008c   Code   RO         2955    i.sd_nvic_EnableIRQ  softdevice_handler.o
    0x0001fb54   0x0000008e   Code   RO          503    i.service_data_encode  ble_advdata.o
    0x0001fbe2   0x00000002   PAD
    0x0001fbe4   0x00000084   Code   RO           20    i.service_dis_init  main.o
    0x0001fc68   0x0000009c   Code   RO           21    i.services_init     main.o
    0x0001fd04   0x0000004c   Code   RO           22    i.sleep_mode_enter  main.o
    0x0001fd50   0x00000048   Code   RO         1889    i.sm_state_change   pstorage.o
    0x0001fd98   0x00000014   Code   RO         2956    i.softdevice_ble_evt_handler_set  softdevice_handler.o
    0x0001fdac   0x00000100   Code   RO         2957    i.softdevice_enable  softdevice_handler.o
    0x0001feac   0x00000028   Code   RO         2958    i.softdevice_enable_get_default_config  softdevice_handler.o
    0x0001fed4   0x00000008   Code   RO         2959    i.softdevice_fault_handler  softdevice_handler.o
    0x0001fedc   0x00000044   Code   RO         2960    i.softdevice_handler_init  softdevice_handler.o
    0x0001ff20   0x00000014   Code   RO         2963    i.softdevice_sys_evt_handler_set  softdevice_handler.o
    0x0001ff34   0x00000064   Code   RO         1890    i.state_data_erase_swap_entry_run  pstorage.o
    0x0001ff98   0x00000010   Code   RO         1891    i.state_erase_data_page_entry_run  pstorage.o
    0x0001ffa8   0x00000028   Code   RO         1892    i.state_restore_head_entry_run  pstorage.o
    0x0001ffd0   0x0000004c   Code   RO         1893    i.state_restore_tail_entry_run  pstorage.o
    0x0002001c   0x00000020   Code   RO         1894    i.state_swap_erase_entry_run  pstorage.o
    0x0002003c   0x00000030   Code   RO         1895    i.state_write_data_swap_entry_run  pstorage.o
    0x0002006c   0x00000004   Code   RO          854    i.storage_operation_dummy_handler  device_manager_peripheral.o
    0x00020070   0x0000005c   Code   RO         1896    i.store_cmd_flash_write_execute  pstorage.o
    0x000200cc   0x0000001c   Code   RO         1897    i.swap_erase_state_run  pstorage.o
    0x000200e8   0x00000018   Code   RO         1898    i.swap_sub_state_err_busy_process  pstorage.o
    0x00020100   0x00000014   Code   RO         1899    i.swap_sub_state_state_change  pstorage.o
    0x00020114   0x00000010   Code   RO           23    i.sys_evt_dispatch  main.o
    0x00020124   0x00000098   Code   RO          731    i.sys_id_encode     ble_dis.o
    0x000201bc   0x0000001c   Code   RO         1900    i.tail_restore_state_run  pstorage.o
    0x000201d8   0x00000084   Code   RO         2298    i.timer_list_handler  app_timer.o
    0x0002025c   0x00000010   Code   RO         2299    i.timer_list_handler_sched  app_timer.o
    0x0002026c   0x00000040   Code   RO         2300    i.timer_list_insert  app_timer.o
    0x000202ac   0x000000c0   Code   RO         2301    i.timer_timeouts_check  app_timer.o
    0x0002036c   0x0000002c   Code   RO         1714    i.tx_byte           nrf_drv_uart.o
    0x00020398   0x00000080   Code   RO         1312    i.tx_char_add       ble_nus.o
    0x00020418   0x00000020   Code   RO         1715    i.tx_done_event     nrf_drv_uart.o
    0x00020438   0x0000008c   Code   RO         1084    i.tx_power_level_char_add  ble_tps.o
    0x000204c4   0x00000128   Code   RO         1716    i.uart_irq_handler  nrf_drv_uart.o
    0x000205ec   0x0000000a   Code   RO          504    i.uint16_encode     ble_advdata.o
    0x000205f6   0x00000002   PAD
    0x000205f8   0x00000014   Code   RO          855    i.update_status_bit_reset  device_manager_peripheral.o
    0x0002060c   0x00000064   Code   RO          663    i.update_timeout_handler  ble_conn_params.o
    0x00020670   0x00000054   Code   RO         2302    i.user_id_get       app_timer.o
    0x000206c4   0x00000026   Code   RO         2303    i.user_op_alloc     app_timer.o
    0x000206ea   0x00000030   Code   RO          505    i.uuid_list_encode  ble_advdata.o
    0x0002071a   0x000000ae   Code   RO          506    i.uuid_list_sized_encode  ble_advdata.o
    0x000207c8   0x00000010   Code   RO          586    i.whitelist_has_entries  ble_advertising.o
    0x000207d8   0x00000004   Data   RO           25    .constdata          main.o
    0x000207dc   0x0000003c   Data   RO          360    .constdata          bsp.o
    0x00020818   0x00000004   Data   RO          666    .constdata          ble_conn_params.o
    0x0002081c   0x00000034   Data   RO          857    .constdata          device_manager_peripheral.o
    0x00020850   0x00000010   Data   RO         1313    .constdata          ble_nus.o
    0x00020860   0x00000028   Data   RO         1902    .constdata          pstorage.o
    0x00020888   0x00000008   Data   RO         2109    .constdata          app_button.o
    0x00020890   0x00000010   Data   RO         2920    .constdata          segger_rtt_printf.o
    0x000208a0   0x0000004c   Data   RO          858    .conststring        device_manager_peripheral.o
    0x000208ec   0x00000057   Data   RO         2964    .conststring        softdevice_handler.o
    0x00020943   0x00000001   PAD
    0x00020944   0x00000020   Data   RO         3440    Region$$Table       anon$$obj.o


    Execution Region RW_IRAM1 (Base: 0x20002080, Size: 0x00002300, Max: 0x00005f80, ABSOLUTE, COMPRESSED[0x0000001c])

    Base Addr    Size         Type   Attr      Idx    E Section Name        Object

    0x20002080   0x00000014   Data   RW           26    .data               main.o
    0x20002094   0x00000018   Data   RW          361    .data               bsp.o
    0x200020ac   0x00000008   Data   RW          461    .data               bsp_btn_ble.o
    0x200020b4   0x0000001f   Data   RW          588    .data               ble_advertising.o
    0x200020d3   0x00000001   PAD
    0x200020d4   0x00000014   Data   RW          667    .data               ble_conn_params.o
    0x200020e8   0x0000004a   Data   RW          732    .data               ble_dis.o
    0x20002132   0x00000002   PAD
    0x20002134   0x00000018   Data   RW          859    .data               device_manager_peripheral.o
    0x2000214c   0x00000024   Data   RW         1903    .data               pstorage.o
    0x20002170   0x00000014   Data   RW         2110    .data               app_button.o
    0x20002184   0x00000020   Data   RW         2304    .data               app_timer.o
    0x200021a4   0x00000004   Data   RW         2621    .data               nrf_log.o
    0x200021a8   0x0000001c   Data   RW         2965    .data               softdevice_handler.o
    0x200021c4   0x00000004   Data   RW         3062    .data               system_nrf51.o
    0x200021c8   0x00000248   Zero   RW           24    .bss                main.o
    0x20002410   0x00000020   Zero   RW          356    .bss                bsp.o
    0x20002430   0x00000020   Zero   RW          357    .bss                bsp.o
    0x20002450   0x0000000c   Zero   RW          358    .bss                bsp.o
    0x2000245c   0x00000020   Zero   RW          359    .bss                bsp.o
    0x2000247c   0x00000103   Zero   RW          587    .bss                ble_advertising.o
    0x2000257f   0x00000001   PAD
    0x20002580   0x00000020   Zero   RW          664    .bss                ble_conn_params.o
    0x200025a0   0x0000001c   Zero   RW          665    .bss                ble_conn_params.o
    0x200025bc   0x0000014f   Zero   RW          856    .bss                device_manager_peripheral.o
    0x2000270b   0x00000001   PAD
    0x2000270c   0x00000048   Zero   RW         1531    .bss                nrf_drv_gpiote.o
    0x20002754   0x0000001c   Zero   RW         1717    .bss                nrf_drv_uart.o
    0x20002770   0x00000274   Zero   RW         1901    .bss                pstorage.o
    0x200029e4   0x00000020   Zero   RW         2108    .bss                app_button.o
    0x20002a04   0x00000020   Zero   RW         2163    .bss                app_error.o
    0x20002a24   0x00000058   Zero   RW         2490    .bss                fstorage.o
    0x20002a7c   0x0000041b   Zero   RW         2620    .bss                nrf_log.o
    0x20002e97   0x00000001   PAD
    0x20002e98   0x00000488   Zero   RW         2799    .bss                segger_rtt.o
    0x20003320   0x00000060   Zero   RW         3378    .bss                c_p.l(libspace.o)
    0x20003380   0x00000800   Zero   RW         3051    HEAP                arm_startup_nrf51.o
    0x20003b80   0x00000800   Zero   RW         3050    STACK               arm_startup_nrf51.o


==============================================================================

Image component sizes


      Code (inc. data)   RO Data    RW Data    ZI Data      Debug   Object Name

       328         34          8         20         32       8518   app_button.o
       128         16          0          0         32       3762   app_error.o
        26          0          0          0          0        686   app_error_weak.o
      1760        208          0         32          0      29395   app_timer.o
        84         36        192          0       4096        724   arm_startup_nrf51.o
      1588          6          0          0          0      19452   ble_advdata.o
      1098         44          0         31        259       9473   ble_advertising.o
       460         58          4         20         60      12960   ble_conn_params.o
       824        212          0         74          0       5083   ble_dis.o
       236         10          0          0          0       3140   ble_ias.o
       562         12         16          0          0       5306   ble_nus.o
        18          0          0          0          0       1300   ble_srv_common.o
       196         12          0          0          0       2804   ble_tps.o
      1114        118         60         24        108      13369   bsp.o
       284         10          0          8          0       4325   bsp_btn_ble.o
      2804        228        128         24        335      30765   device_manager_peripheral.o
        24          6          0          0         88       3552   fstorage.o
      2312        684          4         20        584     108639   main.o
        58          4          0          0          0       1615   nrf_delay.o
        96         18          0          0          0       8504   nrf_drv_common.o
      1036        126          0          0         72      21512   nrf_drv_gpiote.o
       490         58          0          0         28      13557   nrf_drv_uart.o
       112         30          0          4       1051       4257   nrf_log.o
      2870        272         40         36        628      36530   pstorage.o
         2          0          0          0          0        500   rtt_syscalls_keil.o
       590         56          0          0       1160      10979   segger_rtt.o
       906          6         16          0          0       6453   segger_rtt_printf.o
       884        324         87         28          0      19661   softdevice_handler.o
       232         36          0          4          0       2135   system_nrf51.o

    ----------------------------------------------------------------------
     21148       2624        588        328       8536     388956   Object Totals
         0          0         32          0          0          0   (incl. Generated)
        26          0          1          3          3          0   (incl. Padding)

    ----------------------------------------------------------------------

      Code (inc. data)   RO Data    RW Data    ZI Data      Debug   Library Member Name

        86          0          0          0          0          0   __dczerorl2.o
         8          0          0          0          0         68   __main.o
         0          0          0          0          0          0   __rtentry.o
        12          0          0          0          0          0   __rtentry2.o
         6          0          0          0          0          0   __rtentry4.o
        60          8          0          0          0          0   __scatter.o
        28          0          0          0          0          0   __scatter_zi.o
       346          0          0          0          0         92   aeabi_sdiv.o
        16          0          0          0          0         68   exit.o
         6          0          0          0          0        136   heapauxi.o
         2          0          0          0          0          0   libinit.o
         2          0          0          0          0          0   libinit2.o
         2          0          0          0          0          0   libshutdown.o
         2          0          0          0          0          0   libshutdown2.o
         8          4          0          0         96         68   libspace.o
        90          0          0          0          0         68   memcmp.o
        64          0          0          0          0        108   rt_memclr.o
       186          0          0          0          0        144   rt_memcpy.o
         2          0          0          0          0          0   rtexit.o
        10          0          0          0          0          0   rtexit2.o
        76          6          0          0          0         72   strcpy.o
        68          6          0          0          0         72   strlen.o
        62          0          0          0          0         80   sys_stackheap_outer.o

    ----------------------------------------------------------------------
      1148         24          0          0         96        976   Library Totals
         6          0          0          0          0          0   (incl. Padding)

    ----------------------------------------------------------------------

      Code (inc. data)   RO Data    RW Data    ZI Data      Debug   Library Name

      1142         24          0          0         96        976   c_p.l

    ----------------------------------------------------------------------
      1148         24          0          0         96        976   Library Totals

    ----------------------------------------------------------------------

==============================================================================


      Code (inc. data)   RO Data    RW Data    ZI Data      Debug   

     22296       2648        588        328       8632     379876   Grand Totals
     22296       2648        588         28       8632     379876   ELF Image Totals (compressed)
     22296       2648        588         28          0          0   ROM Totals

==============================================================================

    Total RO  Size (Code + RO Data)                22884 (  22.35kB)
    Total RW  Size (RW Data + ZI Data)              8960 (   8.75kB)
    Total ROM Size (Code + RO Data + RW Data)      22912 (  22.38kB)

==============================================================================

